01/13/2020 17:03:54 (887369-3699924480 virtuoso): Initialization started (12.04-s027)...
01/13/2020 17:03:54 (887369-3699924480): FLEXnet version 11.11.1.1 build 119913
01/13/2020 17:03:54 (887369-3699924480): Process ID 14682
01/13/2020 17:03:54 (887369-3699924480): Using command line option -display for DISPLAY ((null))
01/13/2020 17:03:54 (887369-3699924480): Creating a new job ...
01/13/2020 17:03:54 (887369-3699924480): Validating server path: 5821@tera.eng.hmc.edu:2222@theforce.eng.hmc.edu
01/13/2020 17:03:54 (887369-3699924480): Server path validation status: 0
01/13/2020 17:03:54 (887369-3699924480):   Configuration of license path is '5821@tera.eng.hmc.edu:2222@theforce.eng.hmc.edu'.
01/13/2020 17:03:54 (887369-3699924480):   Configuration of recheck interval minimum is 290.
01/13/2020 17:03:54 (887369-3699924480):   Configuration of 2000000000 maximum retry calls.
01/13/2020 17:03:54 (887369-3699924480):   Configuration of sleep time value of 0.
01/13/2020 17:03:54 (887369-3699924480):   Configuration of display specification is 'unix:0'.
01/13/2020 17:03:54 (887369-3699924480):   Licenses will be checked out using jschallert@Tera.Eng.HMC.Edu(unix:0).
01/13/2020 17:03:54 (887369-3699924480):   (System spec would have been jschallert@Tera.Eng.HMC.Edu(/dev/pts/4) )
01/13/2020 17:03:54 (887369-3699924480): Job creation completed with status 0 (time 0).
01/13/2020 17:03:54 (887369-3699924480): Creating a new job ...
01/13/2020 17:03:54 (887369-3699924480):   Configuration of license path is '5821@tera.eng.hmc.edu:2222@theforce.eng.hmc.edu'.
01/13/2020 17:03:54 (887369-3699924480):   Configuration of recheck interval minimum is 290.
01/13/2020 17:03:54 (887369-3699924480):   Configuration of 2000000000 maximum retry calls.
01/13/2020 17:03:54 (887369-3699924480):   Configuration of sleep time value of 0.
01/13/2020 17:03:54 (887369-3699924480):   Configuration of display specification is 'unix:0'.
01/13/2020 17:03:54 (887369-3699924480):   Licenses will be checked out using jschallert@Tera.Eng.HMC.Edu(unix:0).
01/13/2020 17:03:54 (887369-3699924480):   (System spec would have been jschallert@Tera.Eng.HMC.Edu(/dev/pts/4) )
01/13/2020 17:03:54 (887369-3699924480): Job creation completed with status 0 (time 0).
01/13/2020 17:03:54 (887369-3699924480): Creating a new job ...
01/13/2020 17:03:54 (887369-3699924480):   Configuration of license path is '5821@tera.eng.hmc.edu:2222@theforce.eng.hmc.edu'.
01/13/2020 17:03:54 (887369-3699924480):   Configuration of recheck interval minimum is 290.
01/13/2020 17:03:54 (887369-3699924480):   Configuration of 2000000000 maximum retry calls.
01/13/2020 17:03:54 (887369-3699924480):   Configuration of sleep time value of 0.
01/13/2020 17:03:54 (887369-3699924480):   Configuration of display specification is 'unix:0'.
01/13/2020 17:03:54 (887369-3699924480):   Licenses will be checked out using jschallert@Tera.Eng.HMC.Edu(unix:0).
01/13/2020 17:03:54 (887369-3699924480):   (System spec would have been jschallert@Tera.Eng.HMC.Edu(/dev/pts/4) )
01/13/2020 17:03:54 (887369-3699924480): Job creation completed with status 0 (time 0).
01/13/2020 17:03:54 (887369-3699924480): Creating a new job ...
01/13/2020 17:03:54 (887369-3699924480):   Configuration of license path is '5821@tera.eng.hmc.edu:2222@theforce.eng.hmc.edu'.
01/13/2020 17:03:54 (887369-3699924480):   Configuration of recheck interval minimum is 290.
01/13/2020 17:03:54 (887369-3699924480):   Configuration of 2000000000 maximum retry calls.
01/13/2020 17:03:54 (887369-3699924480):   Configuration of sleep time value of 0.
01/13/2020 17:03:54 (887369-3699924480):   Configuration of display specification is 'unix:0'.
01/13/2020 17:03:54 (887369-3699924480):   Licenses will be checked out using jschallert@Tera.Eng.HMC.Edu(unix:0).
01/13/2020 17:03:54 (887369-3699924480):   (System spec would have been jschallert@Tera.Eng.HMC.Edu(/dev/pts/4) )
01/13/2020 17:03:54 (887369-3699924480): Job creation completed with status 0 (time 0).
01/13/2020 17:03:54 (887369-3699924480): Creating a new job ...
01/13/2020 17:03:54 (887369-3699924480):   Configuration of license path is '5821@tera.eng.hmc.edu:2222@theforce.eng.hmc.edu'.
01/13/2020 17:03:54 (887369-3699924480):   Configuration of recheck interval minimum is 290.
01/13/2020 17:03:54 (887369-3699924480):   Configuration of 2000000000 maximum retry calls.
01/13/2020 17:03:54 (887369-3699924480):   Configuration of sleep time value of 0.
01/13/2020 17:03:54 (887369-3699924480):   Configuration of display specification is 'unix:0'.
01/13/2020 17:03:54 (887369-3699924480):   Licenses will be checked out using jschallert@Tera.Eng.HMC.Edu(unix:0).
01/13/2020 17:03:54 (887369-3699924480):   (System spec would have been jschallert@Tera.Eng.HMC.Edu(/dev/pts/4) )
01/13/2020 17:03:54 (887369-3699924480): Job creation completed with status 0 (time 0).
01/13/2020 17:03:54 (887369-3699924480): Initialization completed with status 0 (time 0).
01/13/2020 17:03:54 (887369-3699924480): Exit started ....
01/13/2020 17:03:54 (887369-3699924480): Exit completed with status 0 (time 0).
01/13/2020 17:05:07 (395543-2737884672 virtuoso): Initialization started (12.04-s027)...
01/13/2020 17:05:07 (395543-2737884672): FLEXnet version 11.11.1.1 build 119913
01/13/2020 17:05:07 (395543-2737884672): Process ID 14878
01/13/2020 17:05:07 (395543-2737884672): Using command line option -display for DISPLAY ((null))
01/13/2020 17:05:07 (395543-2737884672): Creating a new job ...
01/13/2020 17:05:07 (395543-2737884672): Validating server path: 5821@tera.eng.hmc.edu:2222@theforce.eng.hmc.edu
01/13/2020 17:05:07 (395543-2737884672): Server path validation status: 0
01/13/2020 17:05:07 (395543-2737884672):   Configuration of license path is '5821@tera.eng.hmc.edu:2222@theforce.eng.hmc.edu'.
01/13/2020 17:05:07 (395543-2737884672):   Configuration of recheck interval minimum is 290.
01/13/2020 17:05:07 (395543-2737884672):   Configuration of 2000000000 maximum retry calls.
01/13/2020 17:05:07 (395543-2737884672):   Configuration of sleep time value of 0.
01/13/2020 17:05:07 (395543-2737884672):   Configuration of display specification is 'unix:0'.
01/13/2020 17:05:07 (395543-2737884672):   Licenses will be checked out using jschallert@Tera.Eng.HMC.Edu(unix:0).
01/13/2020 17:05:07 (395543-2737884672):   (System spec would have been jschallert@Tera.Eng.HMC.Edu(/dev/pts/4) )
01/13/2020 17:05:07 (395543-2737884672): Job creation completed with status 0 (time 0).
01/13/2020 17:05:07 (395543-2737884672): Creating a new job ...
01/13/2020 17:05:07 (395543-2737884672):   Configuration of license path is '5821@tera.eng.hmc.edu:2222@theforce.eng.hmc.edu'.
01/13/2020 17:05:07 (395543-2737884672):   Configuration of recheck interval minimum is 290.
01/13/2020 17:05:07 (395543-2737884672):   Configuration of 2000000000 maximum retry calls.
01/13/2020 17:05:07 (395543-2737884672):   Configuration of sleep time value of 0.
01/13/2020 17:05:07 (395543-2737884672):   Configuration of display specification is 'unix:0'.
01/13/2020 17:05:07 (395543-2737884672):   Licenses will be checked out using jschallert@Tera.Eng.HMC.Edu(unix:0).
01/13/2020 17:05:07 (395543-2737884672):   (System spec would have been jschallert@Tera.Eng.HMC.Edu(/dev/pts/4) )
01/13/2020 17:05:07 (395543-2737884672): Job creation completed with status 0 (time 0).
01/13/2020 17:05:07 (395543-2737884672): Creating a new job ...
01/13/2020 17:05:07 (395543-2737884672):   Configuration of license path is '5821@tera.eng.hmc.edu:2222@theforce.eng.hmc.edu'.
01/13/2020 17:05:07 (395543-2737884672):   Configuration of recheck interval minimum is 290.
01/13/2020 17:05:07 (395543-2737884672):   Configuration of 2000000000 maximum retry calls.
01/13/2020 17:05:07 (395543-2737884672):   Configuration of sleep time value of 0.
01/13/2020 17:05:07 (395543-2737884672):   Configuration of display specification is 'unix:0'.
01/13/2020 17:05:07 (395543-2737884672):   Licenses will be checked out using jschallert@Tera.Eng.HMC.Edu(unix:0).
01/13/2020 17:05:07 (395543-2737884672):   (System spec would have been jschallert@Tera.Eng.HMC.Edu(/dev/pts/4) )
01/13/2020 17:05:07 (395543-2737884672): Job creation completed with status 0 (time 0).
01/13/2020 17:05:07 (395543-2737884672): Creating a new job ...
01/13/2020 17:05:07 (395543-2737884672):   Configuration of license path is '5821@tera.eng.hmc.edu:2222@theforce.eng.hmc.edu'.
01/13/2020 17:05:07 (395543-2737884672):   Configuration of recheck interval minimum is 290.
01/13/2020 17:05:07 (395543-2737884672):   Configuration of 2000000000 maximum retry calls.
01/13/2020 17:05:07 (395543-2737884672):   Configuration of sleep time value of 0.
01/13/2020 17:05:07 (395543-2737884672):   Configuration of display specification is 'unix:0'.
01/13/2020 17:05:07 (395543-2737884672):   Licenses will be checked out using jschallert@Tera.Eng.HMC.Edu(unix:0).
01/13/2020 17:05:07 (395543-2737884672):   (System spec would have been jschallert@Tera.Eng.HMC.Edu(/dev/pts/4) )
01/13/2020 17:05:07 (395543-2737884672): Job creation completed with status 0 (time 0).
01/13/2020 17:05:07 (395543-2737884672): Creating a new job ...
01/13/2020 17:05:07 (395543-2737884672):   Configuration of license path is '5821@tera.eng.hmc.edu:2222@theforce.eng.hmc.edu'.
01/13/2020 17:05:07 (395543-2737884672):   Configuration of recheck interval minimum is 290.
01/13/2020 17:05:07 (395543-2737884672):   Configuration of 2000000000 maximum retry calls.
01/13/2020 17:05:07 (395543-2737884672):   Configuration of sleep time value of 0.
01/13/2020 17:05:07 (395543-2737884672):   Configuration of display specification is 'unix:0'.
01/13/2020 17:05:07 (395543-2737884672):   Licenses will be checked out using jschallert@Tera.Eng.HMC.Edu(unix:0).
01/13/2020 17:05:07 (395543-2737884672):   (System spec would have been jschallert@Tera.Eng.HMC.Edu(/dev/pts/4) )
01/13/2020 17:05:07 (395543-2737884672): Job creation completed with status 0 (time 0).
01/13/2020 17:05:07 (395543-2737884672): Initialization completed with status 0 (time 0).
01/13/2020 17:05:08 (395543-2737884672): Exit started ....
01/13/2020 17:05:08 (395543-2737884672): Exit completed with status 0 (time 0).
01/13/2020 17:06:03 (68857-756166144 virtuoso): Initialization started (12.04-s027)...
01/13/2020 17:06:03 (68857-756166144): FLEXnet version 11.11.1.1 build 119913
01/13/2020 17:06:03 (68857-756166144): Process ID 15060
01/13/2020 17:06:03 (68857-756166144): Using command line option -display for DISPLAY ((null))
01/13/2020 17:06:03 (68857-756166144): Creating a new job ...
01/13/2020 17:06:03 (68857-756166144): Validating server path: 5821@tera.eng.hmc.edu:2222@theforce.eng.hmc.edu
01/13/2020 17:06:03 (68857-756166144): Server path validation status: 0
01/13/2020 17:06:03 (68857-756166144):   Configuration of license path is '5821@tera.eng.hmc.edu:2222@theforce.eng.hmc.edu'.
01/13/2020 17:06:03 (68857-756166144):   Configuration of recheck interval minimum is 290.
01/13/2020 17:06:03 (68857-756166144):   Configuration of 2000000000 maximum retry calls.
01/13/2020 17:06:03 (68857-756166144):   Configuration of sleep time value of 0.
01/13/2020 17:06:03 (68857-756166144):   Configuration of display specification is 'unix:0'.
01/13/2020 17:06:03 (68857-756166144):   Licenses will be checked out using jschallert@Tera.Eng.HMC.Edu(unix:0).
01/13/2020 17:06:03 (68857-756166144):   (System spec would have been jschallert@Tera.Eng.HMC.Edu(/dev/pts/4) )
01/13/2020 17:06:03 (68857-756166144): Job creation completed with status 0 (time 0).
01/13/2020 17:06:03 (68857-756166144): Creating a new job ...
01/13/2020 17:06:03 (68857-756166144):   Configuration of license path is '5821@tera.eng.hmc.edu:2222@theforce.eng.hmc.edu'.
01/13/2020 17:06:03 (68857-756166144):   Configuration of recheck interval minimum is 290.
01/13/2020 17:06:03 (68857-756166144):   Configuration of 2000000000 maximum retry calls.
01/13/2020 17:06:03 (68857-756166144):   Configuration of sleep time value of 0.
01/13/2020 17:06:03 (68857-756166144):   Configuration of display specification is 'unix:0'.
01/13/2020 17:06:03 (68857-756166144):   Licenses will be checked out using jschallert@Tera.Eng.HMC.Edu(unix:0).
01/13/2020 17:06:03 (68857-756166144):   (System spec would have been jschallert@Tera.Eng.HMC.Edu(/dev/pts/4) )
01/13/2020 17:06:03 (68857-756166144): Job creation completed with status 0 (time 0).
01/13/2020 17:06:03 (68857-756166144): Creating a new job ...
01/13/2020 17:06:03 (68857-756166144):   Configuration of license path is '5821@tera.eng.hmc.edu:2222@theforce.eng.hmc.edu'.
01/13/2020 17:06:03 (68857-756166144):   Configuration of recheck interval minimum is 290.
01/13/2020 17:06:03 (68857-756166144):   Configuration of 2000000000 maximum retry calls.
01/13/2020 17:06:03 (68857-756166144):   Configuration of sleep time value of 0.
01/13/2020 17:06:03 (68857-756166144):   Configuration of display specification is 'unix:0'.
01/13/2020 17:06:03 (68857-756166144):   Licenses will be checked out using jschallert@Tera.Eng.HMC.Edu(unix:0).
01/13/2020 17:06:03 (68857-756166144):   (System spec would have been jschallert@Tera.Eng.HMC.Edu(/dev/pts/4) )
01/13/2020 17:06:03 (68857-756166144): Job creation completed with status 0 (time 0).
01/13/2020 17:06:03 (68857-756166144): Creating a new job ...
01/13/2020 17:06:03 (68857-756166144):   Configuration of license path is '5821@tera.eng.hmc.edu:2222@theforce.eng.hmc.edu'.
01/13/2020 17:06:03 (68857-756166144):   Configuration of recheck interval minimum is 290.
01/13/2020 17:06:03 (68857-756166144):   Configuration of 2000000000 maximum retry calls.
01/13/2020 17:06:03 (68857-756166144):   Configuration of sleep time value of 0.
01/13/2020 17:06:03 (68857-756166144):   Configuration of display specification is 'unix:0'.
01/13/2020 17:06:03 (68857-756166144):   Licenses will be checked out using jschallert@Tera.Eng.HMC.Edu(unix:0).
01/13/2020 17:06:03 (68857-756166144):   (System spec would have been jschallert@Tera.Eng.HMC.Edu(/dev/pts/4) )
01/13/2020 17:06:03 (68857-756166144): Job creation completed with status 0 (time 0).
01/13/2020 17:06:03 (68857-756166144): Creating a new job ...
01/13/2020 17:06:03 (68857-756166144):   Configuration of license path is '5821@tera.eng.hmc.edu:2222@theforce.eng.hmc.edu'.
01/13/2020 17:06:03 (68857-756166144):   Configuration of recheck interval minimum is 290.
01/13/2020 17:06:03 (68857-756166144):   Configuration of 2000000000 maximum retry calls.
01/13/2020 17:06:03 (68857-756166144):   Configuration of sleep time value of 0.
01/13/2020 17:06:03 (68857-756166144):   Configuration of display specification is 'unix:0'.
01/13/2020 17:06:03 (68857-756166144):   Licenses will be checked out using jschallert@Tera.Eng.HMC.Edu(unix:0).
01/13/2020 17:06:03 (68857-756166144):   (System spec would have been jschallert@Tera.Eng.HMC.Edu(/dev/pts/4) )
01/13/2020 17:06:03 (68857-756166144): Job creation completed with status 0 (time 0).
01/13/2020 17:06:03 (68857-756166144): Initialization completed with status 0 (time 0).
01/13/2020 17:06:03 (68857-756166144): Exit started ....
01/13/2020 17:06:03 (68857-756166144): Exit completed with status 0 (time 0).
01/13/2020 17:10:11 (963589-2951757312 virtuoso): Initialization started (12.04-s027)...
01/13/2020 17:10:11 (963589-2951757312): FLEXnet version 11.11.1.1 build 119913
01/13/2020 17:10:11 (963589-2951757312): Process ID 15572
01/13/2020 17:10:11 (963589-2951757312): Using command line option -display for DISPLAY ((null))
01/13/2020 17:10:11 (963589-2951757312): Creating a new job ...
01/13/2020 17:10:12 (963589-2951757312): Validating server path: 5821@tera.eng.hmc.edu:2222@theforce.eng.hmc.edu
01/13/2020 17:10:12 (963589-2951757312): Server path validation status: 0
01/13/2020 17:10:12 (963589-2951757312):   Configuration of license path is '5821@tera.eng.hmc.edu:2222@theforce.eng.hmc.edu'.
01/13/2020 17:10:12 (963589-2951757312):   Configuration of recheck interval minimum is 290.
01/13/2020 17:10:12 (963589-2951757312):   Configuration of 2000000000 maximum retry calls.
01/13/2020 17:10:12 (963589-2951757312):   Configuration of sleep time value of 0.
01/13/2020 17:10:12 (963589-2951757312):   Configuration of display specification is 'unix:0'.
01/13/2020 17:10:12 (963589-2951757312):   Licenses will be checked out using jschallert@Tera.Eng.HMC.Edu(unix:0).
01/13/2020 17:10:12 (963589-2951757312):   (System spec would have been jschallert@Tera.Eng.HMC.Edu(/dev/pts/4) )
01/13/2020 17:10:12 (963589-2951757312): Job creation completed with status 0 (time 1).
01/13/2020 17:10:12 (963589-2951757312): Creating a new job ...
01/13/2020 17:10:12 (963589-2951757312):   Configuration of license path is '5821@tera.eng.hmc.edu:2222@theforce.eng.hmc.edu'.
01/13/2020 17:10:12 (963589-2951757312):   Configuration of recheck interval minimum is 290.
01/13/2020 17:10:12 (963589-2951757312):   Configuration of 2000000000 maximum retry calls.
01/13/2020 17:10:12 (963589-2951757312):   Configuration of sleep time value of 0.
01/13/2020 17:10:12 (963589-2951757312):   Configuration of display specification is 'unix:0'.
01/13/2020 17:10:12 (963589-2951757312):   Licenses will be checked out using jschallert@Tera.Eng.HMC.Edu(unix:0).
01/13/2020 17:10:12 (963589-2951757312):   (System spec would have been jschallert@Tera.Eng.HMC.Edu(/dev/pts/4) )
01/13/2020 17:10:12 (963589-2951757312): Job creation completed with status 0 (time 0).
01/13/2020 17:10:12 (963589-2951757312): Creating a new job ...
01/13/2020 17:10:12 (963589-2951757312):   Configuration of license path is '5821@tera.eng.hmc.edu:2222@theforce.eng.hmc.edu'.
01/13/2020 17:10:12 (963589-2951757312):   Configuration of recheck interval minimum is 290.
01/13/2020 17:10:12 (963589-2951757312):   Configuration of 2000000000 maximum retry calls.
01/13/2020 17:10:12 (963589-2951757312):   Configuration of sleep time value of 0.
01/13/2020 17:10:12 (963589-2951757312):   Configuration of display specification is 'unix:0'.
01/13/2020 17:10:12 (963589-2951757312):   Licenses will be checked out using jschallert@Tera.Eng.HMC.Edu(unix:0).
01/13/2020 17:10:12 (963589-2951757312):   (System spec would have been jschallert@Tera.Eng.HMC.Edu(/dev/pts/4) )
01/13/2020 17:10:12 (963589-2951757312): Job creation completed with status 0 (time 0).
01/13/2020 17:10:12 (963589-2951757312): Creating a new job ...
01/13/2020 17:10:12 (963589-2951757312):   Configuration of license path is '5821@tera.eng.hmc.edu:2222@theforce.eng.hmc.edu'.
01/13/2020 17:10:12 (963589-2951757312):   Configuration of recheck interval minimum is 290.
01/13/2020 17:10:12 (963589-2951757312):   Configuration of 2000000000 maximum retry calls.
01/13/2020 17:10:12 (963589-2951757312):   Configuration of sleep time value of 0.
01/13/2020 17:10:12 (963589-2951757312):   Configuration of display specification is 'unix:0'.
01/13/2020 17:10:12 (963589-2951757312):   Licenses will be checked out using jschallert@Tera.Eng.HMC.Edu(unix:0).
01/13/2020 17:10:12 (963589-2951757312):   (System spec would have been jschallert@Tera.Eng.HMC.Edu(/dev/pts/4) )
01/13/2020 17:10:12 (963589-2951757312): Job creation completed with status 0 (time 0).
01/13/2020 17:10:12 (963589-2951757312): Creating a new job ...
01/13/2020 17:10:12 (963589-2951757312):   Configuration of license path is '5821@tera.eng.hmc.edu:2222@theforce.eng.hmc.edu'.
01/13/2020 17:10:12 (963589-2951757312):   Configuration of recheck interval minimum is 290.
01/13/2020 17:10:12 (963589-2951757312):   Configuration of 2000000000 maximum retry calls.
01/13/2020 17:10:12 (963589-2951757312):   Configuration of sleep time value of 0.
01/13/2020 17:10:12 (963589-2951757312):   Configuration of display specification is 'unix:0'.
01/13/2020 17:10:12 (963589-2951757312):   Licenses will be checked out using jschallert@Tera.Eng.HMC.Edu(unix:0).
01/13/2020 17:10:12 (963589-2951757312):   (System spec would have been jschallert@Tera.Eng.HMC.Edu(/dev/pts/4) )
01/13/2020 17:10:12 (963589-2951757312): Job creation completed with status 0 (time 0).
01/13/2020 17:10:12 (963589-2951757312): Initialization completed with status 0 (time 1).
01/13/2020 17:10:12 (963589-2951757312): Exit started ....
01/13/2020 17:10:12 (963589-2951757312): Exit completed with status 0 (time 0).
01/13/2020 17:12:50 (98126-4040433152 virtuoso): Initialization started (12.04-s027)...
01/13/2020 17:12:50 (98126-4040433152): FLEXnet version 11.11.1.1 build 119913
01/13/2020 17:12:50 (98126-4040433152): Process ID 15939
01/13/2020 17:12:50 (98126-4040433152): Using command line option -display for DISPLAY ((null))
01/13/2020 17:12:50 (98126-4040433152): Creating a new job ...
01/13/2020 17:12:50 (98126-4040433152): Validating server path: 5821@tera.eng.hmc.edu:2222@theforce.eng.hmc.edu
01/13/2020 17:12:50 (98126-4040433152): Server path validation status: 0
01/13/2020 17:12:50 (98126-4040433152):   Configuration of license path is '5821@tera.eng.hmc.edu:2222@theforce.eng.hmc.edu'.
01/13/2020 17:12:50 (98126-4040433152):   Configuration of recheck interval minimum is 290.
01/13/2020 17:12:50 (98126-4040433152):   Configuration of 2000000000 maximum retry calls.
01/13/2020 17:12:50 (98126-4040433152):   Configuration of sleep time value of 0.
01/13/2020 17:12:50 (98126-4040433152):   Configuration of display specification is 'localhost:12.0'.
01/13/2020 17:12:50 (98126-4040433152):   Licenses will be checked out using jschallert@Tera.Eng.HMC.Edu(localhost:12.0).
01/13/2020 17:12:50 (98126-4040433152):   (System spec would have been jschallert@Tera.Eng.HMC.Edu(/dev/pts/5) )
01/13/2020 17:12:50 (98126-4040433152): Job creation completed with status 0 (time 0).
01/13/2020 17:12:50 (98126-4040433152): Creating a new job ...
01/13/2020 17:12:50 (98126-4040433152):   Configuration of license path is '5821@tera.eng.hmc.edu:2222@theforce.eng.hmc.edu'.
01/13/2020 17:12:50 (98126-4040433152):   Configuration of recheck interval minimum is 290.
01/13/2020 17:12:50 (98126-4040433152):   Configuration of 2000000000 maximum retry calls.
01/13/2020 17:12:50 (98126-4040433152):   Configuration of sleep time value of 0.
01/13/2020 17:12:50 (98126-4040433152):   Configuration of display specification is 'localhost:12.0'.
01/13/2020 17:12:50 (98126-4040433152):   Licenses will be checked out using jschallert@Tera.Eng.HMC.Edu(localhost:12.0).
01/13/2020 17:12:50 (98126-4040433152):   (System spec would have been jschallert@Tera.Eng.HMC.Edu(/dev/pts/5) )
01/13/2020 17:12:50 (98126-4040433152): Job creation completed with status 0 (time 0).
01/13/2020 17:12:50 (98126-4040433152): Creating a new job ...
01/13/2020 17:12:50 (98126-4040433152):   Configuration of license path is '5821@tera.eng.hmc.edu:2222@theforce.eng.hmc.edu'.
01/13/2020 17:12:50 (98126-4040433152):   Configuration of recheck interval minimum is 290.
01/13/2020 17:12:50 (98126-4040433152):   Configuration of 2000000000 maximum retry calls.
01/13/2020 17:12:50 (98126-4040433152):   Configuration of sleep time value of 0.
01/13/2020 17:12:50 (98126-4040433152):   Configuration of display specification is 'localhost:12.0'.
01/13/2020 17:12:50 (98126-4040433152):   Licenses will be checked out using jschallert@Tera.Eng.HMC.Edu(localhost:12.0).
01/13/2020 17:12:50 (98126-4040433152):   (System spec would have been jschallert@Tera.Eng.HMC.Edu(/dev/pts/5) )
01/13/2020 17:12:50 (98126-4040433152): Job creation completed with status 0 (time 0).
01/13/2020 17:12:50 (98126-4040433152): Creating a new job ...
01/13/2020 17:12:50 (98126-4040433152):   Configuration of license path is '5821@tera.eng.hmc.edu:2222@theforce.eng.hmc.edu'.
01/13/2020 17:12:50 (98126-4040433152):   Configuration of recheck interval minimum is 290.
01/13/2020 17:12:50 (98126-4040433152):   Configuration of 2000000000 maximum retry calls.
01/13/2020 17:12:50 (98126-4040433152):   Configuration of sleep time value of 0.
01/13/2020 17:12:50 (98126-4040433152):   Configuration of display specification is 'localhost:12.0'.
01/13/2020 17:12:50 (98126-4040433152):   Licenses will be checked out using jschallert@Tera.Eng.HMC.Edu(localhost:12.0).
01/13/2020 17:12:50 (98126-4040433152):   (System spec would have been jschallert@Tera.Eng.HMC.Edu(/dev/pts/5) )
01/13/2020 17:12:50 (98126-4040433152): Job creation completed with status 0 (time 0).
01/13/2020 17:12:50 (98126-4040433152): Creating a new job ...
01/13/2020 17:12:50 (98126-4040433152):   Configuration of license path is '5821@tera.eng.hmc.edu:2222@theforce.eng.hmc.edu'.
01/13/2020 17:12:50 (98126-4040433152):   Configuration of recheck interval minimum is 290.
01/13/2020 17:12:50 (98126-4040433152):   Configuration of 2000000000 maximum retry calls.
01/13/2020 17:12:50 (98126-4040433152):   Configuration of sleep time value of 0.
01/13/2020 17:12:50 (98126-4040433152):   Configuration of display specification is 'localhost:12.0'.
01/13/2020 17:12:50 (98126-4040433152):   Licenses will be checked out using jschallert@Tera.Eng.HMC.Edu(localhost:12.0).
01/13/2020 17:12:50 (98126-4040433152):   (System spec would have been jschallert@Tera.Eng.HMC.Edu(/dev/pts/5) )
01/13/2020 17:12:50 (98126-4040433152): Job creation completed with status 0 (time 0).
01/13/2020 17:12:50 (98126-4040433152): Initialization completed with status 0 (time 0).
01/13/2020 17:13:01 (98126-4040433152): FeatureStatus started ....
01/13/2020 17:13:01 (98126-4040433152): FeatureStatus of 111 completed with status 1 (time 0).
01/13/2020 17:13:01 (98126-4040433152): Check-out started ....
01/13/2020 17:13:01 (98126-4040433152): Checking out 1 license(s) for 111 6.180...
01/13/2020 17:13:01 (98126-4040433152):   (Checked out from file '5821@tera.eng.hmc.edu',
             line '6.18 15-dec-2020 380 8E9FA632C0C863958018 ')
01/13/2020 17:13:01 (98126-4040433152): Check-out completed with status 0 (time 0).
01/13/2020 17:13:10 (98126-4040433152): FeatureStatus started ....
01/13/2020 17:13:10 (98126-4040433152): FeatureStatus of CICNG_812 completed with status 1 (time 0).
01/13/2020 17:13:10 (98126-4040433152): FeatureStatus started ....
01/13/2020 17:13:10 (98126-4040433152): FeatureStatus of debug completed with status 1 (time 0).
01/13/2020 17:13:10 (98126-4040433152): FeatureStatus started ....
01/13/2020 17:13:10 (98126-4040433152): FeatureStatus of debug completed with status 1 (time 0).
01/13/2020 17:13:10 (98126-4040433152): FeatureStatus started ....
01/13/2020 17:13:10 (98126-4040433152): FeatureStatus of debug completed with status 1 (time 0).
01/13/2020 17:13:10 (98126-4040433152): FeatureStatus started ....
01/13/2020 17:13:10 (98126-4040433152): FeatureStatus of debug completed with status 1 (time 0).
01/13/2020 17:13:10 (98126-4040433152): FeatureStatus started ....
01/13/2020 17:13:10 (98126-4040433152): FeatureStatus of skillDev completed with status 1 (time 0).
01/13/2020 17:13:10 (98126-4040433152): FeatureStatus started ....
01/13/2020 17:13:10 (98126-4040433152): FeatureStatus of debug completed with status 1 (time 0).
01/13/2020 17:13:10 (98126-4040433152): FeatureStatus started ....
01/13/2020 17:13:10 (98126-4040433152): FeatureStatus of debug completed with status 1 (time 0).
01/13/2020 17:13:10 (98126-4040433152): FeatureStatus started ....
01/13/2020 17:13:10 (98126-4040433152): FeatureStatus of debug completed with status 1 (time 0).
01/13/2020 17:13:10 (98126-4040433152): FeatureStatus started ....
01/13/2020 17:13:10 (98126-4040433152): FeatureStatus of debug completed with status 1 (time 0).
01/13/2020 17:13:10 (98126-4040433152): FeatureStatus started ....
01/13/2020 17:13:10 (98126-4040433152): FeatureStatus of debug completed with status 1 (time 0).
01/13/2020 17:13:10 (98126-4040433152): FeatureStatus started ....
01/13/2020 17:13:10 (98126-4040433152): FeatureStatus of debug completed with status 1 (time 0).
01/13/2020 17:13:10 (98126-4040433152): FeatureStatus started ....
01/13/2020 17:13:10 (98126-4040433152): FeatureStatus of debug completed with status 1 (time 0).
01/13/2020 17:13:10 (98126-4040433152): FeatureStatus started ....
01/13/2020 17:13:10 (98126-4040433152): FeatureStatus of debug completed with status 1 (time 0).
01/13/2020 17:13:10 (98126-4040433152): FeatureStatus started ....
01/13/2020 17:13:10 (98126-4040433152): FeatureStatus of debug completed with status 1 (time 0).
01/13/2020 17:13:10 (98126-4040433152): FeatureStatus started ....
01/13/2020 17:13:10 (98126-4040433152): FeatureStatus of debug completed with status 1 (time 0).
01/13/2020 17:13:10 (98126-4040433152): FeatureStatus started ....
01/13/2020 17:13:10 (98126-4040433152): FeatureStatus of debug completed with status 1 (time 0).
01/13/2020 17:13:11 (98126-4040433152): FeatureStatus started ....
01/13/2020 17:13:11 (98126-4040433152): FeatureStatus of debug completed with status 1 (time 0).
01/13/2020 17:13:11 (98126-4040433152): FeatureStatus started ....
01/13/2020 17:13:11 (98126-4040433152): FeatureStatus of debug completed with status 1 (time 0).
01/13/2020 17:13:11 (98126-4040433152): FeatureStatus started ....
01/13/2020 17:13:11 (98126-4040433152): FeatureStatus of debug completed with status 1 (time 0).
01/13/2020 17:13:11 (98126-4040433152): FeatureStatus started ....
01/13/2020 17:13:11 (98126-4040433152): FeatureStatus of debug completed with status 1 (time 0).
01/13/2020 17:13:11 (98126-4040433152): FeatureStatus started ....
01/13/2020 17:13:11 (98126-4040433152): FeatureStatus of debug completed with status 1 (time 0).
01/13/2020 17:13:11 (98126-4040433152): FeatureStatus started ....
01/13/2020 17:13:11 (98126-4040433152): FeatureStatus of debug completed with status 1 (time 0).
01/13/2020 17:13:11 (98126-4040433152): FeatureStatus started ....
01/13/2020 17:13:11 (98126-4040433152): FeatureStatus of debug completed with status 1 (time 0).
01/13/2020 17:13:11 (98126-4040433152): FeatureStatus started ....
01/13/2020 17:13:11 (98126-4040433152): FeatureStatus of debug completed with status 1 (time 0).
01/13/2020 17:13:11 (98126-4040433152): FeatureStatus started ....
01/13/2020 17:13:11 (98126-4040433152): FeatureStatus of debug completed with status 1 (time 0).
01/13/2020 17:13:11 (98126-4040433152): FeatureStatus started ....
01/13/2020 17:13:11 (98126-4040433152): FeatureStatus of debug completed with status 1 (time 0).
01/13/2020 17:13:11 (98126-4040433152): FeatureStatus started ....
01/13/2020 17:13:11 (98126-4040433152): FeatureStatus of debug completed with status 1 (time 0).
01/13/2020 17:13:11 (98126-4040433152): FeatureStatus started ....
01/13/2020 17:13:11 (98126-4040433152): FeatureStatus of debug completed with status 1 (time 0).
01/13/2020 17:13:11 (98126-4040433152): FeatureStatus started ....
01/13/2020 17:13:11 (98126-4040433152): FeatureStatus of debug completed with status 1 (time 0).
01/13/2020 17:13:12 (98126-4040433152): FeatureStatus started ....
01/13/2020 17:13:12 (98126-4040433152): FeatureStatus of debug completed with status 1 (time 0).
01/13/2020 17:13:12 (98126-4040433152): FeatureStatus started ....
01/13/2020 17:13:12 (98126-4040433152): FeatureStatus of debug completed with status 1 (time 0).
01/13/2020 17:13:12 (98126-4040433152): FeatureStatus started ....
01/13/2020 17:13:12 (98126-4040433152): FeatureStatus of debug completed with status 1 (time 0).
01/13/2020 17:13:12 (98126-4040433152): FeatureStatus started ....
01/13/2020 17:13:12 (98126-4040433152): FeatureStatus of debug completed with status 1 (time 0).
01/13/2020 17:13:13 (98126-4040433152): FeatureStatus started ....
01/13/2020 17:13:13 (98126-4040433152): FeatureStatus of debug completed with status 1 (time 0).
01/13/2020 17:13:13 (98126-4040433152): FeatureStatus started ....
01/13/2020 17:13:13 (98126-4040433152): FeatureStatus of debug completed with status 1 (time 0).
01/13/2020 17:13:18 (98126-4040433152): FeatureStatus started ....
01/13/2020 17:13:18 (98126-4040433152): FeatureStatus of debug completed with status 1 (time 0).
01/13/2020 17:13:18 (98126-4040433152): FeatureStatus started ....
01/13/2020 17:13:18 (98126-4040433152): FeatureStatus of debug completed with status 1 (time 0).
01/13/2020 17:13:18 (98126-4040433152): FeatureStatus started ....
01/13/2020 17:13:18 (98126-4040433152): FeatureStatus of debug completed with status 1 (time 0).
01/13/2020 17:13:19 (98126-4040433152): FeatureStatus started ....
01/13/2020 17:13:19 (98126-4040433152): FeatureStatus of debug completed with status 1 (time 0).
01/13/2020 17:13:19 (98126-4040433152): FeatureStatus started ....
01/13/2020 17:13:19 (98126-4040433152): FeatureStatus of debug completed with status 1 (time 0).
01/13/2020 17:13:19 (98126-4040433152): FeatureStatus started ....
01/13/2020 17:13:19 (98126-4040433152): FeatureStatus of debug completed with status 1 (time 0).
01/13/2020 17:13:19 (98126-4040433152): FeatureStatus started ....
01/13/2020 17:13:19 (98126-4040433152): FeatureStatus of debug completed with status 1 (time 0).
01/13/2020 17:13:19 (98126-4040433152): FeatureStatus started ....
01/13/2020 17:13:19 (98126-4040433152): FeatureStatus of debug completed with status 1 (time 0).
01/13/2020 17:13:23 (98126-4040433152): FeatureStatus started ....
01/13/2020 17:13:23 (98126-4040433152): FeatureStatus of CICNG_801 completed with status 1 (time 0).
01/13/2020 17:13:31 (553158 libSelect): Initialization started (12.04-s027)...
01/13/2020 17:13:31 (553158): FLEXnet version 11.11.1.1 build 119913
01/13/2020 17:13:31 (553158): Process ID 16193
01/13/2020 17:13:31 (553158): Creating a new job ...
01/13/2020 17:13:31 (553158): Validating server path: 5821@tera.eng.hmc.edu:2222@theforce.eng.hmc.edu
01/13/2020 17:13:31 (553158): Server path validation status: 0
01/13/2020 17:13:31 (553158):   Configuration of license path is '5821@tera.eng.hmc.edu:2222@theforce.eng.hmc.edu'.
01/13/2020 17:13:31 (553158):   Configuration of recheck interval minimum is 290.
01/13/2020 17:13:31 (553158):   Configuration of 2000000000 maximum retry calls.
01/13/2020 17:13:31 (553158):   Configuration of sleep time value of 0.
01/13/2020 17:13:31 (553158):   Configuration of display specification is 'localhost:12.0'.
01/13/2020 17:13:31 (553158):   Licenses will be checked out using jschallert@Tera.Eng.HMC.Edu(localhost:12.0).
01/13/2020 17:13:31 (553158):   (System spec would have been jschallert@Tera.Eng.HMC.Edu() )
01/13/2020 17:13:31 (553158): Job creation completed with status 0 (time 0).
01/13/2020 17:13:31 (553158): Creating a new job ...
01/13/2020 17:13:31 (553158):   Configuration of license path is '5821@tera.eng.hmc.edu:2222@theforce.eng.hmc.edu'.
01/13/2020 17:13:31 (553158):   Configuration of recheck interval minimum is 290.
01/13/2020 17:13:31 (553158):   Configuration of 2000000000 maximum retry calls.
01/13/2020 17:13:31 (553158):   Configuration of sleep time value of 0.
01/13/2020 17:13:31 (553158):   Configuration of display specification is 'localhost:12.0'.
01/13/2020 17:13:31 (553158):   Licenses will be checked out using jschallert@Tera.Eng.HMC.Edu(localhost:12.0).
01/13/2020 17:13:31 (553158):   (System spec would have been jschallert@Tera.Eng.HMC.Edu() )
01/13/2020 17:13:31 (553158): Job creation completed with status 0 (time 0).
01/13/2020 17:13:31 (553158): Creating a new job ...
01/13/2020 17:13:31 (553158):   Configuration of license path is '5821@tera.eng.hmc.edu:2222@theforce.eng.hmc.edu'.
01/13/2020 17:13:31 (553158):   Configuration of recheck interval minimum is 290.
01/13/2020 17:13:31 (553158):   Configuration of 2000000000 maximum retry calls.
01/13/2020 17:13:31 (553158):   Configuration of sleep time value of 0.
01/13/2020 17:13:32 (553158):   Configuration of display specification is 'localhost:12.0'.
01/13/2020 17:13:32 (553158):   Licenses will be checked out using jschallert@Tera.Eng.HMC.Edu(localhost:12.0).
01/13/2020 17:13:32 (553158):   (System spec would have been jschallert@Tera.Eng.HMC.Edu() )
01/13/2020 17:13:32 (553158): Job creation completed with status 0 (time 1).
01/13/2020 17:13:32 (553158): Creating a new job ...
01/13/2020 17:13:32 (553158):   Configuration of license path is '5821@tera.eng.hmc.edu:2222@theforce.eng.hmc.edu'.
01/13/2020 17:13:32 (553158):   Configuration of recheck interval minimum is 290.
01/13/2020 17:13:32 (553158):   Configuration of 2000000000 maximum retry calls.
01/13/2020 17:13:32 (553158):   Configuration of sleep time value of 0.
01/13/2020 17:13:32 (553158):   Configuration of display specification is 'localhost:12.0'.
01/13/2020 17:13:32 (553158):   Licenses will be checked out using jschallert@Tera.Eng.HMC.Edu(localhost:12.0).
01/13/2020 17:13:32 (553158):   (System spec would have been jschallert@Tera.Eng.HMC.Edu() )
01/13/2020 17:13:32 (553158): Job creation completed with status 0 (time 0).
01/13/2020 17:13:32 (553158): Creating a new job ...
01/13/2020 17:13:32 (553158):   Configuration of license path is '5821@tera.eng.hmc.edu:2222@theforce.eng.hmc.edu'.
01/13/2020 17:13:32 (553158):   Configuration of recheck interval minimum is 290.
01/13/2020 17:13:32 (553158):   Configuration of 2000000000 maximum retry calls.
01/13/2020 17:13:32 (553158):   Configuration of sleep time value of 0.
01/13/2020 17:13:32 (553158):   Configuration of display specification is 'localhost:12.0'.
01/13/2020 17:13:32 (553158):   Licenses will be checked out using jschallert@Tera.Eng.HMC.Edu(localhost:12.0).
01/13/2020 17:13:32 (553158):   (System spec would have been jschallert@Tera.Eng.HMC.Edu() )
01/13/2020 17:13:32 (553158): Job creation completed with status 0 (time 0).
01/13/2020 17:13:32 (553158): Initialization completed with status 0 (time 1).
01/13/2020 17:13:32 (553158): FeatureStatus started ....
01/13/2020 17:13:32 (553158): FeatureStatus of debug completed with status 1 (time 0).
01/13/2020 17:13:36 (553158): Exit started ....
01/13/2020 17:13:36 (553158): Exit completed with status 0 (time 0).
01/13/2020 17:14:29 (843135-3405962752 virtuoso): Initialization started (12.04-s027)...
01/13/2020 17:14:29 (843135-3405962752): FLEXnet version 11.11.1.1 build 119913
01/13/2020 17:14:29 (843135-3405962752): Process ID 16545
01/13/2020 17:14:29 (843135-3405962752): Using command line option -display for DISPLAY ((null))
01/13/2020 17:14:29 (843135-3405962752): Creating a new job ...
01/13/2020 17:14:29 (843135-3405962752): Validating server path: 5821@tera.eng.hmc.edu:2222@theforce.eng.hmc.edu
01/13/2020 17:14:29 (843135-3405962752): Server path validation status: 0
01/13/2020 17:14:29 (843135-3405962752):   Configuration of license path is '5821@tera.eng.hmc.edu:2222@theforce.eng.hmc.edu'.
01/13/2020 17:14:29 (843135-3405962752):   Configuration of recheck interval minimum is 290.
01/13/2020 17:14:29 (843135-3405962752):   Configuration of 2000000000 maximum retry calls.
01/13/2020 17:14:29 (843135-3405962752):   Configuration of sleep time value of 0.
01/13/2020 17:14:29 (843135-3405962752):   Configuration of display specification is 'unix:0'.
01/13/2020 17:14:29 (843135-3405962752):   Licenses will be checked out using jschallert@Tera.Eng.HMC.Edu(unix:0).
01/13/2020 17:14:29 (843135-3405962752):   (System spec would have been jschallert@Tera.Eng.HMC.Edu(/dev/pts/5) )
01/13/2020 17:14:29 (843135-3405962752): Job creation completed with status 0 (time 0).
01/13/2020 17:14:29 (843135-3405962752): Creating a new job ...
01/13/2020 17:14:29 (843135-3405962752):   Configuration of license path is '5821@tera.eng.hmc.edu:2222@theforce.eng.hmc.edu'.
01/13/2020 17:14:29 (843135-3405962752):   Configuration of recheck interval minimum is 290.
01/13/2020 17:14:29 (843135-3405962752):   Configuration of 2000000000 maximum retry calls.
01/13/2020 17:14:29 (843135-3405962752):   Configuration of sleep time value of 0.
01/13/2020 17:14:29 (843135-3405962752):   Configuration of display specification is 'unix:0'.
01/13/2020 17:14:29 (843135-3405962752):   Licenses will be checked out using jschallert@Tera.Eng.HMC.Edu(unix:0).
01/13/2020 17:14:29 (843135-3405962752):   (System spec would have been jschallert@Tera.Eng.HMC.Edu(/dev/pts/5) )
01/13/2020 17:14:29 (843135-3405962752): Job creation completed with status 0 (time 0).
01/13/2020 17:14:29 (843135-3405962752): Creating a new job ...
01/13/2020 17:14:29 (843135-3405962752):   Configuration of license path is '5821@tera.eng.hmc.edu:2222@theforce.eng.hmc.edu'.
01/13/2020 17:14:29 (843135-3405962752):   Configuration of recheck interval minimum is 290.
01/13/2020 17:14:29 (843135-3405962752):   Configuration of 2000000000 maximum retry calls.
01/13/2020 17:14:29 (843135-3405962752):   Configuration of sleep time value of 0.
01/13/2020 17:14:29 (843135-3405962752):   Configuration of display specification is 'unix:0'.
01/13/2020 17:14:29 (843135-3405962752):   Licenses will be checked out using jschallert@Tera.Eng.HMC.Edu(unix:0).
01/13/2020 17:14:29 (843135-3405962752):   (System spec would have been jschallert@Tera.Eng.HMC.Edu(/dev/pts/5) )
01/13/2020 17:14:29 (843135-3405962752): Job creation completed with status 0 (time 0).
01/13/2020 17:14:29 (843135-3405962752): Creating a new job ...
01/13/2020 17:14:29 (843135-3405962752):   Configuration of license path is '5821@tera.eng.hmc.edu:2222@theforce.eng.hmc.edu'.
01/13/2020 17:14:29 (843135-3405962752):   Configuration of recheck interval minimum is 290.
01/13/2020 17:14:29 (843135-3405962752):   Configuration of 2000000000 maximum retry calls.
01/13/2020 17:14:29 (843135-3405962752):   Configuration of sleep time value of 0.
01/13/2020 17:14:29 (843135-3405962752):   Configuration of display specification is 'unix:0'.
01/13/2020 17:14:29 (843135-3405962752):   Licenses will be checked out using jschallert@Tera.Eng.HMC.Edu(unix:0).
01/13/2020 17:14:29 (843135-3405962752):   (System spec would have been jschallert@Tera.Eng.HMC.Edu(/dev/pts/5) )
01/13/2020 17:14:29 (843135-3405962752): Job creation completed with status 0 (time 0).
01/13/2020 17:14:29 (843135-3405962752): Creating a new job ...
01/13/2020 17:14:29 (843135-3405962752):   Configuration of license path is '5821@tera.eng.hmc.edu:2222@theforce.eng.hmc.edu'.
01/13/2020 17:14:29 (843135-3405962752):   Configuration of recheck interval minimum is 290.
01/13/2020 17:14:29 (843135-3405962752):   Configuration of 2000000000 maximum retry calls.
01/13/2020 17:14:29 (843135-3405962752):   Configuration of sleep time value of 0.
01/13/2020 17:14:29 (843135-3405962752):   Configuration of display specification is 'unix:0'.
01/13/2020 17:14:29 (843135-3405962752):   Licenses will be checked out using jschallert@Tera.Eng.HMC.Edu(unix:0).
01/13/2020 17:14:29 (843135-3405962752):   (System spec would have been jschallert@Tera.Eng.HMC.Edu(/dev/pts/5) )
01/13/2020 17:14:29 (843135-3405962752): Job creation completed with status 0 (time 0).
01/13/2020 17:14:29 (843135-3405962752): Initialization completed with status 0 (time 0).
01/13/2020 17:14:30 (843135-3405962752): Exit started ....
01/13/2020 17:14:30 (843135-3405962752): Exit completed with status 0 (time 0).
01/13/2020 17:15:02 (930435-2759110144 virtuoso): Initialization started (12.04-s027)...
01/13/2020 17:15:02 (930435-2759110144): FLEXnet version 11.11.1.1 build 119913
01/13/2020 17:15:02 (930435-2759110144): Process ID 16926
01/13/2020 17:15:02 (930435-2759110144): Using command line option -display for DISPLAY ((null))
01/13/2020 17:15:02 (930435-2759110144): Creating a new job ...
01/13/2020 17:15:02 (930435-2759110144): Validating server path: 5821@tera.eng.hmc.edu:2222@theforce.eng.hmc.edu
01/13/2020 17:15:02 (930435-2759110144): Server path validation status: 0
01/13/2020 17:15:02 (930435-2759110144):   Configuration of license path is '5821@tera.eng.hmc.edu:2222@theforce.eng.hmc.edu'.
01/13/2020 17:15:02 (930435-2759110144):   Configuration of recheck interval minimum is 290.
01/13/2020 17:15:02 (930435-2759110144):   Configuration of 2000000000 maximum retry calls.
01/13/2020 17:15:02 (930435-2759110144):   Configuration of sleep time value of 0.
01/13/2020 17:15:02 (930435-2759110144):   Configuration of display specification is 'unix:0'.
01/13/2020 17:15:02 (930435-2759110144):   Licenses will be checked out using jschallert@Tera.Eng.HMC.Edu(unix:0).
01/13/2020 17:15:02 (930435-2759110144):   (System spec would have been jschallert@Tera.Eng.HMC.Edu(/dev/pts/5) )
01/13/2020 17:15:02 (930435-2759110144): Job creation completed with status 0 (time 0).
01/13/2020 17:15:02 (930435-2759110144): Creating a new job ...
01/13/2020 17:15:02 (930435-2759110144):   Configuration of license path is '5821@tera.eng.hmc.edu:2222@theforce.eng.hmc.edu'.
01/13/2020 17:15:02 (930435-2759110144):   Configuration of recheck interval minimum is 290.
01/13/2020 17:15:02 (930435-2759110144):   Configuration of 2000000000 maximum retry calls.
01/13/2020 17:15:02 (930435-2759110144):   Configuration of sleep time value of 0.
01/13/2020 17:15:02 (930435-2759110144):   Configuration of display specification is 'unix:0'.
01/13/2020 17:15:02 (930435-2759110144):   Licenses will be checked out using jschallert@Tera.Eng.HMC.Edu(unix:0).
01/13/2020 17:15:02 (930435-2759110144):   (System spec would have been jschallert@Tera.Eng.HMC.Edu(/dev/pts/5) )
01/13/2020 17:15:02 (930435-2759110144): Job creation completed with status 0 (time 0).
01/13/2020 17:15:02 (930435-2759110144): Creating a new job ...
01/13/2020 17:15:02 (930435-2759110144):   Configuration of license path is '5821@tera.eng.hmc.edu:2222@theforce.eng.hmc.edu'.
01/13/2020 17:15:02 (930435-2759110144):   Configuration of recheck interval minimum is 290.
01/13/2020 17:15:02 (930435-2759110144):   Configuration of 2000000000 maximum retry calls.
01/13/2020 17:15:02 (930435-2759110144):   Configuration of sleep time value of 0.
01/13/2020 17:15:02 (930435-2759110144):   Configuration of display specification is 'unix:0'.
01/13/2020 17:15:02 (930435-2759110144):   Licenses will be checked out using jschallert@Tera.Eng.HMC.Edu(unix:0).
01/13/2020 17:15:02 (930435-2759110144):   (System spec would have been jschallert@Tera.Eng.HMC.Edu(/dev/pts/5) )
01/13/2020 17:15:02 (930435-2759110144): Job creation completed with status 0 (time 0).
01/13/2020 17:15:02 (930435-2759110144): Creating a new job ...
01/13/2020 17:15:02 (930435-2759110144):   Configuration of license path is '5821@tera.eng.hmc.edu:2222@theforce.eng.hmc.edu'.
01/13/2020 17:15:02 (930435-2759110144):   Configuration of recheck interval minimum is 290.
01/13/2020 17:15:02 (930435-2759110144):   Configuration of 2000000000 maximum retry calls.
01/13/2020 17:15:02 (930435-2759110144):   Configuration of sleep time value of 0.
01/13/2020 17:15:02 (930435-2759110144):   Configuration of display specification is 'unix:0'.
01/13/2020 17:15:02 (930435-2759110144):   Licenses will be checked out using jschallert@Tera.Eng.HMC.Edu(unix:0).
01/13/2020 17:15:02 (930435-2759110144):   (System spec would have been jschallert@Tera.Eng.HMC.Edu(/dev/pts/5) )
01/13/2020 17:15:02 (930435-2759110144): Job creation completed with status 0 (time 0).
01/13/2020 17:15:02 (930435-2759110144): Creating a new job ...
01/13/2020 17:15:02 (930435-2759110144):   Configuration of license path is '5821@tera.eng.hmc.edu:2222@theforce.eng.hmc.edu'.
01/13/2020 17:15:02 (930435-2759110144):   Configuration of recheck interval minimum is 290.
01/13/2020 17:15:02 (930435-2759110144):   Configuration of 2000000000 maximum retry calls.
01/13/2020 17:15:02 (930435-2759110144):   Configuration of sleep time value of 0.
01/13/2020 17:15:02 (930435-2759110144):   Configuration of display specification is 'unix:0'.
01/13/2020 17:15:02 (930435-2759110144):   Licenses will be checked out using jschallert@Tera.Eng.HMC.Edu(unix:0).
01/13/2020 17:15:02 (930435-2759110144):   (System spec would have been jschallert@Tera.Eng.HMC.Edu(/dev/pts/5) )
01/13/2020 17:15:02 (930435-2759110144): Job creation completed with status 0 (time 0).
01/13/2020 17:15:02 (930435-2759110144): Initialization completed with status 0 (time 0).
01/13/2020 17:15:02 (930435-2759110144): Exit started ....
01/13/2020 17:15:02 (930435-2759110144): Exit completed with status 0 (time 0).
01/18/2020 11:37:09 (461260-3716087296 virtuoso): Initialization started (12.04-s027)...
01/18/2020 11:37:09 (461260-3716087296): FLEXnet version 11.11.1.1 build 119913
01/18/2020 11:37:09 (461260-3716087296): Process ID 15638
01/18/2020 11:37:09 (461260-3716087296): Using command line option -display for DISPLAY ((null))
01/18/2020 11:37:09 (461260-3716087296): Creating a new job ...
01/18/2020 11:37:09 (461260-3716087296): Validating server path: 5821@tera.eng.hmc.edu:2222@theforce.eng.hmc.edu
01/18/2020 11:37:09 (461260-3716087296): Server path validation status: 0
01/18/2020 11:37:09 (461260-3716087296):   Configuration of license path is '5821@tera.eng.hmc.edu:2222@theforce.eng.hmc.edu'.
01/18/2020 11:37:09 (461260-3716087296):   Configuration of recheck interval minimum is 290.
01/18/2020 11:37:09 (461260-3716087296):   Configuration of 2000000000 maximum retry calls.
01/18/2020 11:37:09 (461260-3716087296):   Configuration of sleep time value of 0.
01/18/2020 11:37:09 (461260-3716087296):   Configuration of display specification is 'unix:0'.
01/18/2020 11:37:09 (461260-3716087296):   Licenses will be checked out using jschallert@Tera.Eng.HMC.Edu(unix:0).
01/18/2020 11:37:09 (461260-3716087296):   (System spec would have been jschallert@Tera.Eng.HMC.Edu(/dev/pts/1) )
01/18/2020 11:37:09 (461260-3716087296): Job creation completed with status 0 (time 0).
01/18/2020 11:37:09 (461260-3716087296): Creating a new job ...
01/18/2020 11:37:09 (461260-3716087296):   Configuration of license path is '5821@tera.eng.hmc.edu:2222@theforce.eng.hmc.edu'.
01/18/2020 11:37:09 (461260-3716087296):   Configuration of recheck interval minimum is 290.
01/18/2020 11:37:09 (461260-3716087296):   Configuration of 2000000000 maximum retry calls.
01/18/2020 11:37:09 (461260-3716087296):   Configuration of sleep time value of 0.
01/18/2020 11:37:09 (461260-3716087296):   Configuration of display specification is 'unix:0'.
01/18/2020 11:37:09 (461260-3716087296):   Licenses will be checked out using jschallert@Tera.Eng.HMC.Edu(unix:0).
01/18/2020 11:37:09 (461260-3716087296):   (System spec would have been jschallert@Tera.Eng.HMC.Edu(/dev/pts/1) )
01/18/2020 11:37:09 (461260-3716087296): Job creation completed with status 0 (time 0).
01/18/2020 11:37:09 (461260-3716087296): Creating a new job ...
01/18/2020 11:37:09 (461260-3716087296):   Configuration of license path is '5821@tera.eng.hmc.edu:2222@theforce.eng.hmc.edu'.
01/18/2020 11:37:09 (461260-3716087296):   Configuration of recheck interval minimum is 290.
01/18/2020 11:37:09 (461260-3716087296):   Configuration of 2000000000 maximum retry calls.
01/18/2020 11:37:09 (461260-3716087296):   Configuration of sleep time value of 0.
01/18/2020 11:37:10 (461260-3716087296):   Configuration of display specification is 'unix:0'.
01/18/2020 11:37:10 (461260-3716087296):   Licenses will be checked out using jschallert@Tera.Eng.HMC.Edu(unix:0).
01/18/2020 11:37:10 (461260-3716087296):   (System spec would have been jschallert@Tera.Eng.HMC.Edu(/dev/pts/1) )
01/18/2020 11:37:10 (461260-3716087296): Job creation completed with status 0 (time 1).
01/18/2020 11:37:10 (461260-3716087296): Creating a new job ...
01/18/2020 11:37:10 (461260-3716087296):   Configuration of license path is '5821@tera.eng.hmc.edu:2222@theforce.eng.hmc.edu'.
01/18/2020 11:37:10 (461260-3716087296):   Configuration of recheck interval minimum is 290.
01/18/2020 11:37:10 (461260-3716087296):   Configuration of 2000000000 maximum retry calls.
01/18/2020 11:37:10 (461260-3716087296):   Configuration of sleep time value of 0.
01/18/2020 11:37:10 (461260-3716087296):   Configuration of display specification is 'unix:0'.
01/18/2020 11:37:10 (461260-3716087296):   Licenses will be checked out using jschallert@Tera.Eng.HMC.Edu(unix:0).
01/18/2020 11:37:10 (461260-3716087296):   (System spec would have been jschallert@Tera.Eng.HMC.Edu(/dev/pts/1) )
01/18/2020 11:37:10 (461260-3716087296): Job creation completed with status 0 (time 0).
01/18/2020 11:37:10 (461260-3716087296): Creating a new job ...
01/18/2020 11:37:10 (461260-3716087296):   Configuration of license path is '5821@tera.eng.hmc.edu:2222@theforce.eng.hmc.edu'.
01/18/2020 11:37:10 (461260-3716087296):   Configuration of recheck interval minimum is 290.
01/18/2020 11:37:10 (461260-3716087296):   Configuration of 2000000000 maximum retry calls.
01/18/2020 11:37:10 (461260-3716087296):   Configuration of sleep time value of 0.
01/18/2020 11:37:10 (461260-3716087296):   Configuration of display specification is 'unix:0'.
01/18/2020 11:37:10 (461260-3716087296):   Licenses will be checked out using jschallert@Tera.Eng.HMC.Edu(unix:0).
01/18/2020 11:37:10 (461260-3716087296):   (System spec would have been jschallert@Tera.Eng.HMC.Edu(/dev/pts/1) )
01/18/2020 11:37:10 (461260-3716087296): Job creation completed with status 0 (time 0).
01/18/2020 11:37:10 (461260-3716087296): Initialization completed with status 0 (time 1).
01/18/2020 11:37:10 (461260-3716087296): Exit started ....
01/18/2020 11:37:10 (461260-3716087296): Exit completed with status 0 (time 0).
01/18/2020 11:44:09 (608412-79920640 virtuoso): Initialization started (12.04-s027)...
01/18/2020 11:44:09 (608412-79920640): FLEXnet version 11.11.1.1 build 119913
01/18/2020 11:44:09 (608412-79920640): Process ID 16188
01/18/2020 11:44:09 (608412-79920640): Using command line option -display for DISPLAY ((null))
01/18/2020 11:44:09 (608412-79920640): Creating a new job ...
01/18/2020 11:44:09 (608412-79920640): Validating server path: 5821@tera.eng.hmc.edu:2222@theforce.eng.hmc.edu
01/18/2020 11:44:09 (608412-79920640): Server path validation status: 0
01/18/2020 11:44:09 (608412-79920640):   Configuration of license path is '5821@tera.eng.hmc.edu:2222@theforce.eng.hmc.edu'.
01/18/2020 11:44:09 (608412-79920640):   Configuration of recheck interval minimum is 290.
01/18/2020 11:44:09 (608412-79920640):   Configuration of 2000000000 maximum retry calls.
01/18/2020 11:44:09 (608412-79920640):   Configuration of sleep time value of 0.
01/18/2020 11:44:09 (608412-79920640):   Configuration of display specification is 'unix:0'.
01/18/2020 11:44:09 (608412-79920640):   Licenses will be checked out using jschallert@Tera.Eng.HMC.Edu(unix:0).
01/18/2020 11:44:09 (608412-79920640):   (System spec would have been jschallert@Tera.Eng.HMC.Edu(/dev/pts/1) )
01/18/2020 11:44:09 (608412-79920640): Job creation completed with status 0 (time 0).
01/18/2020 11:44:09 (608412-79920640): Creating a new job ...
01/18/2020 11:44:09 (608412-79920640):   Configuration of license path is '5821@tera.eng.hmc.edu:2222@theforce.eng.hmc.edu'.
01/18/2020 11:44:09 (608412-79920640):   Configuration of recheck interval minimum is 290.
01/18/2020 11:44:09 (608412-79920640):   Configuration of 2000000000 maximum retry calls.
01/18/2020 11:44:10 (608412-79920640):   Configuration of sleep time value of 0.
01/18/2020 11:44:10 (608412-79920640):   Configuration of display specification is 'unix:0'.
01/18/2020 11:44:10 (608412-79920640):   Licenses will be checked out using jschallert@Tera.Eng.HMC.Edu(unix:0).
01/18/2020 11:44:10 (608412-79920640):   (System spec would have been jschallert@Tera.Eng.HMC.Edu(/dev/pts/1) )
01/18/2020 11:44:10 (608412-79920640): Job creation completed with status 0 (time 1).
01/18/2020 11:44:10 (608412-79920640): Creating a new job ...
01/18/2020 11:44:10 (608412-79920640):   Configuration of license path is '5821@tera.eng.hmc.edu:2222@theforce.eng.hmc.edu'.
01/18/2020 11:44:10 (608412-79920640):   Configuration of recheck interval minimum is 290.
01/18/2020 11:44:10 (608412-79920640):   Configuration of 2000000000 maximum retry calls.
01/18/2020 11:44:10 (608412-79920640):   Configuration of sleep time value of 0.
01/18/2020 11:44:10 (608412-79920640):   Configuration of display specification is 'unix:0'.
01/18/2020 11:44:10 (608412-79920640):   Licenses will be checked out using jschallert@Tera.Eng.HMC.Edu(unix:0).
01/18/2020 11:44:10 (608412-79920640):   (System spec would have been jschallert@Tera.Eng.HMC.Edu(/dev/pts/1) )
01/18/2020 11:44:10 (608412-79920640): Job creation completed with status 0 (time 0).
01/18/2020 11:44:10 (608412-79920640): Creating a new job ...
01/18/2020 11:44:10 (608412-79920640):   Configuration of license path is '5821@tera.eng.hmc.edu:2222@theforce.eng.hmc.edu'.
01/18/2020 11:44:10 (608412-79920640):   Configuration of recheck interval minimum is 290.
01/18/2020 11:44:10 (608412-79920640):   Configuration of 2000000000 maximum retry calls.
01/18/2020 11:44:10 (608412-79920640):   Configuration of sleep time value of 0.
01/18/2020 11:44:10 (608412-79920640):   Configuration of display specification is 'unix:0'.
01/18/2020 11:44:10 (608412-79920640):   Licenses will be checked out using jschallert@Tera.Eng.HMC.Edu(unix:0).
01/18/2020 11:44:10 (608412-79920640):   (System spec would have been jschallert@Tera.Eng.HMC.Edu(/dev/pts/1) )
01/18/2020 11:44:10 (608412-79920640): Job creation completed with status 0 (time 0).
01/18/2020 11:44:10 (608412-79920640): Creating a new job ...
01/18/2020 11:44:10 (608412-79920640):   Configuration of license path is '5821@tera.eng.hmc.edu:2222@theforce.eng.hmc.edu'.
01/18/2020 11:44:10 (608412-79920640):   Configuration of recheck interval minimum is 290.
01/18/2020 11:44:10 (608412-79920640):   Configuration of 2000000000 maximum retry calls.
01/18/2020 11:44:10 (608412-79920640):   Configuration of sleep time value of 0.
01/18/2020 11:44:10 (608412-79920640):   Configuration of display specification is 'unix:0'.
01/18/2020 11:44:10 (608412-79920640):   Licenses will be checked out using jschallert@Tera.Eng.HMC.Edu(unix:0).
01/18/2020 11:44:10 (608412-79920640):   (System spec would have been jschallert@Tera.Eng.HMC.Edu(/dev/pts/1) )
01/18/2020 11:44:10 (608412-79920640): Job creation completed with status 0 (time 0).
01/18/2020 11:44:10 (608412-79920640): Initialization completed with status 0 (time 1).
01/18/2020 11:44:10 (608412-79920640): Exit started ....
01/18/2020 11:44:10 (608412-79920640): Exit completed with status 0 (time 0).
01/18/2020 11:45:08 (448299-3727560192 virtuoso): Initialization started (12.04-s027)...
01/18/2020 11:45:08 (448299-3727560192): FLEXnet version 11.11.1.1 build 119913
01/18/2020 11:45:08 (448299-3727560192): Process ID 16379
01/18/2020 11:45:08 (448299-3727560192): Using command line option -display for DISPLAY ((null))
01/18/2020 11:45:08 (448299-3727560192): Creating a new job ...
01/18/2020 11:45:08 (448299-3727560192): Validating server path: 5821@tera.eng.hmc.edu:2222@theforce.eng.hmc.edu
01/18/2020 11:45:08 (448299-3727560192): Server path validation status: 0
01/18/2020 11:45:08 (448299-3727560192):   Configuration of license path is '5821@tera.eng.hmc.edu:2222@theforce.eng.hmc.edu'.
01/18/2020 11:45:08 (448299-3727560192):   Configuration of recheck interval minimum is 290.
01/18/2020 11:45:08 (448299-3727560192):   Configuration of 2000000000 maximum retry calls.
01/18/2020 11:45:08 (448299-3727560192):   Configuration of sleep time value of 0.
01/18/2020 11:45:08 (448299-3727560192):   Configuration of display specification is 'localhost:10.0'.
01/18/2020 11:45:08 (448299-3727560192):   Licenses will be checked out using jschallert@Tera.Eng.HMC.Edu(localhost:10.0).
01/18/2020 11:45:08 (448299-3727560192):   (System spec would have been jschallert@Tera.Eng.HMC.Edu(/dev/pts/1) )
01/18/2020 11:45:08 (448299-3727560192): Job creation completed with status 0 (time 0).
01/18/2020 11:45:08 (448299-3727560192): Creating a new job ...
01/18/2020 11:45:08 (448299-3727560192):   Configuration of license path is '5821@tera.eng.hmc.edu:2222@theforce.eng.hmc.edu'.
01/18/2020 11:45:08 (448299-3727560192):   Configuration of recheck interval minimum is 290.
01/18/2020 11:45:08 (448299-3727560192):   Configuration of 2000000000 maximum retry calls.
01/18/2020 11:45:08 (448299-3727560192):   Configuration of sleep time value of 0.
01/18/2020 11:45:08 (448299-3727560192):   Configuration of display specification is 'localhost:10.0'.
01/18/2020 11:45:08 (448299-3727560192):   Licenses will be checked out using jschallert@Tera.Eng.HMC.Edu(localhost:10.0).
01/18/2020 11:45:08 (448299-3727560192):   (System spec would have been jschallert@Tera.Eng.HMC.Edu(/dev/pts/1) )
01/18/2020 11:45:08 (448299-3727560192): Job creation completed with status 0 (time 0).
01/18/2020 11:45:08 (448299-3727560192): Creating a new job ...
01/18/2020 11:45:08 (448299-3727560192):   Configuration of license path is '5821@tera.eng.hmc.edu:2222@theforce.eng.hmc.edu'.
01/18/2020 11:45:08 (448299-3727560192):   Configuration of recheck interval minimum is 290.
01/18/2020 11:45:08 (448299-3727560192):   Configuration of 2000000000 maximum retry calls.
01/18/2020 11:45:08 (448299-3727560192):   Configuration of sleep time value of 0.
01/18/2020 11:45:08 (448299-3727560192):   Configuration of display specification is 'localhost:10.0'.
01/18/2020 11:45:08 (448299-3727560192):   Licenses will be checked out using jschallert@Tera.Eng.HMC.Edu(localhost:10.0).
01/18/2020 11:45:08 (448299-3727560192):   (System spec would have been jschallert@Tera.Eng.HMC.Edu(/dev/pts/1) )
01/18/2020 11:45:08 (448299-3727560192): Job creation completed with status 0 (time 0).
01/18/2020 11:45:08 (448299-3727560192): Creating a new job ...
01/18/2020 11:45:08 (448299-3727560192):   Configuration of license path is '5821@tera.eng.hmc.edu:2222@theforce.eng.hmc.edu'.
01/18/2020 11:45:08 (448299-3727560192):   Configuration of recheck interval minimum is 290.
01/18/2020 11:45:08 (448299-3727560192):   Configuration of 2000000000 maximum retry calls.
01/18/2020 11:45:08 (448299-3727560192):   Configuration of sleep time value of 0.
01/18/2020 11:45:08 (448299-3727560192):   Configuration of display specification is 'localhost:10.0'.
01/18/2020 11:45:08 (448299-3727560192):   Licenses will be checked out using jschallert@Tera.Eng.HMC.Edu(localhost:10.0).
01/18/2020 11:45:08 (448299-3727560192):   (System spec would have been jschallert@Tera.Eng.HMC.Edu(/dev/pts/1) )
01/18/2020 11:45:08 (448299-3727560192): Job creation completed with status 0 (time 0).
01/18/2020 11:45:08 (448299-3727560192): Creating a new job ...
01/18/2020 11:45:08 (448299-3727560192):   Configuration of license path is '5821@tera.eng.hmc.edu:2222@theforce.eng.hmc.edu'.
01/18/2020 11:45:08 (448299-3727560192):   Configuration of recheck interval minimum is 290.
01/18/2020 11:45:08 (448299-3727560192):   Configuration of 2000000000 maximum retry calls.
01/18/2020 11:45:08 (448299-3727560192):   Configuration of sleep time value of 0.
01/18/2020 11:45:08 (448299-3727560192):   Configuration of display specification is 'localhost:10.0'.
01/18/2020 11:45:08 (448299-3727560192):   Licenses will be checked out using jschallert@Tera.Eng.HMC.Edu(localhost:10.0).
01/18/2020 11:45:08 (448299-3727560192):   (System spec would have been jschallert@Tera.Eng.HMC.Edu(/dev/pts/1) )
01/18/2020 11:45:08 (448299-3727560192): Job creation completed with status 0 (time 0).
01/18/2020 11:45:08 (448299-3727560192): Initialization completed with status 0 (time 0).
01/18/2020 11:45:17 (448299-3727560192): FeatureStatus started ....
01/18/2020 11:45:17 (448299-3727560192): FeatureStatus of 111 completed with status 1 (time 0).
01/18/2020 11:45:17 (448299-3727560192): Check-out started ....
01/18/2020 11:45:17 (448299-3727560192): Checking out 1 license(s) for 111 6.180...
01/18/2020 11:45:17 (448299-3727560192):   (Checked out from file '5821@tera.eng.hmc.edu',
             line '6.18 15-dec-2020 380 8E9FA632C0C863958018 ')
01/18/2020 11:45:17 (448299-3727560192): Check-out completed with status 0 (time 0).
01/18/2020 11:45:25 (448299-3727560192): FeatureStatus started ....
01/18/2020 11:45:25 (448299-3727560192): FeatureStatus of CICNG_812 completed with status 1 (time 0).
01/18/2020 11:45:25 (448299-3727560192): FeatureStatus started ....
01/18/2020 11:45:25 (448299-3727560192): FeatureStatus of debug completed with status 1 (time 0).
01/18/2020 11:45:25 (448299-3727560192): FeatureStatus started ....
01/18/2020 11:45:25 (448299-3727560192): FeatureStatus of debug completed with status 1 (time 0).
01/18/2020 11:45:26 (448299-3727560192): FeatureStatus started ....
01/18/2020 11:45:26 (448299-3727560192): FeatureStatus of debug completed with status 1 (time 0).
01/18/2020 11:45:26 (448299-3727560192): FeatureStatus started ....
01/18/2020 11:45:26 (448299-3727560192): FeatureStatus of debug completed with status 1 (time 0).
01/18/2020 11:45:26 (448299-3727560192): FeatureStatus started ....
01/18/2020 11:45:26 (448299-3727560192): FeatureStatus of skillDev completed with status 1 (time 0).
01/18/2020 11:45:26 (448299-3727560192): FeatureStatus started ....
01/18/2020 11:45:26 (448299-3727560192): FeatureStatus of debug completed with status 1 (time 0).
01/18/2020 11:45:26 (448299-3727560192): FeatureStatus started ....
01/18/2020 11:45:26 (448299-3727560192): FeatureStatus of debug completed with status 1 (time 0).
01/18/2020 11:45:26 (448299-3727560192): FeatureStatus started ....
01/18/2020 11:45:26 (448299-3727560192): FeatureStatus of debug completed with status 1 (time 0).
01/18/2020 11:45:26 (448299-3727560192): FeatureStatus started ....
01/18/2020 11:45:26 (448299-3727560192): FeatureStatus of debug completed with status 1 (time 0).
01/18/2020 11:45:26 (448299-3727560192): FeatureStatus started ....
01/18/2020 11:45:26 (448299-3727560192): FeatureStatus of debug completed with status 1 (time 0).
01/18/2020 11:45:26 (448299-3727560192): FeatureStatus started ....
01/18/2020 11:45:26 (448299-3727560192): FeatureStatus of debug completed with status 1 (time 0).
01/18/2020 11:45:26 (448299-3727560192): FeatureStatus started ....
01/18/2020 11:45:26 (448299-3727560192): FeatureStatus of debug completed with status 1 (time 0).
01/18/2020 11:45:26 (448299-3727560192): FeatureStatus started ....
01/18/2020 11:45:26 (448299-3727560192): FeatureStatus of debug completed with status 1 (time 0).
01/18/2020 11:45:26 (448299-3727560192): FeatureStatus started ....
01/18/2020 11:45:26 (448299-3727560192): FeatureStatus of debug completed with status 1 (time 0).
01/18/2020 11:45:26 (448299-3727560192): FeatureStatus started ....
01/18/2020 11:45:26 (448299-3727560192): FeatureStatus of debug completed with status 1 (time 0).
01/18/2020 11:45:26 (448299-3727560192): FeatureStatus started ....
01/18/2020 11:45:26 (448299-3727560192): FeatureStatus of debug completed with status 1 (time 0).
01/18/2020 11:45:26 (448299-3727560192): FeatureStatus started ....
01/18/2020 11:45:26 (448299-3727560192): FeatureStatus of debug completed with status 1 (time 0).
01/18/2020 11:45:26 (448299-3727560192): FeatureStatus started ....
01/18/2020 11:45:26 (448299-3727560192): FeatureStatus of debug completed with status 1 (time 0).
01/18/2020 11:45:26 (448299-3727560192): FeatureStatus started ....
01/18/2020 11:45:26 (448299-3727560192): FeatureStatus of debug completed with status 1 (time 0).
01/18/2020 11:45:26 (448299-3727560192): FeatureStatus started ....
01/18/2020 11:45:26 (448299-3727560192): FeatureStatus of debug completed with status 1 (time 0).
01/18/2020 11:45:26 (448299-3727560192): FeatureStatus started ....
01/18/2020 11:45:26 (448299-3727560192): FeatureStatus of debug completed with status 1 (time 0).
01/18/2020 11:45:26 (448299-3727560192): FeatureStatus started ....
01/18/2020 11:45:26 (448299-3727560192): FeatureStatus of debug completed with status 1 (time 0).
01/18/2020 11:45:26 (448299-3727560192): FeatureStatus started ....
01/18/2020 11:45:26 (448299-3727560192): FeatureStatus of debug completed with status 1 (time 0).
01/18/2020 11:45:26 (448299-3727560192): FeatureStatus started ....
01/18/2020 11:45:26 (448299-3727560192): FeatureStatus of debug completed with status 1 (time 0).
01/18/2020 11:45:26 (448299-3727560192): FeatureStatus started ....
01/18/2020 11:45:26 (448299-3727560192): FeatureStatus of debug completed with status 1 (time 0).
01/18/2020 11:45:26 (448299-3727560192): FeatureStatus started ....
01/18/2020 11:45:26 (448299-3727560192): FeatureStatus of debug completed with status 1 (time 0).
01/18/2020 11:45:27 (448299-3727560192): FeatureStatus started ....
01/18/2020 11:45:27 (448299-3727560192): FeatureStatus of debug completed with status 1 (time 0).
01/18/2020 11:45:27 (448299-3727560192): FeatureStatus started ....
01/18/2020 11:45:27 (448299-3727560192): FeatureStatus of debug completed with status 1 (time 0).
01/18/2020 11:45:27 (448299-3727560192): FeatureStatus started ....
01/18/2020 11:45:27 (448299-3727560192): FeatureStatus of debug completed with status 1 (time 0).
01/18/2020 11:45:27 (448299-3727560192): FeatureStatus started ....
01/18/2020 11:45:27 (448299-3727560192): FeatureStatus of debug completed with status 1 (time 0).
01/18/2020 11:45:27 (448299-3727560192): FeatureStatus started ....
01/18/2020 11:45:27 (448299-3727560192): FeatureStatus of debug completed with status 1 (time 0).
01/18/2020 11:45:27 (448299-3727560192): FeatureStatus started ....
01/18/2020 11:45:27 (448299-3727560192): FeatureStatus of debug completed with status 1 (time 0).
01/18/2020 11:45:28 (448299-3727560192): FeatureStatus started ....
01/18/2020 11:45:28 (448299-3727560192): FeatureStatus of debug completed with status 1 (time 0).
01/18/2020 11:45:28 (448299-3727560192): FeatureStatus started ....
01/18/2020 11:45:28 (448299-3727560192): FeatureStatus of debug completed with status 1 (time 0).
01/18/2020 11:45:28 (448299-3727560192): FeatureStatus started ....
01/18/2020 11:45:28 (448299-3727560192): FeatureStatus of debug completed with status 1 (time 0).
01/18/2020 11:45:34 (448299-3727560192): FeatureStatus started ....
01/18/2020 11:45:34 (448299-3727560192): FeatureStatus of debug completed with status 1 (time 0).
01/18/2020 11:45:34 (448299-3727560192): FeatureStatus started ....
01/18/2020 11:45:34 (448299-3727560192): FeatureStatus of debug completed with status 1 (time 0).
01/18/2020 11:45:34 (448299-3727560192): FeatureStatus started ....
01/18/2020 11:45:34 (448299-3727560192): FeatureStatus of debug completed with status 1 (time 0).
01/18/2020 11:45:34 (448299-3727560192): FeatureStatus started ....
01/18/2020 11:45:34 (448299-3727560192): FeatureStatus of debug completed with status 1 (time 0).
01/18/2020 11:45:34 (448299-3727560192): FeatureStatus started ....
01/18/2020 11:45:34 (448299-3727560192): FeatureStatus of debug completed with status 1 (time 0).
01/18/2020 11:45:34 (448299-3727560192): FeatureStatus started ....
01/18/2020 11:45:34 (448299-3727560192): FeatureStatus of debug completed with status 1 (time 0).
01/18/2020 11:45:35 (448299-3727560192): FeatureStatus started ....
01/18/2020 11:45:35 (448299-3727560192): FeatureStatus of debug completed with status 1 (time 0).
01/18/2020 11:45:35 (448299-3727560192): FeatureStatus started ....
01/18/2020 11:45:35 (448299-3727560192): FeatureStatus of debug completed with status 1 (time 0).
01/18/2020 11:45:37 (448299-3727560192): FeatureStatus started ....
01/18/2020 11:45:37 (448299-3727560192): FeatureStatus of CICNG_801 completed with status 1 (time 0).
01/18/2020 11:45:46 (769420 libSelect): Initialization started (12.04-s027)...
01/18/2020 11:45:46 (769420): FLEXnet version 11.11.1.1 build 119913
01/18/2020 11:45:46 (769420): Process ID 16581
01/18/2020 11:45:46 (769420): Creating a new job ...
01/18/2020 11:45:46 (769420): Validating server path: 5821@tera.eng.hmc.edu:2222@theforce.eng.hmc.edu
01/18/2020 11:45:46 (769420): Server path validation status: 0
01/18/2020 11:45:46 (769420):   Configuration of license path is '5821@tera.eng.hmc.edu:2222@theforce.eng.hmc.edu'.
01/18/2020 11:45:46 (769420):   Configuration of recheck interval minimum is 290.
01/18/2020 11:45:46 (769420):   Configuration of 2000000000 maximum retry calls.
01/18/2020 11:45:46 (769420):   Configuration of sleep time value of 0.
01/18/2020 11:45:46 (769420):   Configuration of display specification is 'localhost:10.0'.
01/18/2020 11:45:46 (769420):   Licenses will be checked out using jschallert@Tera.Eng.HMC.Edu(localhost:10.0).
01/18/2020 11:45:46 (769420):   (System spec would have been jschallert@Tera.Eng.HMC.Edu() )
01/18/2020 11:45:46 (769420): Job creation completed with status 0 (time 0).
01/18/2020 11:45:46 (769420): Creating a new job ...
01/18/2020 11:45:46 (769420):   Configuration of license path is '5821@tera.eng.hmc.edu:2222@theforce.eng.hmc.edu'.
01/18/2020 11:45:46 (769420):   Configuration of recheck interval minimum is 290.
01/18/2020 11:45:46 (769420):   Configuration of 2000000000 maximum retry calls.
01/18/2020 11:45:46 (769420):   Configuration of sleep time value of 0.
01/18/2020 11:45:46 (769420):   Configuration of display specification is 'localhost:10.0'.
01/18/2020 11:45:46 (769420):   Licenses will be checked out using jschallert@Tera.Eng.HMC.Edu(localhost:10.0).
01/18/2020 11:45:46 (769420):   (System spec would have been jschallert@Tera.Eng.HMC.Edu() )
01/18/2020 11:45:46 (769420): Job creation completed with status 0 (time 0).
01/18/2020 11:45:46 (769420): Creating a new job ...
01/18/2020 11:45:46 (769420):   Configuration of license path is '5821@tera.eng.hmc.edu:2222@theforce.eng.hmc.edu'.
01/18/2020 11:45:46 (769420):   Configuration of recheck interval minimum is 290.
01/18/2020 11:45:46 (769420):   Configuration of 2000000000 maximum retry calls.
01/18/2020 11:45:46 (769420):   Configuration of sleep time value of 0.
01/18/2020 11:45:46 (769420):   Configuration of display specification is 'localhost:10.0'.
01/18/2020 11:45:46 (769420):   Licenses will be checked out using jschallert@Tera.Eng.HMC.Edu(localhost:10.0).
01/18/2020 11:45:46 (769420):   (System spec would have been jschallert@Tera.Eng.HMC.Edu() )
01/18/2020 11:45:46 (769420): Job creation completed with status 0 (time 0).
01/18/2020 11:45:46 (769420): Creating a new job ...
01/18/2020 11:45:46 (769420):   Configuration of license path is '5821@tera.eng.hmc.edu:2222@theforce.eng.hmc.edu'.
01/18/2020 11:45:46 (769420):   Configuration of recheck interval minimum is 290.
01/18/2020 11:45:46 (769420):   Configuration of 2000000000 maximum retry calls.
01/18/2020 11:45:46 (769420):   Configuration of sleep time value of 0.
01/18/2020 11:45:46 (769420):   Configuration of display specification is 'localhost:10.0'.
01/18/2020 11:45:46 (769420):   Licenses will be checked out using jschallert@Tera.Eng.HMC.Edu(localhost:10.0).
01/18/2020 11:45:46 (769420):   (System spec would have been jschallert@Tera.Eng.HMC.Edu() )
01/18/2020 11:45:46 (769420): Job creation completed with status 0 (time 0).
01/18/2020 11:45:46 (769420): Creating a new job ...
01/18/2020 11:45:46 (769420):   Configuration of license path is '5821@tera.eng.hmc.edu:2222@theforce.eng.hmc.edu'.
01/18/2020 11:45:46 (769420):   Configuration of recheck interval minimum is 290.
01/18/2020 11:45:46 (769420):   Configuration of 2000000000 maximum retry calls.
01/18/2020 11:45:46 (769420):   Configuration of sleep time value of 0.
01/18/2020 11:45:46 (769420):   Configuration of display specification is 'localhost:10.0'.
01/18/2020 11:45:46 (769420):   Licenses will be checked out using jschallert@Tera.Eng.HMC.Edu(localhost:10.0).
01/18/2020 11:45:46 (769420):   (System spec would have been jschallert@Tera.Eng.HMC.Edu() )
01/18/2020 11:45:46 (769420): Job creation completed with status 0 (time 0).
01/18/2020 11:45:46 (769420): Initialization completed with status 0 (time 0).
01/18/2020 11:45:46 (769420): FeatureStatus started ....
01/18/2020 11:45:46 (769420): FeatureStatus of debug completed with status 1 (time 0).
01/18/2020 11:45:55 (203803 libManager): Initialization started (12.04-s027)...
01/18/2020 11:45:55 (203803): FLEXnet version 11.11.1.1 build 119913
01/18/2020 11:45:55 (203803): Process ID 16682
01/18/2020 11:45:55 (203803): Creating a new job ...
01/18/2020 11:45:55 (203803): Validating server path: 5821@tera.eng.hmc.edu:2222@theforce.eng.hmc.edu
01/18/2020 11:45:55 (203803): Server path validation status: 0
01/18/2020 11:45:55 (203803):   Configuration of license path is '5821@tera.eng.hmc.edu:2222@theforce.eng.hmc.edu'.
01/18/2020 11:45:55 (203803):   Configuration of recheck interval minimum is 290.
01/18/2020 11:45:55 (203803):   Configuration of 2000000000 maximum retry calls.
01/18/2020 11:45:55 (203803):   Configuration of sleep time value of 0.
01/18/2020 11:45:55 (203803):   Configuration of display specification is 'localhost:10.0'.
01/18/2020 11:45:55 (203803):   Licenses will be checked out using jschallert@Tera.Eng.HMC.Edu(localhost:10.0).
01/18/2020 11:45:55 (203803):   (System spec would have been jschallert@Tera.Eng.HMC.Edu() )
01/18/2020 11:45:55 (203803): Job creation completed with status 0 (time 0).
01/18/2020 11:45:55 (203803): Creating a new job ...
01/18/2020 11:45:55 (203803):   Configuration of license path is '5821@tera.eng.hmc.edu:2222@theforce.eng.hmc.edu'.
01/18/2020 11:45:55 (203803):   Configuration of recheck interval minimum is 290.
01/18/2020 11:45:55 (203803):   Configuration of 2000000000 maximum retry calls.
01/18/2020 11:45:55 (203803):   Configuration of sleep time value of 0.
01/18/2020 11:45:55 (203803):   Configuration of display specification is 'localhost:10.0'.
01/18/2020 11:45:55 (203803):   Licenses will be checked out using jschallert@Tera.Eng.HMC.Edu(localhost:10.0).
01/18/2020 11:45:55 (203803):   (System spec would have been jschallert@Tera.Eng.HMC.Edu() )
01/18/2020 11:45:55 (203803): Job creation completed with status 0 (time 0).
01/18/2020 11:45:55 (203803): Creating a new job ...
01/18/2020 11:45:55 (203803):   Configuration of license path is '5821@tera.eng.hmc.edu:2222@theforce.eng.hmc.edu'.
01/18/2020 11:45:55 (203803):   Configuration of recheck interval minimum is 290.
01/18/2020 11:45:55 (203803):   Configuration of 2000000000 maximum retry calls.
01/18/2020 11:45:55 (203803):   Configuration of sleep time value of 0.
01/18/2020 11:45:55 (203803):   Configuration of display specification is 'localhost:10.0'.
01/18/2020 11:45:55 (203803):   Licenses will be checked out using jschallert@Tera.Eng.HMC.Edu(localhost:10.0).
01/18/2020 11:45:55 (203803):   (System spec would have been jschallert@Tera.Eng.HMC.Edu() )
01/18/2020 11:45:55 (203803): Job creation completed with status 0 (time 0).
01/18/2020 11:45:55 (203803): Creating a new job ...
01/18/2020 11:45:55 (203803):   Configuration of license path is '5821@tera.eng.hmc.edu:2222@theforce.eng.hmc.edu'.
01/18/2020 11:45:55 (203803):   Configuration of recheck interval minimum is 290.
01/18/2020 11:45:55 (203803):   Configuration of 2000000000 maximum retry calls.
01/18/2020 11:45:55 (203803):   Configuration of sleep time value of 0.
01/18/2020 11:45:55 (203803):   Configuration of display specification is 'localhost:10.0'.
01/18/2020 11:45:55 (203803):   Licenses will be checked out using jschallert@Tera.Eng.HMC.Edu(localhost:10.0).
01/18/2020 11:45:55 (203803):   (System spec would have been jschallert@Tera.Eng.HMC.Edu() )
01/18/2020 11:45:55 (203803): Job creation completed with status 0 (time 0).
01/18/2020 11:45:55 (203803): Creating a new job ...
01/18/2020 11:45:55 (203803):   Configuration of license path is '5821@tera.eng.hmc.edu:2222@theforce.eng.hmc.edu'.
01/18/2020 11:45:55 (203803):   Configuration of recheck interval minimum is 290.
01/18/2020 11:45:55 (203803):   Configuration of 2000000000 maximum retry calls.
01/18/2020 11:45:55 (203803):   Configuration of sleep time value of 0.
01/18/2020 11:45:55 (203803):   Configuration of display specification is 'localhost:10.0'.
01/18/2020 11:45:55 (203803):   Licenses will be checked out using jschallert@Tera.Eng.HMC.Edu(localhost:10.0).
01/18/2020 11:45:55 (203803):   (System spec would have been jschallert@Tera.Eng.HMC.Edu() )
01/18/2020 11:45:55 (203803): Job creation completed with status 0 (time 0).
01/18/2020 11:45:55 (203803): Initialization completed with status 0 (time 0).
01/18/2020 11:45:55 (203803): FeatureStatus started ....
01/18/2020 11:45:55 (203803): FeatureStatus of debug completed with status 1 (time 0).
01/18/2020 11:45:56 (448299-3727560192): FeatureStatus started ....
01/18/2020 11:45:56 (448299-3727560192): FeatureStatus of debug completed with status 1 (time 0).
01/18/2020 11:45:56 (448299-3727560192): Recheck started ....
01/18/2020 11:45:56 (448299-3727560192):   Checking feature 111
01/18/2020 11:45:56 (448299-3727560192):   Time spent in server Recheck was 0.
01/18/2020 11:45:56 (448299-3727560192): Re-check completed with status 0 (time 0).
01/18/2020 11:49:48 (448299-3727560192): Recheck started ....
01/18/2020 11:49:48 (448299-3727560192):   Actual recheck skipped due to recheck interval...
01/18/2020 11:49:48 (448299-3727560192): Re-check completed with status 0 (time 0).
01/18/2020 11:49:55 (448299-3727560192): Recheck started ....
01/18/2020 11:49:55 (448299-3727560192):   Actual recheck skipped due to recheck interval...
01/18/2020 11:49:55 (448299-3727560192): Re-check completed with status 0 (time 0).
01/18/2020 11:49:55 (769420): Exit started ....
01/18/2020 11:49:55 (769420): Exit completed with status 0 (time 0).
01/18/2020 11:49:56 (203803): Exit started ....
01/18/2020 11:49:56 (203803): Exit completed with status 0 (time 0).
01/18/2020 11:49:58 (448299-3727560192): Exit started ....
01/18/2020 11:49:58 (448299-3727560192): Creating a new job ...
01/18/2020 11:49:58 (448299-3727560192): Validating server path: 5821@tera.eng.hmc.edu:2222@theforce.eng.hmc.edu
01/18/2020 11:49:58 (448299-3727560192): Server path validation status: 0
01/18/2020 11:49:58 (448299-3727560192):   Configuration of license path is '5821@tera.eng.hmc.edu:2222@theforce.eng.hmc.edu'.
01/18/2020 11:49:58 (448299-3727560192):   Configuration of recheck interval minimum is 290.
01/18/2020 11:49:58 (448299-3727560192):   Configuration of 2000000000 maximum retry calls.
01/18/2020 11:49:58 (448299-3727560192):   Configuration of sleep time value of 0.
01/18/2020 11:49:58 (448299-3727560192):   Configuration of display specification is 'localhost:10.0'.
01/18/2020 11:49:58 (448299-3727560192):   Licenses will be checked out using jschallert@Tera.Eng.HMC.Edu(localhost:10.0).
01/18/2020 11:49:58 (448299-3727560192):   (System spec would have been jschallert@Tera.Eng.HMC.Edu(/dev/pts/1) )
01/18/2020 11:49:58 (448299-3727560192): Job creation completed with status 0 (time 0).
01/18/2020 11:49:58 (448299-3727560192): Check-in (Increment) of 111 completed with status 0 (time 0).
01/18/2020 11:49:58 (448299-3727560192): Exit completed with status 0 (time 0).
01/18/2020 13:38:24 (378431-2186890752 virtuoso): Initialization started (12.04-s027)...
01/18/2020 13:38:24 (378431-2186890752): FLEXnet version 11.11.1.1 build 119913
01/18/2020 13:38:24 (378431-2186890752): Process ID 24449
01/18/2020 13:38:24 (378431-2186890752): Using command line option -display for DISPLAY ((null))
01/18/2020 13:38:24 (378431-2186890752): Creating a new job ...
01/18/2020 13:38:24 (378431-2186890752): Validating server path: 5821@tera.eng.hmc.edu:2222@theforce.eng.hmc.edu
01/18/2020 13:38:24 (378431-2186890752): Server path validation status: 0
01/18/2020 13:38:24 (378431-2186890752):   Configuration of license path is '5821@tera.eng.hmc.edu:2222@theforce.eng.hmc.edu'.
01/18/2020 13:38:24 (378431-2186890752):   Configuration of recheck interval minimum is 290.
01/18/2020 13:38:24 (378431-2186890752):   Configuration of 2000000000 maximum retry calls.
01/18/2020 13:38:24 (378431-2186890752):   Configuration of sleep time value of 0.
01/18/2020 13:38:24 (378431-2186890752):   Configuration of display specification is 'unix:0'.
01/18/2020 13:38:24 (378431-2186890752):   Licenses will be checked out using jschallert@Tera.Eng.HMC.Edu(unix:0).
01/18/2020 13:38:24 (378431-2186890752):   (System spec would have been jschallert@Tera.Eng.HMC.Edu(/dev/pts/1) )
01/18/2020 13:38:24 (378431-2186890752): Job creation completed with status 0 (time 0).
01/18/2020 13:38:24 (378431-2186890752): Creating a new job ...
01/18/2020 13:38:24 (378431-2186890752):   Configuration of license path is '5821@tera.eng.hmc.edu:2222@theforce.eng.hmc.edu'.
01/18/2020 13:38:24 (378431-2186890752):   Configuration of recheck interval minimum is 290.
01/18/2020 13:38:24 (378431-2186890752):   Configuration of 2000000000 maximum retry calls.
01/18/2020 13:38:24 (378431-2186890752):   Configuration of sleep time value of 0.
01/18/2020 13:38:24 (378431-2186890752):   Configuration of display specification is 'unix:0'.
01/18/2020 13:38:24 (378431-2186890752):   Licenses will be checked out using jschallert@Tera.Eng.HMC.Edu(unix:0).
01/18/2020 13:38:24 (378431-2186890752):   (System spec would have been jschallert@Tera.Eng.HMC.Edu(/dev/pts/1) )
01/18/2020 13:38:24 (378431-2186890752): Job creation completed with status 0 (time 0).
01/18/2020 13:38:24 (378431-2186890752): Creating a new job ...
01/18/2020 13:38:24 (378431-2186890752):   Configuration of license path is '5821@tera.eng.hmc.edu:2222@theforce.eng.hmc.edu'.
01/18/2020 13:38:24 (378431-2186890752):   Configuration of recheck interval minimum is 290.
01/18/2020 13:38:24 (378431-2186890752):   Configuration of 2000000000 maximum retry calls.
01/18/2020 13:38:24 (378431-2186890752):   Configuration of sleep time value of 0.
01/18/2020 13:38:24 (378431-2186890752):   Configuration of display specification is 'unix:0'.
01/18/2020 13:38:24 (378431-2186890752):   Licenses will be checked out using jschallert@Tera.Eng.HMC.Edu(unix:0).
01/18/2020 13:38:24 (378431-2186890752):   (System spec would have been jschallert@Tera.Eng.HMC.Edu(/dev/pts/1) )
01/18/2020 13:38:24 (378431-2186890752): Job creation completed with status 0 (time 0).
01/18/2020 13:38:24 (378431-2186890752): Creating a new job ...
01/18/2020 13:38:24 (378431-2186890752):   Configuration of license path is '5821@tera.eng.hmc.edu:2222@theforce.eng.hmc.edu'.
01/18/2020 13:38:24 (378431-2186890752):   Configuration of recheck interval minimum is 290.
01/18/2020 13:38:24 (378431-2186890752):   Configuration of 2000000000 maximum retry calls.
01/18/2020 13:38:24 (378431-2186890752):   Configuration of sleep time value of 0.
01/18/2020 13:38:24 (378431-2186890752):   Configuration of display specification is 'unix:0'.
01/18/2020 13:38:24 (378431-2186890752):   Licenses will be checked out using jschallert@Tera.Eng.HMC.Edu(unix:0).
01/18/2020 13:38:24 (378431-2186890752):   (System spec would have been jschallert@Tera.Eng.HMC.Edu(/dev/pts/1) )
01/18/2020 13:38:24 (378431-2186890752): Job creation completed with status 0 (time 0).
01/18/2020 13:38:24 (378431-2186890752): Creating a new job ...
01/18/2020 13:38:24 (378431-2186890752):   Configuration of license path is '5821@tera.eng.hmc.edu:2222@theforce.eng.hmc.edu'.
01/18/2020 13:38:24 (378431-2186890752):   Configuration of recheck interval minimum is 290.
01/18/2020 13:38:24 (378431-2186890752):   Configuration of 2000000000 maximum retry calls.
01/18/2020 13:38:24 (378431-2186890752):   Configuration of sleep time value of 0.
01/18/2020 13:38:24 (378431-2186890752):   Configuration of display specification is 'unix:0'.
01/18/2020 13:38:24 (378431-2186890752):   Licenses will be checked out using jschallert@Tera.Eng.HMC.Edu(unix:0).
01/18/2020 13:38:24 (378431-2186890752):   (System spec would have been jschallert@Tera.Eng.HMC.Edu(/dev/pts/1) )
01/18/2020 13:38:24 (378431-2186890752): Job creation completed with status 0 (time 0).
01/18/2020 13:38:24 (378431-2186890752): Initialization completed with status 0 (time 0).
01/18/2020 13:38:24 (378431-2186890752): Exit started ....
01/18/2020 13:38:24 (378431-2186890752): Exit completed with status 0 (time 0).
01/18/2020 13:42:27 (522704-4289859072 virtuoso): Initialization started (12.04-s027)...
01/18/2020 13:42:27 (522704-4289859072): FLEXnet version 11.11.1.1 build 119913
01/18/2020 13:42:27 (522704-4289859072): Process ID 24855
01/18/2020 13:42:27 (522704-4289859072): Using command line option -display for DISPLAY ((null))
01/18/2020 13:42:27 (522704-4289859072): Creating a new job ...
01/18/2020 13:42:27 (522704-4289859072): Validating server path: 5821@tera.eng.hmc.edu:2222@theforce.eng.hmc.edu
01/18/2020 13:42:27 (522704-4289859072): Server path validation status: 0
01/18/2020 13:42:27 (522704-4289859072):   Configuration of license path is '5821@tera.eng.hmc.edu:2222@theforce.eng.hmc.edu'.
01/18/2020 13:42:27 (522704-4289859072):   Configuration of recheck interval minimum is 290.
01/18/2020 13:42:27 (522704-4289859072):   Configuration of 2000000000 maximum retry calls.
01/18/2020 13:42:27 (522704-4289859072):   Configuration of sleep time value of 0.
01/18/2020 13:42:27 (522704-4289859072):   Configuration of display specification is 'unix:0'.
01/18/2020 13:42:27 (522704-4289859072):   Licenses will be checked out using jschallert@Tera.Eng.HMC.Edu(unix:0).
01/18/2020 13:42:27 (522704-4289859072):   (System spec would have been jschallert@Tera.Eng.HMC.Edu(/dev/pts/1) )
01/18/2020 13:42:27 (522704-4289859072): Job creation completed with status 0 (time 0).
01/18/2020 13:42:27 (522704-4289859072): Creating a new job ...
01/18/2020 13:42:27 (522704-4289859072):   Configuration of license path is '5821@tera.eng.hmc.edu:2222@theforce.eng.hmc.edu'.
01/18/2020 13:42:27 (522704-4289859072):   Configuration of recheck interval minimum is 290.
01/18/2020 13:42:27 (522704-4289859072):   Configuration of 2000000000 maximum retry calls.
01/18/2020 13:42:27 (522704-4289859072):   Configuration of sleep time value of 0.
01/18/2020 13:42:27 (522704-4289859072):   Configuration of display specification is 'unix:0'.
01/18/2020 13:42:27 (522704-4289859072):   Licenses will be checked out using jschallert@Tera.Eng.HMC.Edu(unix:0).
01/18/2020 13:42:27 (522704-4289859072):   (System spec would have been jschallert@Tera.Eng.HMC.Edu(/dev/pts/1) )
01/18/2020 13:42:27 (522704-4289859072): Job creation completed with status 0 (time 0).
01/18/2020 13:42:27 (522704-4289859072): Creating a new job ...
01/18/2020 13:42:27 (522704-4289859072):   Configuration of license path is '5821@tera.eng.hmc.edu:2222@theforce.eng.hmc.edu'.
01/18/2020 13:42:27 (522704-4289859072):   Configuration of recheck interval minimum is 290.
01/18/2020 13:42:27 (522704-4289859072):   Configuration of 2000000000 maximum retry calls.
01/18/2020 13:42:27 (522704-4289859072):   Configuration of sleep time value of 0.
01/18/2020 13:42:27 (522704-4289859072):   Configuration of display specification is 'unix:0'.
01/18/2020 13:42:27 (522704-4289859072):   Licenses will be checked out using jschallert@Tera.Eng.HMC.Edu(unix:0).
01/18/2020 13:42:27 (522704-4289859072):   (System spec would have been jschallert@Tera.Eng.HMC.Edu(/dev/pts/1) )
01/18/2020 13:42:27 (522704-4289859072): Job creation completed with status 0 (time 0).
01/18/2020 13:42:27 (522704-4289859072): Creating a new job ...
01/18/2020 13:42:27 (522704-4289859072):   Configuration of license path is '5821@tera.eng.hmc.edu:2222@theforce.eng.hmc.edu'.
01/18/2020 13:42:27 (522704-4289859072):   Configuration of recheck interval minimum is 290.
01/18/2020 13:42:27 (522704-4289859072):   Configuration of 2000000000 maximum retry calls.
01/18/2020 13:42:27 (522704-4289859072):   Configuration of sleep time value of 0.
01/18/2020 13:42:27 (522704-4289859072):   Configuration of display specification is 'unix:0'.
01/18/2020 13:42:27 (522704-4289859072):   Licenses will be checked out using jschallert@Tera.Eng.HMC.Edu(unix:0).
01/18/2020 13:42:27 (522704-4289859072):   (System spec would have been jschallert@Tera.Eng.HMC.Edu(/dev/pts/1) )
01/18/2020 13:42:27 (522704-4289859072): Job creation completed with status 0 (time 0).
01/18/2020 13:42:27 (522704-4289859072): Creating a new job ...
01/18/2020 13:42:27 (522704-4289859072):   Configuration of license path is '5821@tera.eng.hmc.edu:2222@theforce.eng.hmc.edu'.
01/18/2020 13:42:27 (522704-4289859072):   Configuration of recheck interval minimum is 290.
01/18/2020 13:42:27 (522704-4289859072):   Configuration of 2000000000 maximum retry calls.
01/18/2020 13:42:27 (522704-4289859072):   Configuration of sleep time value of 0.
01/18/2020 13:42:27 (522704-4289859072):   Configuration of display specification is 'unix:0'.
01/18/2020 13:42:27 (522704-4289859072):   Licenses will be checked out using jschallert@Tera.Eng.HMC.Edu(unix:0).
01/18/2020 13:42:27 (522704-4289859072):   (System spec would have been jschallert@Tera.Eng.HMC.Edu(/dev/pts/1) )
01/18/2020 13:42:27 (522704-4289859072): Job creation completed with status 0 (time 0).
01/18/2020 13:42:27 (522704-4289859072): Initialization completed with status 0 (time 0).
01/18/2020 13:42:27 (522704-4289859072): Exit started ....
01/18/2020 13:42:27 (522704-4289859072): Exit completed with status 0 (time 0).
01/18/2020 13:43:25 (812654-355470848 virtuoso): Initialization started (12.04-s027)...
01/18/2020 13:43:25 (812654-355470848): FLEXnet version 11.11.1.1 build 119913
01/18/2020 13:43:25 (812654-355470848): Process ID 25180
01/18/2020 13:43:25 (812654-355470848): Using command line option -display for DISPLAY ((null))
01/18/2020 13:43:25 (812654-355470848): Creating a new job ...
01/18/2020 13:43:25 (812654-355470848): Validating server path: 5821@tera.eng.hmc.edu:2222@theforce.eng.hmc.edu
01/18/2020 13:43:25 (812654-355470848): Server path validation status: 0
01/18/2020 13:43:25 (812654-355470848):   Configuration of license path is '5821@tera.eng.hmc.edu:2222@theforce.eng.hmc.edu'.
01/18/2020 13:43:25 (812654-355470848):   Configuration of recheck interval minimum is 290.
01/18/2020 13:43:25 (812654-355470848):   Configuration of 2000000000 maximum retry calls.
01/18/2020 13:43:25 (812654-355470848):   Configuration of sleep time value of 0.
01/18/2020 13:43:25 (812654-355470848):   Configuration of display specification is 'unix:0'.
01/18/2020 13:43:25 (812654-355470848):   Licenses will be checked out using jschallert@Tera.Eng.HMC.Edu(unix:0).
01/18/2020 13:43:25 (812654-355470848):   (System spec would have been jschallert@Tera.Eng.HMC.Edu(/dev/pts/1) )
01/18/2020 13:43:25 (812654-355470848): Job creation completed with status 0 (time 0).
01/18/2020 13:43:25 (812654-355470848): Creating a new job ...
01/18/2020 13:43:25 (812654-355470848):   Configuration of license path is '5821@tera.eng.hmc.edu:2222@theforce.eng.hmc.edu'.
01/18/2020 13:43:25 (812654-355470848):   Configuration of recheck interval minimum is 290.
01/18/2020 13:43:25 (812654-355470848):   Configuration of 2000000000 maximum retry calls.
01/18/2020 13:43:25 (812654-355470848):   Configuration of sleep time value of 0.
01/18/2020 13:43:25 (812654-355470848):   Configuration of display specification is 'unix:0'.
01/18/2020 13:43:25 (812654-355470848):   Licenses will be checked out using jschallert@Tera.Eng.HMC.Edu(unix:0).
01/18/2020 13:43:25 (812654-355470848):   (System spec would have been jschallert@Tera.Eng.HMC.Edu(/dev/pts/1) )
01/18/2020 13:43:25 (812654-355470848): Job creation completed with status 0 (time 0).
01/18/2020 13:43:25 (812654-355470848): Creating a new job ...
01/18/2020 13:43:25 (812654-355470848):   Configuration of license path is '5821@tera.eng.hmc.edu:2222@theforce.eng.hmc.edu'.
01/18/2020 13:43:25 (812654-355470848):   Configuration of recheck interval minimum is 290.
01/18/2020 13:43:25 (812654-355470848):   Configuration of 2000000000 maximum retry calls.
01/18/2020 13:43:25 (812654-355470848):   Configuration of sleep time value of 0.
01/18/2020 13:43:25 (812654-355470848):   Configuration of display specification is 'unix:0'.
01/18/2020 13:43:25 (812654-355470848):   Licenses will be checked out using jschallert@Tera.Eng.HMC.Edu(unix:0).
01/18/2020 13:43:25 (812654-355470848):   (System spec would have been jschallert@Tera.Eng.HMC.Edu(/dev/pts/1) )
01/18/2020 13:43:25 (812654-355470848): Job creation completed with status 0 (time 0).
01/18/2020 13:43:25 (812654-355470848): Creating a new job ...
01/18/2020 13:43:25 (812654-355470848):   Configuration of license path is '5821@tera.eng.hmc.edu:2222@theforce.eng.hmc.edu'.
01/18/2020 13:43:25 (812654-355470848):   Configuration of recheck interval minimum is 290.
01/18/2020 13:43:25 (812654-355470848):   Configuration of 2000000000 maximum retry calls.
01/18/2020 13:43:25 (812654-355470848):   Configuration of sleep time value of 0.
01/18/2020 13:43:25 (812654-355470848):   Configuration of display specification is 'unix:0'.
01/18/2020 13:43:25 (812654-355470848):   Licenses will be checked out using jschallert@Tera.Eng.HMC.Edu(unix:0).
01/18/2020 13:43:25 (812654-355470848):   (System spec would have been jschallert@Tera.Eng.HMC.Edu(/dev/pts/1) )
01/18/2020 13:43:25 (812654-355470848): Job creation completed with status 0 (time 0).
01/18/2020 13:43:25 (812654-355470848): Creating a new job ...
01/18/2020 13:43:25 (812654-355470848):   Configuration of license path is '5821@tera.eng.hmc.edu:2222@theforce.eng.hmc.edu'.
01/18/2020 13:43:25 (812654-355470848):   Configuration of recheck interval minimum is 290.
01/18/2020 13:43:25 (812654-355470848):   Configuration of 2000000000 maximum retry calls.
01/18/2020 13:43:25 (812654-355470848):   Configuration of sleep time value of 0.
01/18/2020 13:43:25 (812654-355470848):   Configuration of display specification is 'unix:0'.
01/18/2020 13:43:26 (812654-355470848):   Licenses will be checked out using jschallert@Tera.Eng.HMC.Edu(unix:0).
01/18/2020 13:43:26 (812654-355470848):   (System spec would have been jschallert@Tera.Eng.HMC.Edu(/dev/pts/1) )
01/18/2020 13:43:26 (812654-355470848): Job creation completed with status 0 (time 1).
01/18/2020 13:43:26 (812654-355470848): Initialization completed with status 0 (time 1).
01/18/2020 13:43:26 (812654-355470848): Exit started ....
01/18/2020 13:43:26 (812654-355470848): Exit completed with status 0 (time 0).
02/16/2020 23:59:14 (491897-6884864 virtuoso): Initialization started (12.04-s027)...
02/16/2020 23:59:14 (491897-6884864): FLEXnet version 11.11.1.1 build 119913
02/16/2020 23:59:14 (491897-6884864): Process ID 5902
02/16/2020 23:59:14 (491897-6884864): Using command line option -display for DISPLAY ((null))
02/16/2020 23:59:14 (491897-6884864): Creating a new job ...
02/16/2020 23:59:14 (491897-6884864): Validating server path: 5821@tera.eng.hmc.edu:2222@theforce.eng.hmc.edu
02/16/2020 23:59:14 (491897-6884864): Server path validation status: 0
02/16/2020 23:59:14 (491897-6884864):   Configuration of license path is '5821@tera.eng.hmc.edu:2222@theforce.eng.hmc.edu'.
02/16/2020 23:59:14 (491897-6884864):   Configuration of recheck interval minimum is 290.
02/16/2020 23:59:14 (491897-6884864):   Configuration of 2000000000 maximum retry calls.
02/16/2020 23:59:14 (491897-6884864):   Configuration of sleep time value of 0.
02/16/2020 23:59:14 (491897-6884864):   Configuration of display specification is 'localhost:12.0'.
02/16/2020 23:59:14 (491897-6884864):   Licenses will be checked out using jschallert@Tera.Eng.HMC.Edu(localhost:12.0).
02/16/2020 23:59:14 (491897-6884864):   (System spec would have been jschallert@Tera.Eng.HMC.Edu(/dev/pts/5) )
02/16/2020 23:59:14 (491897-6884864): Job creation completed with status 0 (time 0).
02/16/2020 23:59:14 (491897-6884864): Creating a new job ...
02/16/2020 23:59:14 (491897-6884864):   Configuration of license path is '5821@tera.eng.hmc.edu:2222@theforce.eng.hmc.edu'.
02/16/2020 23:59:14 (491897-6884864):   Configuration of recheck interval minimum is 290.
02/16/2020 23:59:14 (491897-6884864):   Configuration of 2000000000 maximum retry calls.
02/16/2020 23:59:14 (491897-6884864):   Configuration of sleep time value of 0.
02/16/2020 23:59:14 (491897-6884864):   Configuration of display specification is 'localhost:12.0'.
02/16/2020 23:59:14 (491897-6884864):   Licenses will be checked out using jschallert@Tera.Eng.HMC.Edu(localhost:12.0).
02/16/2020 23:59:14 (491897-6884864):   (System spec would have been jschallert@Tera.Eng.HMC.Edu(/dev/pts/5) )
02/16/2020 23:59:14 (491897-6884864): Job creation completed with status 0 (time 0).
02/16/2020 23:59:14 (491897-6884864): Creating a new job ...
02/16/2020 23:59:14 (491897-6884864):   Configuration of license path is '5821@tera.eng.hmc.edu:2222@theforce.eng.hmc.edu'.
02/16/2020 23:59:14 (491897-6884864):   Configuration of recheck interval minimum is 290.
02/16/2020 23:59:14 (491897-6884864):   Configuration of 2000000000 maximum retry calls.
02/16/2020 23:59:14 (491897-6884864):   Configuration of sleep time value of 0.
02/16/2020 23:59:14 (491897-6884864):   Configuration of display specification is 'localhost:12.0'.
02/16/2020 23:59:14 (491897-6884864):   Licenses will be checked out using jschallert@Tera.Eng.HMC.Edu(localhost:12.0).
02/16/2020 23:59:14 (491897-6884864):   (System spec would have been jschallert@Tera.Eng.HMC.Edu(/dev/pts/5) )
02/16/2020 23:59:14 (491897-6884864): Job creation completed with status 0 (time 0).
02/16/2020 23:59:14 (491897-6884864): Creating a new job ...
02/16/2020 23:59:14 (491897-6884864):   Configuration of license path is '5821@tera.eng.hmc.edu:2222@theforce.eng.hmc.edu'.
02/16/2020 23:59:14 (491897-6884864):   Configuration of recheck interval minimum is 290.
02/16/2020 23:59:14 (491897-6884864):   Configuration of 2000000000 maximum retry calls.
02/16/2020 23:59:14 (491897-6884864):   Configuration of sleep time value of 0.
02/16/2020 23:59:14 (491897-6884864):   Configuration of display specification is 'localhost:12.0'.
02/16/2020 23:59:14 (491897-6884864):   Licenses will be checked out using jschallert@Tera.Eng.HMC.Edu(localhost:12.0).
02/16/2020 23:59:14 (491897-6884864):   (System spec would have been jschallert@Tera.Eng.HMC.Edu(/dev/pts/5) )
02/16/2020 23:59:14 (491897-6884864): Job creation completed with status 0 (time 0).
02/16/2020 23:59:14 (491897-6884864): Creating a new job ...
02/16/2020 23:59:14 (491897-6884864):   Configuration of license path is '5821@tera.eng.hmc.edu:2222@theforce.eng.hmc.edu'.
02/16/2020 23:59:14 (491897-6884864):   Configuration of recheck interval minimum is 290.
02/16/2020 23:59:14 (491897-6884864):   Configuration of 2000000000 maximum retry calls.
02/16/2020 23:59:14 (491897-6884864):   Configuration of sleep time value of 0.
02/16/2020 23:59:14 (491897-6884864):   Configuration of display specification is 'localhost:12.0'.
02/16/2020 23:59:14 (491897-6884864):   Licenses will be checked out using jschallert@Tera.Eng.HMC.Edu(localhost:12.0).
02/16/2020 23:59:14 (491897-6884864):   (System spec would have been jschallert@Tera.Eng.HMC.Edu(/dev/pts/5) )
02/16/2020 23:59:14 (491897-6884864): Job creation completed with status 0 (time 0).
02/16/2020 23:59:14 (491897-6884864): Initialization completed with status 0 (time 0).
02/16/2020 23:59:20 (491897-6884864): FeatureStatus started ....
02/16/2020 23:59:20 (491897-6884864): FeatureStatus of 111 completed with status 1 (time 0).
02/16/2020 23:59:20 (491897-6884864): Check-out started ....
02/16/2020 23:59:20 (491897-6884864): Checking out 1 license(s) for 111 6.180...
02/16/2020 23:59:20 (491897-6884864):   (Checked out from file '5821@tera.eng.hmc.edu',
             line '6.18 15-dec-2020 380 8E9FA632C0C863958018 ')
02/16/2020 23:59:20 (491897-6884864): Check-out completed with status 0 (time 0).
02/16/2020 23:59:24 (491897-6884864): FeatureStatus started ....
02/16/2020 23:59:24 (491897-6884864): FeatureStatus of CICNG_812 completed with status 1 (time 0).
02/16/2020 23:59:24 (491897-6884864): FeatureStatus started ....
02/16/2020 23:59:24 (491897-6884864): FeatureStatus of debug completed with status 1 (time 0).
02/16/2020 23:59:25 (491897-6884864): FeatureStatus started ....
02/16/2020 23:59:25 (491897-6884864): FeatureStatus of debug completed with status 1 (time 0).
02/16/2020 23:59:25 (491897-6884864): FeatureStatus started ....
02/16/2020 23:59:25 (491897-6884864): FeatureStatus of debug completed with status 1 (time 0).
02/16/2020 23:59:25 (491897-6884864): FeatureStatus started ....
02/16/2020 23:59:25 (491897-6884864): FeatureStatus of debug completed with status 1 (time 0).
02/16/2020 23:59:25 (491897-6884864): FeatureStatus started ....
02/16/2020 23:59:25 (491897-6884864): FeatureStatus of skillDev completed with status 1 (time 0).
02/16/2020 23:59:25 (491897-6884864): FeatureStatus started ....
02/16/2020 23:59:25 (491897-6884864): FeatureStatus of debug completed with status 1 (time 0).
02/16/2020 23:59:25 (491897-6884864): FeatureStatus started ....
02/16/2020 23:59:25 (491897-6884864): FeatureStatus of debug completed with status 1 (time 0).
02/16/2020 23:59:25 (491897-6884864): FeatureStatus started ....
02/16/2020 23:59:25 (491897-6884864): FeatureStatus of debug completed with status 1 (time 0).
02/16/2020 23:59:25 (491897-6884864): FeatureStatus started ....
02/16/2020 23:59:25 (491897-6884864): FeatureStatus of debug completed with status 1 (time 0).
02/16/2020 23:59:25 (491897-6884864): FeatureStatus started ....
02/16/2020 23:59:25 (491897-6884864): FeatureStatus of debug completed with status 1 (time 0).
02/16/2020 23:59:25 (491897-6884864): FeatureStatus started ....
02/16/2020 23:59:25 (491897-6884864): FeatureStatus of debug completed with status 1 (time 0).
02/16/2020 23:59:25 (491897-6884864): FeatureStatus started ....
02/16/2020 23:59:25 (491897-6884864): FeatureStatus of debug completed with status 1 (time 0).
02/16/2020 23:59:25 (491897-6884864): FeatureStatus started ....
02/16/2020 23:59:25 (491897-6884864): FeatureStatus of debug completed with status 1 (time 0).
02/16/2020 23:59:25 (491897-6884864): FeatureStatus started ....
02/16/2020 23:59:25 (491897-6884864): FeatureStatus of debug completed with status 1 (time 0).
02/16/2020 23:59:25 (491897-6884864): FeatureStatus started ....
02/16/2020 23:59:25 (491897-6884864): FeatureStatus of debug completed with status 1 (time 0).
02/16/2020 23:59:25 (491897-6884864): FeatureStatus started ....
02/16/2020 23:59:25 (491897-6884864): FeatureStatus of debug completed with status 1 (time 0).
02/16/2020 23:59:25 (491897-6884864): FeatureStatus started ....
02/16/2020 23:59:25 (491897-6884864): FeatureStatus of debug completed with status 1 (time 0).
02/16/2020 23:59:25 (491897-6884864): FeatureStatus started ....
02/16/2020 23:59:25 (491897-6884864): FeatureStatus of debug completed with status 1 (time 0).
02/16/2020 23:59:25 (491897-6884864): FeatureStatus started ....
02/16/2020 23:59:25 (491897-6884864): FeatureStatus of debug completed with status 1 (time 0).
02/16/2020 23:59:25 (491897-6884864): FeatureStatus started ....
02/16/2020 23:59:25 (491897-6884864): FeatureStatus of debug completed with status 1 (time 0).
02/16/2020 23:59:25 (491897-6884864): FeatureStatus started ....
02/16/2020 23:59:25 (491897-6884864): FeatureStatus of debug completed with status 1 (time 0).
02/16/2020 23:59:25 (491897-6884864): FeatureStatus started ....
02/16/2020 23:59:25 (491897-6884864): FeatureStatus of debug completed with status 1 (time 0).
02/16/2020 23:59:25 (491897-6884864): FeatureStatus started ....
02/16/2020 23:59:25 (491897-6884864): FeatureStatus of debug completed with status 1 (time 0).
02/16/2020 23:59:25 (491897-6884864): FeatureStatus started ....
02/16/2020 23:59:25 (491897-6884864): FeatureStatus of debug completed with status 1 (time 0).
02/16/2020 23:59:25 (491897-6884864): FeatureStatus started ....
02/16/2020 23:59:25 (491897-6884864): FeatureStatus of debug completed with status 1 (time 0).
02/16/2020 23:59:25 (491897-6884864): FeatureStatus started ....
02/16/2020 23:59:25 (491897-6884864): FeatureStatus of debug completed with status 1 (time 0).
02/16/2020 23:59:25 (491897-6884864): FeatureStatus started ....
02/16/2020 23:59:25 (491897-6884864): FeatureStatus of debug completed with status 1 (time 0).
02/16/2020 23:59:25 (491897-6884864): FeatureStatus started ....
02/16/2020 23:59:25 (491897-6884864): FeatureStatus of debug completed with status 1 (time 0).
02/16/2020 23:59:26 (491897-6884864): FeatureStatus started ....
02/16/2020 23:59:26 (491897-6884864): FeatureStatus of debug completed with status 1 (time 0).
02/16/2020 23:59:26 (491897-6884864): FeatureStatus started ....
02/16/2020 23:59:26 (491897-6884864): FeatureStatus of debug completed with status 1 (time 0).
02/16/2020 23:59:26 (491897-6884864): FeatureStatus started ....
02/16/2020 23:59:26 (491897-6884864): FeatureStatus of debug completed with status 1 (time 0).
02/16/2020 23:59:26 (491897-6884864): FeatureStatus started ....
02/16/2020 23:59:26 (491897-6884864): FeatureStatus of debug completed with status 1 (time 0).
02/16/2020 23:59:26 (491897-6884864): FeatureStatus started ....
02/16/2020 23:59:26 (491897-6884864): FeatureStatus of debug completed with status 1 (time 0).
02/16/2020 23:59:26 (491897-6884864): FeatureStatus started ....
02/16/2020 23:59:26 (491897-6884864): FeatureStatus of debug completed with status 1 (time 0).
02/16/2020 23:59:27 (491897-6884864): FeatureStatus started ....
02/16/2020 23:59:27 (491897-6884864): FeatureStatus of debug completed with status 1 (time 0).
02/16/2020 23:59:27 (491897-6884864): FeatureStatus started ....
02/16/2020 23:59:27 (491897-6884864): FeatureStatus of debug completed with status 1 (time 0).
02/16/2020 23:59:27 (491897-6884864): FeatureStatus started ....
02/16/2020 23:59:27 (491897-6884864): FeatureStatus of debug completed with status 1 (time 0).
02/16/2020 23:59:27 (491897-6884864): FeatureStatus started ....
02/16/2020 23:59:27 (491897-6884864): FeatureStatus of debug completed with status 1 (time 0).
02/16/2020 23:59:27 (491897-6884864): FeatureStatus started ....
02/16/2020 23:59:27 (491897-6884864): FeatureStatus of debug completed with status 1 (time 0).
02/16/2020 23:59:27 (491897-6884864): FeatureStatus started ....
02/16/2020 23:59:27 (491897-6884864): FeatureStatus of debug completed with status 1 (time 0).
02/16/2020 23:59:27 (491897-6884864): FeatureStatus started ....
02/16/2020 23:59:27 (491897-6884864): FeatureStatus of debug completed with status 1 (time 0).
02/16/2020 23:59:27 (491897-6884864): FeatureStatus started ....
02/16/2020 23:59:27 (491897-6884864): FeatureStatus of debug completed with status 1 (time 0).
02/16/2020 23:59:27 (491897-6884864): FeatureStatus started ....
02/16/2020 23:59:27 (491897-6884864): FeatureStatus of debug completed with status 1 (time 0).
02/16/2020 23:59:30 (491897-6884864): FeatureStatus started ....
02/16/2020 23:59:30 (491897-6884864): FeatureStatus of CICNG_801 completed with status 1 (time 0).
02/16/2020 23:59:36 (44647 libSelect): Initialization started (12.04-s027)...
02/16/2020 23:59:36 (44647): FLEXnet version 11.11.1.1 build 119913
02/16/2020 23:59:36 (44647): Process ID 6157
02/16/2020 23:59:36 (44647): Creating a new job ...
02/16/2020 23:59:36 (44647): Validating server path: 5821@tera.eng.hmc.edu:2222@theforce.eng.hmc.edu
02/16/2020 23:59:36 (44647): Server path validation status: 0
02/16/2020 23:59:36 (44647):   Configuration of license path is '5821@tera.eng.hmc.edu:2222@theforce.eng.hmc.edu'.
02/16/2020 23:59:36 (44647):   Configuration of recheck interval minimum is 290.
02/16/2020 23:59:36 (44647):   Configuration of 2000000000 maximum retry calls.
02/16/2020 23:59:36 (44647):   Configuration of sleep time value of 0.
02/16/2020 23:59:36 (44647):   Configuration of display specification is 'localhost:12.0'.
02/16/2020 23:59:36 (44647):   Licenses will be checked out using jschallert@Tera.Eng.HMC.Edu(localhost:12.0).
02/16/2020 23:59:36 (44647):   (System spec would have been jschallert@Tera.Eng.HMC.Edu() )
02/16/2020 23:59:36 (44647): Job creation completed with status 0 (time 0).
02/16/2020 23:59:36 (44647): Creating a new job ...
02/16/2020 23:59:36 (44647):   Configuration of license path is '5821@tera.eng.hmc.edu:2222@theforce.eng.hmc.edu'.
02/16/2020 23:59:36 (44647):   Configuration of recheck interval minimum is 290.
02/16/2020 23:59:36 (44647):   Configuration of 2000000000 maximum retry calls.
02/16/2020 23:59:36 (44647):   Configuration of sleep time value of 0.
02/16/2020 23:59:36 (44647):   Configuration of display specification is 'localhost:12.0'.
02/16/2020 23:59:36 (44647):   Licenses will be checked out using jschallert@Tera.Eng.HMC.Edu(localhost:12.0).
02/16/2020 23:59:36 (44647):   (System spec would have been jschallert@Tera.Eng.HMC.Edu() )
02/16/2020 23:59:36 (44647): Job creation completed with status 0 (time 0).
02/16/2020 23:59:36 (44647): Creating a new job ...
02/16/2020 23:59:36 (44647):   Configuration of license path is '5821@tera.eng.hmc.edu:2222@theforce.eng.hmc.edu'.
02/16/2020 23:59:36 (44647):   Configuration of recheck interval minimum is 290.
02/16/2020 23:59:36 (44647):   Configuration of 2000000000 maximum retry calls.
02/16/2020 23:59:36 (44647):   Configuration of sleep time value of 0.
02/16/2020 23:59:36 (44647):   Configuration of display specification is 'localhost:12.0'.
02/16/2020 23:59:36 (44647):   Licenses will be checked out using jschallert@Tera.Eng.HMC.Edu(localhost:12.0).
02/16/2020 23:59:36 (44647):   (System spec would have been jschallert@Tera.Eng.HMC.Edu() )
02/16/2020 23:59:36 (44647): Job creation completed with status 0 (time 0).
02/16/2020 23:59:36 (44647): Creating a new job ...
02/16/2020 23:59:36 (44647):   Configuration of license path is '5821@tera.eng.hmc.edu:2222@theforce.eng.hmc.edu'.
02/16/2020 23:59:36 (44647):   Configuration of recheck interval minimum is 290.
02/16/2020 23:59:36 (44647):   Configuration of 2000000000 maximum retry calls.
02/16/2020 23:59:36 (44647):   Configuration of sleep time value of 0.
02/16/2020 23:59:36 (44647):   Configuration of display specification is 'localhost:12.0'.
02/16/2020 23:59:36 (44647):   Licenses will be checked out using jschallert@Tera.Eng.HMC.Edu(localhost:12.0).
02/16/2020 23:59:36 (44647):   (System spec would have been jschallert@Tera.Eng.HMC.Edu() )
02/16/2020 23:59:36 (44647): Job creation completed with status 0 (time 0).
02/16/2020 23:59:36 (44647): Creating a new job ...
02/16/2020 23:59:36 (44647):   Configuration of license path is '5821@tera.eng.hmc.edu:2222@theforce.eng.hmc.edu'.
02/16/2020 23:59:36 (44647):   Configuration of recheck interval minimum is 290.
02/16/2020 23:59:36 (44647):   Configuration of 2000000000 maximum retry calls.
02/16/2020 23:59:36 (44647):   Configuration of sleep time value of 0.
02/16/2020 23:59:36 (44647):   Configuration of display specification is 'localhost:12.0'.
02/16/2020 23:59:36 (44647):   Licenses will be checked out using jschallert@Tera.Eng.HMC.Edu(localhost:12.0).
02/16/2020 23:59:36 (44647):   (System spec would have been jschallert@Tera.Eng.HMC.Edu() )
02/16/2020 23:59:36 (44647): Job creation completed with status 0 (time 0).
02/16/2020 23:59:36 (44647): Initialization completed with status 0 (time 0).
02/16/2020 23:59:36 (44647): FeatureStatus started ....
02/16/2020 23:59:36 (44647): FeatureStatus of debug completed with status 1 (time 0).
02/16/2020 23:59:42 (345166 libManager): Initialization started (12.04-s027)...
02/16/2020 23:59:42 (345166): FLEXnet version 11.11.1.1 build 119913
02/16/2020 23:59:42 (345166): Process ID 6253
02/16/2020 23:59:42 (345166): Creating a new job ...
02/16/2020 23:59:42 (345166): Validating server path: 5821@tera.eng.hmc.edu:2222@theforce.eng.hmc.edu
02/16/2020 23:59:42 (345166): Server path validation status: 0
02/16/2020 23:59:42 (345166):   Configuration of license path is '5821@tera.eng.hmc.edu:2222@theforce.eng.hmc.edu'.
02/16/2020 23:59:42 (345166):   Configuration of recheck interval minimum is 290.
02/16/2020 23:59:42 (345166):   Configuration of 2000000000 maximum retry calls.
02/16/2020 23:59:42 (345166):   Configuration of sleep time value of 0.
02/16/2020 23:59:42 (345166):   Configuration of display specification is 'localhost:12.0'.
02/16/2020 23:59:42 (345166):   Licenses will be checked out using jschallert@Tera.Eng.HMC.Edu(localhost:12.0).
02/16/2020 23:59:42 (345166):   (System spec would have been jschallert@Tera.Eng.HMC.Edu() )
02/16/2020 23:59:42 (345166): Job creation completed with status 0 (time 0).
02/16/2020 23:59:42 (345166): Creating a new job ...
02/16/2020 23:59:43 (345166):   Configuration of license path is '5821@tera.eng.hmc.edu:2222@theforce.eng.hmc.edu'.
02/16/2020 23:59:43 (345166):   Configuration of recheck interval minimum is 290.
02/16/2020 23:59:43 (345166):   Configuration of 2000000000 maximum retry calls.
02/16/2020 23:59:43 (345166):   Configuration of sleep time value of 0.
02/16/2020 23:59:43 (345166):   Configuration of display specification is 'localhost:12.0'.
02/16/2020 23:59:43 (345166):   Licenses will be checked out using jschallert@Tera.Eng.HMC.Edu(localhost:12.0).
02/16/2020 23:59:43 (345166):   (System spec would have been jschallert@Tera.Eng.HMC.Edu() )
02/16/2020 23:59:43 (345166): Job creation completed with status 0 (time 1).
02/16/2020 23:59:43 (345166): Creating a new job ...
02/16/2020 23:59:43 (345166):   Configuration of license path is '5821@tera.eng.hmc.edu:2222@theforce.eng.hmc.edu'.
02/16/2020 23:59:43 (345166):   Configuration of recheck interval minimum is 290.
02/16/2020 23:59:43 (345166):   Configuration of 2000000000 maximum retry calls.
02/16/2020 23:59:43 (345166):   Configuration of sleep time value of 0.
02/16/2020 23:59:43 (345166):   Configuration of display specification is 'localhost:12.0'.
02/16/2020 23:59:43 (345166):   Licenses will be checked out using jschallert@Tera.Eng.HMC.Edu(localhost:12.0).
02/16/2020 23:59:43 (345166):   (System spec would have been jschallert@Tera.Eng.HMC.Edu() )
02/16/2020 23:59:43 (345166): Job creation completed with status 0 (time 0).
02/16/2020 23:59:43 (345166): Creating a new job ...
02/16/2020 23:59:43 (345166):   Configuration of license path is '5821@tera.eng.hmc.edu:2222@theforce.eng.hmc.edu'.
02/16/2020 23:59:43 (345166):   Configuration of recheck interval minimum is 290.
02/16/2020 23:59:43 (345166):   Configuration of 2000000000 maximum retry calls.
02/16/2020 23:59:43 (345166):   Configuration of sleep time value of 0.
02/16/2020 23:59:43 (345166):   Configuration of display specification is 'localhost:12.0'.
02/16/2020 23:59:43 (345166):   Licenses will be checked out using jschallert@Tera.Eng.HMC.Edu(localhost:12.0).
02/16/2020 23:59:43 (345166):   (System spec would have been jschallert@Tera.Eng.HMC.Edu() )
02/16/2020 23:59:43 (345166): Job creation completed with status 0 (time 0).
02/16/2020 23:59:43 (345166): Creating a new job ...
02/16/2020 23:59:43 (345166):   Configuration of license path is '5821@tera.eng.hmc.edu:2222@theforce.eng.hmc.edu'.
02/16/2020 23:59:43 (345166):   Configuration of recheck interval minimum is 290.
02/16/2020 23:59:43 (345166):   Configuration of 2000000000 maximum retry calls.
02/16/2020 23:59:43 (345166):   Configuration of sleep time value of 0.
02/16/2020 23:59:43 (345166):   Configuration of display specification is 'localhost:12.0'.
02/16/2020 23:59:43 (345166):   Licenses will be checked out using jschallert@Tera.Eng.HMC.Edu(localhost:12.0).
02/16/2020 23:59:43 (345166):   (System spec would have been jschallert@Tera.Eng.HMC.Edu() )
02/16/2020 23:59:43 (345166): Job creation completed with status 0 (time 0).
02/16/2020 23:59:43 (345166): Initialization completed with status 0 (time 1).
02/16/2020 23:59:43 (345166): FeatureStatus started ....
02/16/2020 23:59:43 (345166): FeatureStatus of debug completed with status 1 (time 0).
02/16/2020 23:59:44 (491897-6884864): FeatureStatus started ....
02/16/2020 23:59:44 (491897-6884864): FeatureStatus of debug completed with status 1 (time 0).
02/16/2020 23:59:44 (491897-6884864): Recheck started ....
02/16/2020 23:59:44 (491897-6884864):   Checking feature 111
02/16/2020 23:59:44 (491897-6884864):   Time spent in server Recheck was 0.
02/16/2020 23:59:44 (491897-6884864): Re-check completed with status 0 (time 0).
02/16/2020 23:59:44 (491897-6884864): Recheck started ....
02/16/2020 23:59:44 (491897-6884864):   Actual recheck skipped due to recheck interval...
02/16/2020 23:59:44 (491897-6884864): Re-check completed with status 0 (time 0).
02/17/2020 00:00:19 (491897-6884864): Recheck started ....
02/17/2020 00:00:19 (491897-6884864):   Actual recheck skipped due to recheck interval...
02/17/2020 00:00:19 (491897-6884864): Re-check completed with status 0 (time 0).
02/17/2020 00:00:19 (491897-6884864): FeatureStatus started ....
02/17/2020 00:00:19 (491897-6884864): FeatureStatus of Virtuoso_Schematic_Editor_L completed with status 1 (time 0).
02/17/2020 00:00:19 (491897-6884864): Check-out started ....
02/17/2020 00:00:19 (491897-6884864): Creating a new job ...
02/17/2020 00:00:19 (491897-6884864): Validating server path: 5821@tera.eng.hmc.edu:2222@theforce.eng.hmc.edu
02/17/2020 00:00:19 (491897-6884864): Server path validation status: 0
02/17/2020 00:00:19 (491897-6884864):   Configuration of license path is '5821@tera.eng.hmc.edu:2222@theforce.eng.hmc.edu'.
02/17/2020 00:00:19 (491897-6884864):   Configuration of recheck interval minimum is 290.
02/17/2020 00:00:19 (491897-6884864):   Configuration of 2000000000 maximum retry calls.
02/17/2020 00:00:19 (491897-6884864):   Configuration of sleep time value of 0.
02/17/2020 00:00:19 (491897-6884864):   Configuration of display specification is 'localhost:12.0'.
02/17/2020 00:00:19 (491897-6884864):   Licenses will be checked out using jschallert@Tera.Eng.HMC.Edu(localhost:12.0).
02/17/2020 00:00:19 (491897-6884864):   (System spec would have been jschallert@Tera.Eng.HMC.Edu(/dev/pts/5) )
02/17/2020 00:00:19 (491897-6884864): Job creation completed with status 0 (time 0).
02/17/2020 00:00:19 (491897-6884864): Checking out 1 license(s) for Virtuoso_Schematic_Editor_L 6.180...
02/17/2020 00:00:19 (491897-6884864): Check-out completed with status -5 (time 0).
02/17/2020 00:00:24 (491897-6884864): Recheck started ....
02/17/2020 00:00:24 (491897-6884864):   Actual recheck skipped due to recheck interval...
02/17/2020 00:00:24 (491897-6884864): Re-check completed with status 0 (time 0).
02/17/2020 00:00:24 (491897-6884864): FeatureStatus started ....
02/17/2020 00:00:24 (491897-6884864): FeatureStatus of Virtuoso_Schematic_Editor_XL completed with status 1 (time 0).
02/17/2020 00:00:24 (491897-6884864): Check-out started ....
02/17/2020 00:00:24 (491897-6884864): Creating a new job ...
02/17/2020 00:00:24 (491897-6884864): Validating server path: 5821@tera.eng.hmc.edu:2222@theforce.eng.hmc.edu
02/17/2020 00:00:24 (491897-6884864): Server path validation status: 0
02/17/2020 00:00:24 (491897-6884864):   Configuration of license path is '5821@tera.eng.hmc.edu:2222@theforce.eng.hmc.edu'.
02/17/2020 00:00:24 (491897-6884864):   Configuration of recheck interval minimum is 290.
02/17/2020 00:00:24 (491897-6884864):   Configuration of 2000000000 maximum retry calls.
02/17/2020 00:00:24 (491897-6884864):   Configuration of sleep time value of 0.
02/17/2020 00:00:24 (491897-6884864):   Configuration of display specification is 'localhost:12.0'.
02/17/2020 00:00:24 (491897-6884864):   Licenses will be checked out using jschallert@Tera.Eng.HMC.Edu(localhost:12.0).
02/17/2020 00:00:24 (491897-6884864):   (System spec would have been jschallert@Tera.Eng.HMC.Edu(/dev/pts/5) )
02/17/2020 00:00:24 (491897-6884864): Job creation completed with status 0 (time 0).
02/17/2020 00:00:24 (491897-6884864): Checking out 1 license(s) for Virtuoso_Schematic_Editor_XL 6.180...
02/17/2020 00:00:24 (491897-6884864):   (Checked out from file '5821@tera.eng.hmc.edu',
             line '6.18 15-dec-2020 20 1E2FD62297A8CDCD14F9 ')
02/17/2020 00:00:24 (491897-6884864): Check-out completed with status 0 (time 0).
02/17/2020 00:00:25 (491897-6884864): FeatureStatus started ....
02/17/2020 00:00:25 (491897-6884864): FeatureStatus of debug completed with status 1 (time 0).
02/17/2020 00:00:25 (491897-6884864): FeatureStatus started ....
02/17/2020 00:00:25 (491897-6884864): FeatureStatus of debug completed with status 1 (time 0).
02/17/2020 00:00:25 (491897-6884864): FeatureStatus started ....
02/17/2020 00:00:25 (491897-6884864): FeatureStatus of debug completed with status 1 (time 0).
02/17/2020 00:00:25 (491897-6884864): FeatureStatus started ....
02/17/2020 00:00:25 (491897-6884864): FeatureStatus of debug completed with status 1 (time 0).
02/17/2020 00:00:25 (491897-6884864): FeatureStatus started ....
02/17/2020 00:00:25 (491897-6884864): FeatureStatus of debug completed with status 1 (time 0).
02/17/2020 00:00:25 (491897-6884864): FeatureStatus started ....
02/17/2020 00:00:25 (491897-6884864): FeatureStatus of debug completed with status 1 (time 0).
02/17/2020 00:00:25 (491897-6884864): FeatureStatus started ....
02/17/2020 00:00:25 (491897-6884864): FeatureStatus of debug completed with status 1 (time 0).
02/17/2020 00:00:25 (491897-6884864): FeatureStatus started ....
02/17/2020 00:00:25 (491897-6884864): FeatureStatus of debug completed with status 1 (time 0).
02/17/2020 00:00:25 (491897-6884864): FeatureStatus started ....
02/17/2020 00:00:25 (491897-6884864): FeatureStatus of debug completed with status 1 (time 0).
02/17/2020 00:00:26 (491897-6884864): FeatureStatus started ....
02/17/2020 00:00:26 (491897-6884864): FeatureStatus of debug completed with status 1 (time 0).
02/17/2020 00:00:27 (491897-6884864): Recheck started ....
02/17/2020 00:00:27 (491897-6884864):   Actual recheck skipped due to recheck interval...
02/17/2020 00:00:27 (491897-6884864): Re-check completed with status 0 (time 0).
02/17/2020 00:00:27 (491897-6884864): FeatureStatus started ....
02/17/2020 00:00:27 (491897-6884864): FeatureStatus of debug completed with status 1 (time 0).
02/17/2020 00:00:27 (491897-6884864): FeatureStatus started ....
02/17/2020 00:00:27 (491897-6884864): FeatureStatus of debug completed with status 1 (time 0).
02/17/2020 00:00:27 (491897-6884864): FeatureStatus started ....
02/17/2020 00:00:27 (491897-6884864): FeatureStatus of debug completed with status 1 (time 0).
02/17/2020 00:00:27 (491897-6884864): FeatureStatus started ....
02/17/2020 00:00:27 (491897-6884864): FeatureStatus of debug completed with status 1 (time 0).
02/17/2020 00:00:27 (491897-6884864): FeatureStatus started ....
02/17/2020 00:00:27 (491897-6884864): FeatureStatus of debug completed with status 1 (time 0).
02/17/2020 00:00:27 (491897-6884864): FeatureStatus started ....
02/17/2020 00:00:27 (491897-6884864): FeatureStatus of debug completed with status 1 (time 0).
02/17/2020 00:00:27 (491897-6884864): Recheck started ....
02/17/2020 00:00:27 (491897-6884864):   Actual recheck skipped due to recheck interval...
02/17/2020 00:00:27 (491897-6884864): Re-check completed with status 0 (time 0).
02/17/2020 00:00:27 (491897-6884864): Recheck started ....
02/17/2020 00:00:27 (491897-6884864):   Actual recheck skipped due to recheck interval...
02/17/2020 00:00:27 (491897-6884864): Re-check completed with status 0 (time 0).
02/17/2020 00:00:31 (491897-6884864): Recheck started ....
02/17/2020 00:00:31 (491897-6884864):   Actual recheck skipped due to recheck interval...
02/17/2020 00:00:31 (491897-6884864): Re-check completed with status 0 (time 0).
02/17/2020 00:00:31 (491897-6884864): Recheck started ....
02/17/2020 00:00:31 (491897-6884864):   Actual recheck skipped due to recheck interval...
02/17/2020 00:00:31 (491897-6884864): Re-check completed with status 0 (time 0).
02/17/2020 00:00:32 (491897-6884864): Recheck started ....
02/17/2020 00:00:32 (491897-6884864):   Actual recheck skipped due to recheck interval...
02/17/2020 00:00:32 (491897-6884864): Re-check completed with status 0 (time 0).
02/17/2020 00:00:32 (491897-6884864): Recheck started ....
02/17/2020 00:00:32 (491897-6884864):   Actual recheck skipped due to recheck interval...
02/17/2020 00:00:32 (491897-6884864): Re-check completed with status 0 (time 0).
02/17/2020 00:00:34 (491897-6884864): Recheck started ....
02/17/2020 00:00:34 (491897-6884864):   Actual recheck skipped due to recheck interval...
02/17/2020 00:00:34 (491897-6884864): Re-check completed with status 0 (time 0).
02/17/2020 00:00:34 (491897-6884864): Recheck started ....
02/17/2020 00:00:34 (491897-6884864):   Actual recheck skipped due to recheck interval...
02/17/2020 00:00:34 (491897-6884864): Re-check completed with status 0 (time 0).
02/17/2020 00:00:35 (491897-6884864): Recheck started ....
02/17/2020 00:00:35 (491897-6884864):   Actual recheck skipped due to recheck interval...
02/17/2020 00:00:35 (491897-6884864): Re-check completed with status 0 (time 0).
02/17/2020 00:00:35 (491897-6884864): Recheck started ....
02/17/2020 00:00:35 (491897-6884864):   Actual recheck skipped due to recheck interval...
02/17/2020 00:00:35 (491897-6884864): Re-check completed with status 0 (time 0).
02/17/2020 00:00:35 (491897-6884864): Recheck started ....
02/17/2020 00:00:35 (491897-6884864):   Actual recheck skipped due to recheck interval...
02/17/2020 00:00:35 (491897-6884864): Re-check completed with status 0 (time 0).
02/17/2020 00:00:35 (491897-6884864): Recheck started ....
02/17/2020 00:00:35 (491897-6884864):   Actual recheck skipped due to recheck interval...
02/17/2020 00:00:35 (491897-6884864): Re-check completed with status 0 (time 0).
02/17/2020 00:00:36 (491897-6884864): Recheck started ....
02/17/2020 00:00:36 (491897-6884864):   Actual recheck skipped due to recheck interval...
02/17/2020 00:00:36 (491897-6884864): Re-check completed with status 0 (time 0).
02/17/2020 00:00:36 (491897-6884864): Recheck started ....
02/17/2020 00:00:36 (491897-6884864):   Actual recheck skipped due to recheck interval...
02/17/2020 00:00:36 (491897-6884864): Re-check completed with status 0 (time 0).
02/17/2020 00:00:36 (491897-6884864): Recheck started ....
02/17/2020 00:00:36 (491897-6884864):   Actual recheck skipped due to recheck interval...
02/17/2020 00:00:36 (491897-6884864): Re-check completed with status 0 (time 0).
02/17/2020 00:00:36 (491897-6884864): Recheck started ....
02/17/2020 00:00:36 (491897-6884864):   Actual recheck skipped due to recheck interval...
02/17/2020 00:00:36 (491897-6884864): Re-check completed with status 0 (time 0).
02/17/2020 00:00:36 (491897-6884864): Recheck started ....
02/17/2020 00:00:36 (491897-6884864):   Actual recheck skipped due to recheck interval...
02/17/2020 00:00:36 (491897-6884864): Re-check completed with status 0 (time 0).
02/17/2020 00:00:36 (491897-6884864): Recheck started ....
02/17/2020 00:00:36 (491897-6884864):   Actual recheck skipped due to recheck interval...
02/17/2020 00:00:36 (491897-6884864): Re-check completed with status 0 (time 0).
02/17/2020 00:00:36 (491897-6884864): Recheck started ....
02/17/2020 00:00:36 (491897-6884864):   Actual recheck skipped due to recheck interval...
02/17/2020 00:00:36 (491897-6884864): Re-check completed with status 0 (time 0).
02/17/2020 00:00:36 (491897-6884864): Recheck started ....
02/17/2020 00:00:36 (491897-6884864):   Actual recheck skipped due to recheck interval...
02/17/2020 00:00:36 (491897-6884864): Re-check completed with status 0 (time 0).
02/17/2020 00:00:36 (491897-6884864): Recheck started ....
02/17/2020 00:00:36 (491897-6884864):   Actual recheck skipped due to recheck interval...
02/17/2020 00:00:36 (491897-6884864): Re-check completed with status 0 (time 0).
02/17/2020 00:00:36 (491897-6884864): Recheck started ....
02/17/2020 00:00:36 (491897-6884864):   Actual recheck skipped due to recheck interval...
02/17/2020 00:00:36 (491897-6884864): Re-check completed with status 0 (time 0).
02/17/2020 00:00:37 (491897-6884864): Recheck started ....
02/17/2020 00:00:37 (491897-6884864):   Actual recheck skipped due to recheck interval...
02/17/2020 00:00:37 (491897-6884864): Re-check completed with status 0 (time 0).
02/17/2020 00:00:37 (491897-6884864): Recheck started ....
02/17/2020 00:00:37 (491897-6884864):   Actual recheck skipped due to recheck interval...
02/17/2020 00:00:37 (491897-6884864): Re-check completed with status 0 (time 0).
02/17/2020 00:00:37 (491897-6884864): Recheck started ....
02/17/2020 00:00:37 (491897-6884864):   Actual recheck skipped due to recheck interval...
02/17/2020 00:00:37 (491897-6884864): Re-check completed with status 0 (time 0).
02/17/2020 00:00:37 (491897-6884864): Recheck started ....
02/17/2020 00:00:37 (491897-6884864):   Actual recheck skipped due to recheck interval...
02/17/2020 00:00:37 (491897-6884864): Re-check completed with status 0 (time 0).
02/17/2020 00:00:37 (491897-6884864): Recheck started ....
02/17/2020 00:00:37 (491897-6884864):   Actual recheck skipped due to recheck interval...
02/17/2020 00:00:37 (491897-6884864): Re-check completed with status 0 (time 0).
02/17/2020 00:00:37 (491897-6884864): Recheck started ....
02/17/2020 00:00:37 (491897-6884864):   Actual recheck skipped due to recheck interval...
02/17/2020 00:00:37 (491897-6884864): Re-check completed with status 0 (time 0).
02/17/2020 00:00:38 (491897-6884864): Recheck started ....
02/17/2020 00:00:38 (491897-6884864):   Actual recheck skipped due to recheck interval...
02/17/2020 00:00:38 (491897-6884864): Re-check completed with status 0 (time 0).
02/17/2020 00:00:38 (491897-6884864): Recheck started ....
02/17/2020 00:00:38 (491897-6884864):   Actual recheck skipped due to recheck interval...
02/17/2020 00:00:38 (491897-6884864): Re-check completed with status 0 (time 0).
02/17/2020 00:00:38 (491897-6884864): Recheck started ....
02/17/2020 00:00:38 (491897-6884864):   Actual recheck skipped due to recheck interval...
02/17/2020 00:00:38 (491897-6884864): Re-check completed with status 0 (time 0).
02/17/2020 00:00:38 (491897-6884864): Recheck started ....
02/17/2020 00:00:38 (491897-6884864):   Actual recheck skipped due to recheck interval...
02/17/2020 00:00:38 (491897-6884864): Re-check completed with status 0 (time 0).
02/17/2020 00:00:38 (491897-6884864): Recheck started ....
02/17/2020 00:00:38 (491897-6884864):   Actual recheck skipped due to recheck interval...
02/17/2020 00:00:38 (491897-6884864): Re-check completed with status 0 (time 0).
02/17/2020 00:00:38 (491897-6884864): Recheck started ....
02/17/2020 00:00:38 (491897-6884864):   Actual recheck skipped due to recheck interval...
02/17/2020 00:00:38 (491897-6884864): Re-check completed with status 0 (time 0).
02/17/2020 00:00:38 (491897-6884864): Recheck started ....
02/17/2020 00:00:38 (491897-6884864):   Actual recheck skipped due to recheck interval...
02/17/2020 00:00:38 (491897-6884864): Re-check completed with status 0 (time 0).
02/17/2020 00:00:38 (491897-6884864): Recheck started ....
02/17/2020 00:00:38 (491897-6884864):   Actual recheck skipped due to recheck interval...
02/17/2020 00:00:38 (491897-6884864): Re-check completed with status 0 (time 0).
02/17/2020 00:00:38 (491897-6884864): Recheck started ....
02/17/2020 00:00:38 (491897-6884864):   Actual recheck skipped due to recheck interval...
02/17/2020 00:00:38 (491897-6884864): Re-check completed with status 0 (time 0).
02/17/2020 00:00:39 (491897-6884864): Recheck started ....
02/17/2020 00:00:39 (491897-6884864):   Actual recheck skipped due to recheck interval...
02/17/2020 00:00:39 (491897-6884864): Re-check completed with status 0 (time 0).
02/17/2020 00:00:39 (491897-6884864): Recheck started ....
02/17/2020 00:00:39 (491897-6884864):   Actual recheck skipped due to recheck interval...
02/17/2020 00:00:39 (491897-6884864): Re-check completed with status 0 (time 0).
02/17/2020 00:00:39 (491897-6884864): Recheck started ....
02/17/2020 00:00:39 (491897-6884864):   Actual recheck skipped due to recheck interval...
02/17/2020 00:00:39 (491897-6884864): Re-check completed with status 0 (time 0).
02/17/2020 00:00:39 (491897-6884864): Recheck started ....
02/17/2020 00:00:39 (491897-6884864):   Actual recheck skipped due to recheck interval...
02/17/2020 00:00:39 (491897-6884864): Re-check completed with status 0 (time 0).
02/17/2020 00:00:39 (491897-6884864): Recheck started ....
02/17/2020 00:00:39 (491897-6884864):   Actual recheck skipped due to recheck interval...
02/17/2020 00:00:39 (491897-6884864): Re-check completed with status 0 (time 0).
02/17/2020 00:00:39 (491897-6884864): Recheck started ....
02/17/2020 00:00:39 (491897-6884864):   Actual recheck skipped due to recheck interval...
02/17/2020 00:00:39 (491897-6884864): Re-check completed with status 0 (time 0).
02/17/2020 00:00:39 (491897-6884864): Recheck started ....
02/17/2020 00:00:39 (491897-6884864):   Actual recheck skipped due to recheck interval...
02/17/2020 00:00:39 (491897-6884864): Re-check completed with status 0 (time 0).
02/17/2020 00:00:40 (491897-6884864): Recheck started ....
02/17/2020 00:00:40 (491897-6884864):   Actual recheck skipped due to recheck interval...
02/17/2020 00:00:40 (491897-6884864): Re-check completed with status 0 (time 0).
02/17/2020 00:00:40 (491897-6884864): Recheck started ....
02/17/2020 00:00:40 (491897-6884864):   Actual recheck skipped due to recheck interval...
02/17/2020 00:00:40 (491897-6884864): Re-check completed with status 0 (time 0).
02/17/2020 00:00:42 (491897-6884864): Recheck started ....
02/17/2020 00:00:42 (491897-6884864):   Actual recheck skipped due to recheck interval...
02/17/2020 00:00:42 (491897-6884864): Re-check completed with status 0 (time 0).
02/17/2020 00:00:42 (491897-6884864): Recheck started ....
02/17/2020 00:00:42 (491897-6884864):   Actual recheck skipped due to recheck interval...
02/17/2020 00:00:42 (491897-6884864): Re-check completed with status 0 (time 0).
02/17/2020 00:00:42 (491897-6884864): Recheck started ....
02/17/2020 00:00:42 (491897-6884864):   Actual recheck skipped due to recheck interval...
02/17/2020 00:00:42 (491897-6884864): Re-check completed with status 0 (time 0).
02/17/2020 00:00:42 (491897-6884864): Recheck started ....
02/17/2020 00:00:42 (491897-6884864):   Actual recheck skipped due to recheck interval...
02/17/2020 00:00:42 (491897-6884864): Re-check completed with status 0 (time 0).
02/17/2020 00:00:42 (491897-6884864): Recheck started ....
02/17/2020 00:00:42 (491897-6884864):   Actual recheck skipped due to recheck interval...
02/17/2020 00:00:42 (491897-6884864): Re-check completed with status 0 (time 0).
02/17/2020 00:00:48 (491897-6884864): Recheck started ....
02/17/2020 00:00:48 (491897-6884864):   Actual recheck skipped due to recheck interval...
02/17/2020 00:00:48 (491897-6884864): Re-check completed with status 0 (time 0).
02/17/2020 00:00:48 (491897-6884864): Recheck started ....
02/17/2020 00:00:48 (491897-6884864):   Actual recheck skipped due to recheck interval...
02/17/2020 00:00:48 (491897-6884864): Re-check completed with status 0 (time 0).
02/17/2020 00:00:48 (491897-6884864): Recheck started ....
02/17/2020 00:00:48 (491897-6884864):   Actual recheck skipped due to recheck interval...
02/17/2020 00:00:48 (491897-6884864): Re-check completed with status 0 (time 0).
02/17/2020 00:00:49 (491897-6884864): Recheck started ....
02/17/2020 00:00:49 (491897-6884864):   Actual recheck skipped due to recheck interval...
02/17/2020 00:00:49 (491897-6884864): Re-check completed with status 0 (time 0).
02/17/2020 00:00:49 (491897-6884864): Recheck started ....
02/17/2020 00:00:49 (491897-6884864):   Actual recheck skipped due to recheck interval...
02/17/2020 00:00:49 (491897-6884864): Re-check completed with status 0 (time 0).
02/17/2020 00:00:58 (491897-6884864): Recheck started ....
02/17/2020 00:00:58 (491897-6884864):   Actual recheck skipped due to recheck interval...
02/17/2020 00:00:58 (491897-6884864): Re-check completed with status 0 (time 0).
02/17/2020 00:00:58 (491897-6884864): Recheck started ....
02/17/2020 00:00:58 (491897-6884864):   Actual recheck skipped due to recheck interval...
02/17/2020 00:00:58 (491897-6884864): Re-check completed with status 0 (time 0).
02/17/2020 00:00:58 (491897-6884864): Recheck started ....
02/17/2020 00:00:58 (491897-6884864):   Actual recheck skipped due to recheck interval...
02/17/2020 00:00:58 (491897-6884864): Re-check completed with status 0 (time 0).
02/17/2020 00:03:40 (491897-6884864): Recheck started ....
02/17/2020 00:03:40 (491897-6884864):   Actual recheck skipped due to recheck interval...
02/17/2020 00:03:40 (491897-6884864): Re-check completed with status 0 (time 0).
02/17/2020 00:03:40 (491897-6884864): Recheck started ....
02/17/2020 00:03:40 (491897-6884864):   Actual recheck skipped due to recheck interval...
02/17/2020 00:03:40 (491897-6884864): Re-check completed with status 0 (time 0).
02/17/2020 00:03:41 (491897-6884864): Recheck started ....
02/17/2020 00:03:41 (491897-6884864):   Actual recheck skipped due to recheck interval...
02/17/2020 00:03:41 (491897-6884864): Re-check completed with status 0 (time 0).
02/17/2020 00:03:41 (491897-6884864): Recheck started ....
02/17/2020 00:03:41 (491897-6884864):   Actual recheck skipped due to recheck interval...
02/17/2020 00:03:41 (491897-6884864): Re-check completed with status 0 (time 0).
02/17/2020 00:03:41 (491897-6884864): Recheck started ....
02/17/2020 00:03:41 (491897-6884864):   Actual recheck skipped due to recheck interval...
02/17/2020 00:03:41 (491897-6884864): Re-check completed with status 0 (time 0).
02/17/2020 00:03:41 (491897-6884864): Recheck started ....
02/17/2020 00:03:41 (491897-6884864):   Actual recheck skipped due to recheck interval...
02/17/2020 00:03:41 (491897-6884864): Re-check completed with status 0 (time 0).
02/17/2020 00:03:42 (491897-6884864): Recheck started ....
02/17/2020 00:03:42 (491897-6884864):   Actual recheck skipped due to recheck interval...
02/17/2020 00:03:42 (491897-6884864): Re-check completed with status 0 (time 0).
02/17/2020 00:03:42 (491897-6884864): Recheck started ....
02/17/2020 00:03:42 (491897-6884864):   Actual recheck skipped due to recheck interval...
02/17/2020 00:03:42 (491897-6884864): Re-check completed with status 0 (time 0).
02/17/2020 00:03:42 (491897-6884864): Recheck started ....
02/17/2020 00:03:42 (491897-6884864):   Actual recheck skipped due to recheck interval...
02/17/2020 00:03:42 (491897-6884864): Re-check completed with status 0 (time 0).
02/17/2020 00:03:42 (491897-6884864): Recheck started ....
02/17/2020 00:03:42 (491897-6884864):   Actual recheck skipped due to recheck interval...
02/17/2020 00:03:42 (491897-6884864): Re-check completed with status 0 (time 0).
02/17/2020 00:03:42 (491897-6884864): Recheck started ....
02/17/2020 00:03:42 (491897-6884864):   Actual recheck skipped due to recheck interval...
02/17/2020 00:03:42 (491897-6884864): Re-check completed with status 0 (time 0).
02/17/2020 00:03:43 (491897-6884864): Recheck started ....
02/17/2020 00:03:43 (491897-6884864):   Actual recheck skipped due to recheck interval...
02/17/2020 00:03:43 (491897-6884864): Re-check completed with status 0 (time 0).
02/17/2020 00:03:43 (491897-6884864): Recheck started ....
02/17/2020 00:03:43 (491897-6884864):   Actual recheck skipped due to recheck interval...
02/17/2020 00:03:43 (491897-6884864): Re-check completed with status 0 (time 0).
02/17/2020 00:03:44 (491897-6884864): Recheck started ....
02/17/2020 00:03:44 (491897-6884864):   Actual recheck skipped due to recheck interval...
02/17/2020 00:03:44 (491897-6884864): Re-check completed with status 0 (time 0).
02/17/2020 00:03:44 (491897-6884864): Recheck started ....
02/17/2020 00:03:44 (491897-6884864):   Actual recheck skipped due to recheck interval...
02/17/2020 00:03:44 (491897-6884864): Re-check completed with status 0 (time 0).
02/17/2020 00:03:44 (491897-6884864): Recheck started ....
02/17/2020 00:03:44 (491897-6884864):   Actual recheck skipped due to recheck interval...
02/17/2020 00:03:44 (491897-6884864): Re-check completed with status 0 (time 0).
02/17/2020 00:03:44 (491897-6884864): Recheck started ....
02/17/2020 00:03:44 (491897-6884864):   Actual recheck skipped due to recheck interval...
02/17/2020 00:03:44 (491897-6884864): Re-check completed with status 0 (time 0).
02/17/2020 00:03:44 (491897-6884864): Recheck started ....
02/17/2020 00:03:44 (491897-6884864):   Actual recheck skipped due to recheck interval...
02/17/2020 00:03:44 (491897-6884864): Re-check completed with status 0 (time 0).
02/17/2020 00:03:48 (491897-6884864): Recheck started ....
02/17/2020 00:03:48 (491897-6884864):   Actual recheck skipped due to recheck interval...
02/17/2020 00:03:48 (491897-6884864): Re-check completed with status 0 (time 0).
02/17/2020 00:03:48 (491897-6884864): Recheck started ....
02/17/2020 00:03:48 (491897-6884864):   Actual recheck skipped due to recheck interval...
02/17/2020 00:03:48 (491897-6884864): Re-check completed with status 0 (time 0).
02/17/2020 00:06:34 (491897-6884864): Recheck started ....
02/17/2020 00:06:34 (491897-6884864):   Checking feature 111
02/17/2020 00:06:34 (491897-6884864):   Checking feature Virtuoso_Schematic_Editor_XL
02/17/2020 00:06:34 (491897-6884864):   Time spent in server Recheck was 0.
02/17/2020 00:06:34 (491897-6884864): Re-check completed with status 0 (time 0).
02/17/2020 00:06:41 (491897-6884864): Recheck started ....
02/17/2020 00:06:41 (491897-6884864):   Actual recheck skipped due to recheck interval...
02/17/2020 00:06:41 (491897-6884864): Re-check completed with status 0 (time 0).
02/17/2020 00:06:41 (491897-6884864): Recheck started ....
02/17/2020 00:06:41 (491897-6884864):   Actual recheck skipped due to recheck interval...
02/17/2020 00:06:41 (491897-6884864): Re-check completed with status 0 (time 0).
02/17/2020 00:06:42 (491897-6884864): Recheck started ....
02/17/2020 00:06:42 (491897-6884864):   Actual recheck skipped due to recheck interval...
02/17/2020 00:06:42 (491897-6884864): Re-check completed with status 0 (time 0).
02/17/2020 00:06:42 (491897-6884864): Recheck started ....
02/17/2020 00:06:42 (491897-6884864):   Actual recheck skipped due to recheck interval...
02/17/2020 00:06:42 (491897-6884864): Re-check completed with status 0 (time 0).
02/17/2020 00:06:42 (491897-6884864): Recheck started ....
02/17/2020 00:06:42 (491897-6884864):   Actual recheck skipped due to recheck interval...
02/17/2020 00:06:42 (491897-6884864): Re-check completed with status 0 (time 0).
02/17/2020 00:06:42 (491897-6884864): Recheck started ....
02/17/2020 00:06:42 (491897-6884864):   Actual recheck skipped due to recheck interval...
02/17/2020 00:06:42 (491897-6884864): Re-check completed with status 0 (time 0).
02/17/2020 00:06:46 (491897-6884864): Recheck started ....
02/17/2020 00:06:46 (491897-6884864):   Actual recheck skipped due to recheck interval...
02/17/2020 00:06:46 (491897-6884864): Re-check completed with status 0 (time 0).
02/17/2020 00:06:46 (491897-6884864): Recheck started ....
02/17/2020 00:06:46 (491897-6884864):   Actual recheck skipped due to recheck interval...
02/17/2020 00:06:46 (491897-6884864): Re-check completed with status 0 (time 0).
02/17/2020 00:06:51 (491897-6884864): Recheck started ....
02/17/2020 00:06:51 (491897-6884864):   Actual recheck skipped due to recheck interval...
02/17/2020 00:06:51 (491897-6884864): Re-check completed with status 0 (time 0).
02/17/2020 00:06:51 (491897-6884864): Recheck started ....
02/17/2020 00:06:51 (491897-6884864):   Actual recheck skipped due to recheck interval...
02/17/2020 00:06:51 (491897-6884864): Re-check completed with status 0 (time 0).
02/17/2020 00:06:56 (491897-6884864): Recheck started ....
02/17/2020 00:06:56 (491897-6884864):   Actual recheck skipped due to recheck interval...
02/17/2020 00:06:56 (491897-6884864): Re-check completed with status 0 (time 0).
02/17/2020 00:06:56 (491897-6884864): Recheck started ....
02/17/2020 00:06:56 (491897-6884864):   Actual recheck skipped due to recheck interval...
02/17/2020 00:06:56 (491897-6884864): Re-check completed with status 0 (time 0).
02/17/2020 00:06:57 (491897-6884864): Recheck started ....
02/17/2020 00:06:58 (491897-6884864):   Actual recheck skipped due to recheck interval...
02/17/2020 00:06:58 (491897-6884864): Re-check completed with status 0 (time 1).
02/17/2020 00:06:58 (491897-6884864): Recheck started ....
02/17/2020 00:06:58 (491897-6884864):   Actual recheck skipped due to recheck interval...
02/17/2020 00:06:58 (491897-6884864): Re-check completed with status 0 (time 0).
02/17/2020 00:06:58 (491897-6884864): Recheck started ....
02/17/2020 00:06:58 (491897-6884864):   Actual recheck skipped due to recheck interval...
02/17/2020 00:06:58 (491897-6884864): Re-check completed with status 0 (time 0).
02/17/2020 00:06:58 (491897-6884864): Recheck started ....
02/17/2020 00:06:58 (491897-6884864):   Actual recheck skipped due to recheck interval...
02/17/2020 00:06:58 (491897-6884864): Re-check completed with status 0 (time 0).
02/17/2020 00:06:58 (491897-6884864): Recheck started ....
02/17/2020 00:06:58 (491897-6884864):   Actual recheck skipped due to recheck interval...
02/17/2020 00:06:58 (491897-6884864): Re-check completed with status 0 (time 0).
02/17/2020 00:06:59 (491897-6884864): Recheck started ....
02/17/2020 00:06:59 (491897-6884864):   Actual recheck skipped due to recheck interval...
02/17/2020 00:06:59 (491897-6884864): Re-check completed with status 0 (time 0).
02/17/2020 00:06:59 (491897-6884864): Recheck started ....
02/17/2020 00:06:59 (491897-6884864):   Actual recheck skipped due to recheck interval...
02/17/2020 00:06:59 (491897-6884864): Re-check completed with status 0 (time 0).
02/17/2020 00:07:01 (491897-6884864): Recheck started ....
02/17/2020 00:07:01 (491897-6884864):   Actual recheck skipped due to recheck interval...
02/17/2020 00:07:01 (491897-6884864): Re-check completed with status 0 (time 0).
02/17/2020 00:07:01 (491897-6884864): Recheck started ....
02/17/2020 00:07:01 (491897-6884864):   Actual recheck skipped due to recheck interval...
02/17/2020 00:07:01 (491897-6884864): Re-check completed with status 0 (time 0).
02/17/2020 00:07:03 (491897-6884864): Recheck started ....
02/17/2020 00:07:03 (491897-6884864):   Actual recheck skipped due to recheck interval...
02/17/2020 00:07:03 (491897-6884864): Re-check completed with status 0 (time 0).
02/17/2020 00:07:03 (491897-6884864): Recheck started ....
02/17/2020 00:07:03 (491897-6884864):   Actual recheck skipped due to recheck interval...
02/17/2020 00:07:03 (491897-6884864): Re-check completed with status 0 (time 0).
02/17/2020 00:07:03 (491897-6884864): Recheck started ....
02/17/2020 00:07:03 (491897-6884864):   Actual recheck skipped due to recheck interval...
02/17/2020 00:07:03 (491897-6884864): Re-check completed with status 0 (time 0).
02/17/2020 00:07:04 (491897-6884864): Recheck started ....
02/17/2020 00:07:04 (491897-6884864):   Actual recheck skipped due to recheck interval...
02/17/2020 00:07:04 (491897-6884864): Re-check completed with status 0 (time 0).
02/17/2020 00:07:04 (491897-6884864): Recheck started ....
02/17/2020 00:07:04 (491897-6884864):   Actual recheck skipped due to recheck interval...
02/17/2020 00:07:04 (491897-6884864): Re-check completed with status 0 (time 0).
02/17/2020 00:07:05 (491897-6884864): Recheck started ....
02/17/2020 00:07:05 (491897-6884864):   Actual recheck skipped due to recheck interval...
02/17/2020 00:07:05 (491897-6884864): Re-check completed with status 0 (time 0).
02/17/2020 00:07:05 (491897-6884864): Recheck started ....
02/17/2020 00:07:05 (491897-6884864):   Actual recheck skipped due to recheck interval...
02/17/2020 00:07:05 (491897-6884864): Re-check completed with status 0 (time 0).
02/17/2020 00:07:05 (491897-6884864): Recheck started ....
02/17/2020 00:07:05 (491897-6884864):   Actual recheck skipped due to recheck interval...
02/17/2020 00:07:05 (491897-6884864): Re-check completed with status 0 (time 0).
02/17/2020 00:07:08 (491897-6884864): Recheck started ....
02/17/2020 00:07:08 (491897-6884864):   Actual recheck skipped due to recheck interval...
02/17/2020 00:07:08 (491897-6884864): Re-check completed with status 0 (time 0).
02/17/2020 00:07:08 (491897-6884864): Recheck started ....
02/17/2020 00:07:08 (491897-6884864):   Actual recheck skipped due to recheck interval...
02/17/2020 00:07:08 (491897-6884864): Re-check completed with status 0 (time 0).
02/17/2020 00:07:08 (491897-6884864): Recheck started ....
02/17/2020 00:07:08 (491897-6884864):   Actual recheck skipped due to recheck interval...
02/17/2020 00:07:08 (491897-6884864): Re-check completed with status 0 (time 0).
02/17/2020 00:07:08 (491897-6884864): Recheck started ....
02/17/2020 00:07:08 (491897-6884864):   Actual recheck skipped due to recheck interval...
02/17/2020 00:07:08 (491897-6884864): Re-check completed with status 0 (time 0).
02/17/2020 00:07:09 (491897-6884864): Recheck started ....
02/17/2020 00:07:09 (491897-6884864):   Actual recheck skipped due to recheck interval...
02/17/2020 00:07:09 (491897-6884864): Re-check completed with status 0 (time 0).
02/17/2020 00:07:09 (491897-6884864): Recheck started ....
02/17/2020 00:07:09 (491897-6884864):   Actual recheck skipped due to recheck interval...
02/17/2020 00:07:09 (491897-6884864): Re-check completed with status 0 (time 0).
02/17/2020 00:07:09 (491897-6884864): Recheck started ....
02/17/2020 00:07:09 (491897-6884864):   Actual recheck skipped due to recheck interval...
02/17/2020 00:07:09 (491897-6884864): Re-check completed with status 0 (time 0).
02/17/2020 00:07:11 (491897-6884864): Recheck started ....
02/17/2020 00:07:11 (491897-6884864):   Actual recheck skipped due to recheck interval...
02/17/2020 00:07:11 (491897-6884864): Re-check completed with status 0 (time 0).
02/17/2020 00:07:11 (491897-6884864): FeatureStatus started ....
02/17/2020 00:07:11 (491897-6884864): FeatureStatus of debug completed with status 1 (time 0).
02/17/2020 00:07:11 (491897-6884864): Check-in started ....
02/17/2020 00:07:11 (491897-6884864): Check-in of Virtuoso_Schematic_Editor_XL completed with status 0 (time 0).
02/17/2020 00:09:28 (491897-6884864): Recheck started ....
02/17/2020 00:09:28 (491897-6884864):   Actual recheck skipped due to recheck interval...
02/17/2020 00:09:28 (491897-6884864): Re-check completed with status 0 (time 0).
02/17/2020 00:09:29 (491897-6884864): Recheck started ....
02/17/2020 00:09:29 (491897-6884864):   Actual recheck skipped due to recheck interval...
02/17/2020 00:09:29 (491897-6884864): Re-check completed with status 0 (time 0).
02/17/2020 00:09:52 (491897-6884864): Recheck started ....
02/17/2020 00:09:52 (491897-6884864):   Actual recheck skipped due to recheck interval...
02/17/2020 00:09:52 (491897-6884864): Re-check completed with status 0 (time 1).
02/17/2020 00:09:57 (491897-6884864): Recheck started ....
02/17/2020 00:09:57 (491897-6884864):   Actual recheck skipped due to recheck interval...
02/17/2020 00:09:57 (491897-6884864): Re-check completed with status 0 (time 0).
02/17/2020 00:09:58 (491897-6884864): Recheck started ....
02/17/2020 00:09:58 (491897-6884864):   Actual recheck skipped due to recheck interval...
02/17/2020 00:09:58 (491897-6884864): Re-check completed with status 0 (time 0).
02/17/2020 00:09:58 (44647): Exit started ....
02/17/2020 00:09:58 (44647): Exit completed with status 0 (time 0).
02/17/2020 00:09:59 (345166): Exit started ....
02/17/2020 00:09:59 (345166): Exit completed with status 0 (time 0).
02/17/2020 00:10:01 (491897-6884864): Exit started ....
02/17/2020 00:10:01 (491897-6884864): Creating a new job ...
02/17/2020 00:10:01 (491897-6884864): Validating server path: 5821@tera.eng.hmc.edu:2222@theforce.eng.hmc.edu
02/17/2020 00:10:01 (491897-6884864): Server path validation status: 0
02/17/2020 00:10:01 (491897-6884864):   Configuration of license path is '5821@tera.eng.hmc.edu:2222@theforce.eng.hmc.edu'.
02/17/2020 00:10:01 (491897-6884864):   Configuration of recheck interval minimum is 290.
02/17/2020 00:10:01 (491897-6884864):   Configuration of 2000000000 maximum retry calls.
02/17/2020 00:10:01 (491897-6884864):   Configuration of sleep time value of 0.
02/17/2020 00:10:01 (491897-6884864):   Configuration of display specification is 'localhost:12.0'.
02/17/2020 00:10:01 (491897-6884864):   Licenses will be checked out using jschallert@Tera.Eng.HMC.Edu(localhost:12.0).
02/17/2020 00:10:01 (491897-6884864):   (System spec would have been jschallert@Tera.Eng.HMC.Edu(/dev/pts/5) )
02/17/2020 00:10:01 (491897-6884864): Job creation completed with status 0 (time 0).
02/17/2020 00:10:01 (491897-6884864): Check-in (Increment) of 111 completed with status 0 (time 0).
02/17/2020 00:10:01 (491897-6884864): Exit completed with status 0 (time 0).
02/17/2020 02:43:15 (475568-3716038144 virtuoso): Initialization started (12.04-s027)...
02/17/2020 02:43:15 (475568-3716038144): FLEXnet version 11.11.1.1 build 119913
02/17/2020 02:43:15 (475568-3716038144): Process ID 29175
02/17/2020 02:43:15 (475568-3716038144): Using command line option -display for DISPLAY ((null))
02/17/2020 02:43:15 (475568-3716038144): Creating a new job ...
02/17/2020 02:43:15 (475568-3716038144): Validating server path: 5821@tera.eng.hmc.edu:2222@theforce.eng.hmc.edu
02/17/2020 02:43:15 (475568-3716038144): Server path validation status: 0
02/17/2020 02:43:15 (475568-3716038144):   Configuration of license path is '5821@tera.eng.hmc.edu:2222@theforce.eng.hmc.edu'.
02/17/2020 02:43:15 (475568-3716038144):   Configuration of recheck interval minimum is 290.
02/17/2020 02:43:15 (475568-3716038144):   Configuration of 2000000000 maximum retry calls.
02/17/2020 02:43:15 (475568-3716038144):   Configuration of sleep time value of 0.
02/17/2020 02:43:15 (475568-3716038144):   Configuration of display specification is 'localhost:14.0'.
02/17/2020 02:43:15 (475568-3716038144):   Licenses will be checked out using jschallert@Tera.Eng.HMC.Edu(localhost:14.0).
02/17/2020 02:43:15 (475568-3716038144):   (System spec would have been jschallert@Tera.Eng.HMC.Edu(/dev/pts/12) )
02/17/2020 02:43:15 (475568-3716038144): Job creation completed with status 0 (time 0).
02/17/2020 02:43:15 (475568-3716038144): Creating a new job ...
02/17/2020 02:43:15 (475568-3716038144):   Configuration of license path is '5821@tera.eng.hmc.edu:2222@theforce.eng.hmc.edu'.
02/17/2020 02:43:15 (475568-3716038144):   Configuration of recheck interval minimum is 290.
02/17/2020 02:43:15 (475568-3716038144):   Configuration of 2000000000 maximum retry calls.
02/17/2020 02:43:15 (475568-3716038144):   Configuration of sleep time value of 0.
02/17/2020 02:43:15 (475568-3716038144):   Configuration of display specification is 'localhost:14.0'.
02/17/2020 02:43:15 (475568-3716038144):   Licenses will be checked out using jschallert@Tera.Eng.HMC.Edu(localhost:14.0).
02/17/2020 02:43:15 (475568-3716038144):   (System spec would have been jschallert@Tera.Eng.HMC.Edu(/dev/pts/12) )
02/17/2020 02:43:15 (475568-3716038144): Job creation completed with status 0 (time 0).
02/17/2020 02:43:15 (475568-3716038144): Creating a new job ...
02/17/2020 02:43:15 (475568-3716038144):   Configuration of license path is '5821@tera.eng.hmc.edu:2222@theforce.eng.hmc.edu'.
02/17/2020 02:43:15 (475568-3716038144):   Configuration of recheck interval minimum is 290.
02/17/2020 02:43:15 (475568-3716038144):   Configuration of 2000000000 maximum retry calls.
02/17/2020 02:43:15 (475568-3716038144):   Configuration of sleep time value of 0.
02/17/2020 02:43:15 (475568-3716038144):   Configuration of display specification is 'localhost:14.0'.
02/17/2020 02:43:15 (475568-3716038144):   Licenses will be checked out using jschallert@Tera.Eng.HMC.Edu(localhost:14.0).
02/17/2020 02:43:15 (475568-3716038144):   (System spec would have been jschallert@Tera.Eng.HMC.Edu(/dev/pts/12) )
02/17/2020 02:43:15 (475568-3716038144): Job creation completed with status 0 (time 0).
02/17/2020 02:43:15 (475568-3716038144): Creating a new job ...
02/17/2020 02:43:15 (475568-3716038144):   Configuration of license path is '5821@tera.eng.hmc.edu:2222@theforce.eng.hmc.edu'.
02/17/2020 02:43:15 (475568-3716038144):   Configuration of recheck interval minimum is 290.
02/17/2020 02:43:15 (475568-3716038144):   Configuration of 2000000000 maximum retry calls.
02/17/2020 02:43:15 (475568-3716038144):   Configuration of sleep time value of 0.
02/17/2020 02:43:15 (475568-3716038144):   Configuration of display specification is 'localhost:14.0'.
02/17/2020 02:43:15 (475568-3716038144):   Licenses will be checked out using jschallert@Tera.Eng.HMC.Edu(localhost:14.0).
02/17/2020 02:43:15 (475568-3716038144):   (System spec would have been jschallert@Tera.Eng.HMC.Edu(/dev/pts/12) )
02/17/2020 02:43:15 (475568-3716038144): Job creation completed with status 0 (time 0).
02/17/2020 02:43:15 (475568-3716038144): Creating a new job ...
02/17/2020 02:43:15 (475568-3716038144):   Configuration of license path is '5821@tera.eng.hmc.edu:2222@theforce.eng.hmc.edu'.
02/17/2020 02:43:15 (475568-3716038144):   Configuration of recheck interval minimum is 290.
02/17/2020 02:43:15 (475568-3716038144):   Configuration of 2000000000 maximum retry calls.
02/17/2020 02:43:15 (475568-3716038144):   Configuration of sleep time value of 0.
02/17/2020 02:43:15 (475568-3716038144):   Configuration of display specification is 'localhost:14.0'.
02/17/2020 02:43:15 (475568-3716038144):   Licenses will be checked out using jschallert@Tera.Eng.HMC.Edu(localhost:14.0).
02/17/2020 02:43:15 (475568-3716038144):   (System spec would have been jschallert@Tera.Eng.HMC.Edu(/dev/pts/12) )
02/17/2020 02:43:15 (475568-3716038144): Job creation completed with status 0 (time 0).
02/17/2020 02:43:15 (475568-3716038144): Initialization completed with status 0 (time 0).
02/17/2020 02:43:20 (475568-3716038144): FeatureStatus started ....
02/17/2020 02:43:20 (475568-3716038144): FeatureStatus of 111 completed with status 1 (time 0).
02/17/2020 02:43:20 (475568-3716038144): Check-out started ....
02/17/2020 02:43:20 (475568-3716038144): Checking out 1 license(s) for 111 6.180...
02/17/2020 02:43:20 (475568-3716038144):   (Checked out from file '5821@tera.eng.hmc.edu',
             line '6.18 15-dec-2020 380 8E9FA632C0C863958018 ')
02/17/2020 02:43:20 (475568-3716038144): Check-out completed with status 0 (time 0).
02/17/2020 02:43:23 (475568-3716038144): FeatureStatus started ....
02/17/2020 02:43:23 (475568-3716038144): FeatureStatus of CICNG_812 completed with status 1 (time 0).
02/17/2020 02:43:23 (475568-3716038144): FeatureStatus started ....
02/17/2020 02:43:23 (475568-3716038144): FeatureStatus of debug completed with status 1 (time 0).
02/17/2020 02:43:23 (475568-3716038144): FeatureStatus started ....
02/17/2020 02:43:23 (475568-3716038144): FeatureStatus of debug completed with status 1 (time 0).
02/17/2020 02:43:23 (475568-3716038144): FeatureStatus started ....
02/17/2020 02:43:23 (475568-3716038144): FeatureStatus of debug completed with status 1 (time 0).
02/17/2020 02:43:23 (475568-3716038144): FeatureStatus started ....
02/17/2020 02:43:23 (475568-3716038144): FeatureStatus of debug completed with status 1 (time 0).
02/17/2020 02:43:23 (475568-3716038144): FeatureStatus started ....
02/17/2020 02:43:23 (475568-3716038144): FeatureStatus of skillDev completed with status 1 (time 0).
02/17/2020 02:43:23 (475568-3716038144): FeatureStatus started ....
02/17/2020 02:43:23 (475568-3716038144): FeatureStatus of debug completed with status 1 (time 0).
02/17/2020 02:43:23 (475568-3716038144): FeatureStatus started ....
02/17/2020 02:43:23 (475568-3716038144): FeatureStatus of debug completed with status 1 (time 0).
02/17/2020 02:43:23 (475568-3716038144): FeatureStatus started ....
02/17/2020 02:43:23 (475568-3716038144): FeatureStatus of debug completed with status 1 (time 0).
02/17/2020 02:43:23 (475568-3716038144): FeatureStatus started ....
02/17/2020 02:43:23 (475568-3716038144): FeatureStatus of debug completed with status 1 (time 0).
02/17/2020 02:43:23 (475568-3716038144): FeatureStatus started ....
02/17/2020 02:43:23 (475568-3716038144): FeatureStatus of debug completed with status 1 (time 0).
02/17/2020 02:43:23 (475568-3716038144): FeatureStatus started ....
02/17/2020 02:43:23 (475568-3716038144): FeatureStatus of debug completed with status 1 (time 0).
02/17/2020 02:43:23 (475568-3716038144): FeatureStatus started ....
02/17/2020 02:43:23 (475568-3716038144): FeatureStatus of debug completed with status 1 (time 0).
02/17/2020 02:43:23 (475568-3716038144): FeatureStatus started ....
02/17/2020 02:43:23 (475568-3716038144): FeatureStatus of debug completed with status 1 (time 0).
02/17/2020 02:43:23 (475568-3716038144): FeatureStatus started ....
02/17/2020 02:43:23 (475568-3716038144): FeatureStatus of debug completed with status 1 (time 0).
02/17/2020 02:43:23 (475568-3716038144): FeatureStatus started ....
02/17/2020 02:43:23 (475568-3716038144): FeatureStatus of debug completed with status 1 (time 0).
02/17/2020 02:43:23 (475568-3716038144): FeatureStatus started ....
02/17/2020 02:43:23 (475568-3716038144): FeatureStatus of debug completed with status 1 (time 0).
02/17/2020 02:43:23 (475568-3716038144): FeatureStatus started ....
02/17/2020 02:43:23 (475568-3716038144): FeatureStatus of debug completed with status 1 (time 0).
02/17/2020 02:43:23 (475568-3716038144): FeatureStatus started ....
02/17/2020 02:43:23 (475568-3716038144): FeatureStatus of debug completed with status 1 (time 0).
02/17/2020 02:43:23 (475568-3716038144): FeatureStatus started ....
02/17/2020 02:43:23 (475568-3716038144): FeatureStatus of debug completed with status 1 (time 0).
02/17/2020 02:43:23 (475568-3716038144): FeatureStatus started ....
02/17/2020 02:43:23 (475568-3716038144): FeatureStatus of debug completed with status 1 (time 0).
02/17/2020 02:43:23 (475568-3716038144): FeatureStatus started ....
02/17/2020 02:43:23 (475568-3716038144): FeatureStatus of debug completed with status 1 (time 0).
02/17/2020 02:43:23 (475568-3716038144): FeatureStatus started ....
02/17/2020 02:43:23 (475568-3716038144): FeatureStatus of debug completed with status 1 (time 0).
02/17/2020 02:43:23 (475568-3716038144): FeatureStatus started ....
02/17/2020 02:43:23 (475568-3716038144): FeatureStatus of debug completed with status 1 (time 0).
02/17/2020 02:43:23 (475568-3716038144): FeatureStatus started ....
02/17/2020 02:43:23 (475568-3716038144): FeatureStatus of debug completed with status 1 (time 0).
02/17/2020 02:43:23 (475568-3716038144): FeatureStatus started ....
02/17/2020 02:43:23 (475568-3716038144): FeatureStatus of debug completed with status 1 (time 0).
02/17/2020 02:43:24 (475568-3716038144): FeatureStatus started ....
02/17/2020 02:43:24 (475568-3716038144): FeatureStatus of debug completed with status 1 (time 0).
02/17/2020 02:43:24 (475568-3716038144): FeatureStatus started ....
02/17/2020 02:43:24 (475568-3716038144): FeatureStatus of debug completed with status 1 (time 0).
02/17/2020 02:43:24 (475568-3716038144): FeatureStatus started ....
02/17/2020 02:43:24 (475568-3716038144): FeatureStatus of debug completed with status 1 (time 0).
02/17/2020 02:43:24 (475568-3716038144): FeatureStatus started ....
02/17/2020 02:43:24 (475568-3716038144): FeatureStatus of debug completed with status 1 (time 0).
02/17/2020 02:43:24 (475568-3716038144): FeatureStatus started ....
02/17/2020 02:43:24 (475568-3716038144): FeatureStatus of debug completed with status 1 (time 0).
02/17/2020 02:43:24 (475568-3716038144): FeatureStatus started ....
02/17/2020 02:43:24 (475568-3716038144): FeatureStatus of debug completed with status 1 (time 0).
02/17/2020 02:43:24 (475568-3716038144): FeatureStatus started ....
02/17/2020 02:43:24 (475568-3716038144): FeatureStatus of debug completed with status 1 (time 0).
02/17/2020 02:43:24 (475568-3716038144): FeatureStatus started ....
02/17/2020 02:43:24 (475568-3716038144): FeatureStatus of debug completed with status 1 (time 0).
02/17/2020 02:43:24 (475568-3716038144): FeatureStatus started ....
02/17/2020 02:43:24 (475568-3716038144): FeatureStatus of debug completed with status 1 (time 0).
02/17/2020 02:43:25 (475568-3716038144): FeatureStatus started ....
02/17/2020 02:43:25 (475568-3716038144): FeatureStatus of debug completed with status 1 (time 0).
02/17/2020 02:43:25 (475568-3716038144): FeatureStatus started ....
02/17/2020 02:43:25 (475568-3716038144): FeatureStatus of debug completed with status 1 (time 0).
02/17/2020 02:43:25 (475568-3716038144): FeatureStatus started ....
02/17/2020 02:43:25 (475568-3716038144): FeatureStatus of debug completed with status 1 (time 0).
02/17/2020 02:43:25 (475568-3716038144): FeatureStatus started ....
02/17/2020 02:43:25 (475568-3716038144): FeatureStatus of debug completed with status 1 (time 0).
02/17/2020 02:43:25 (475568-3716038144): FeatureStatus started ....
02/17/2020 02:43:25 (475568-3716038144): FeatureStatus of debug completed with status 1 (time 0).
02/17/2020 02:43:25 (475568-3716038144): FeatureStatus started ....
02/17/2020 02:43:25 (475568-3716038144): FeatureStatus of debug completed with status 1 (time 0).
02/17/2020 02:43:25 (475568-3716038144): FeatureStatus started ....
02/17/2020 02:43:25 (475568-3716038144): FeatureStatus of debug completed with status 1 (time 0).
02/17/2020 02:43:25 (475568-3716038144): FeatureStatus started ....
02/17/2020 02:43:25 (475568-3716038144): FeatureStatus of debug completed with status 1 (time 0).
02/17/2020 02:43:25 (475568-3716038144): FeatureStatus started ....
02/17/2020 02:43:25 (475568-3716038144): FeatureStatus of debug completed with status 1 (time 0).
02/17/2020 02:43:28 (475568-3716038144): FeatureStatus started ....
02/17/2020 02:43:28 (475568-3716038144): FeatureStatus of CICNG_801 completed with status 1 (time 0).
02/17/2020 02:43:34 (378051 libSelect): Initialization started (12.04-s027)...
02/17/2020 02:43:34 (378051): FLEXnet version 11.11.1.1 build 119913
02/17/2020 02:43:34 (378051): Process ID 29374
02/17/2020 02:43:34 (378051): Creating a new job ...
02/17/2020 02:43:34 (378051): Validating server path: 5821@tera.eng.hmc.edu:2222@theforce.eng.hmc.edu
02/17/2020 02:43:34 (378051): Server path validation status: 0
02/17/2020 02:43:34 (378051):   Configuration of license path is '5821@tera.eng.hmc.edu:2222@theforce.eng.hmc.edu'.
02/17/2020 02:43:34 (378051):   Configuration of recheck interval minimum is 290.
02/17/2020 02:43:34 (378051):   Configuration of 2000000000 maximum retry calls.
02/17/2020 02:43:34 (378051):   Configuration of sleep time value of 0.
02/17/2020 02:43:34 (378051):   Configuration of display specification is 'localhost:14.0'.
02/17/2020 02:43:34 (378051):   Licenses will be checked out using jschallert@Tera.Eng.HMC.Edu(localhost:14.0).
02/17/2020 02:43:34 (378051):   (System spec would have been jschallert@Tera.Eng.HMC.Edu() )
02/17/2020 02:43:34 (378051): Job creation completed with status 0 (time 0).
02/17/2020 02:43:34 (378051): Creating a new job ...
02/17/2020 02:43:34 (378051):   Configuration of license path is '5821@tera.eng.hmc.edu:2222@theforce.eng.hmc.edu'.
02/17/2020 02:43:34 (378051):   Configuration of recheck interval minimum is 290.
02/17/2020 02:43:34 (378051):   Configuration of 2000000000 maximum retry calls.
02/17/2020 02:43:34 (378051):   Configuration of sleep time value of 0.
02/17/2020 02:43:34 (378051):   Configuration of display specification is 'localhost:14.0'.
02/17/2020 02:43:34 (378051):   Licenses will be checked out using jschallert@Tera.Eng.HMC.Edu(localhost:14.0).
02/17/2020 02:43:34 (378051):   (System spec would have been jschallert@Tera.Eng.HMC.Edu() )
02/17/2020 02:43:34 (378051): Job creation completed with status 0 (time 0).
02/17/2020 02:43:34 (378051): Creating a new job ...
02/17/2020 02:43:34 (378051):   Configuration of license path is '5821@tera.eng.hmc.edu:2222@theforce.eng.hmc.edu'.
02/17/2020 02:43:34 (378051):   Configuration of recheck interval minimum is 290.
02/17/2020 02:43:34 (378051):   Configuration of 2000000000 maximum retry calls.
02/17/2020 02:43:34 (378051):   Configuration of sleep time value of 0.
02/17/2020 02:43:34 (378051):   Configuration of display specification is 'localhost:14.0'.
02/17/2020 02:43:34 (378051):   Licenses will be checked out using jschallert@Tera.Eng.HMC.Edu(localhost:14.0).
02/17/2020 02:43:34 (378051):   (System spec would have been jschallert@Tera.Eng.HMC.Edu() )
02/17/2020 02:43:34 (378051): Job creation completed with status 0 (time 0).
02/17/2020 02:43:34 (378051): Creating a new job ...
02/17/2020 02:43:34 (378051):   Configuration of license path is '5821@tera.eng.hmc.edu:2222@theforce.eng.hmc.edu'.
02/17/2020 02:43:34 (378051):   Configuration of recheck interval minimum is 290.
02/17/2020 02:43:34 (378051):   Configuration of 2000000000 maximum retry calls.
02/17/2020 02:43:34 (378051):   Configuration of sleep time value of 0.
02/17/2020 02:43:34 (378051):   Configuration of display specification is 'localhost:14.0'.
02/17/2020 02:43:34 (378051):   Licenses will be checked out using jschallert@Tera.Eng.HMC.Edu(localhost:14.0).
02/17/2020 02:43:34 (378051):   (System spec would have been jschallert@Tera.Eng.HMC.Edu() )
02/17/2020 02:43:34 (378051): Job creation completed with status 0 (time 0).
02/17/2020 02:43:34 (378051): Creating a new job ...
02/17/2020 02:43:34 (378051):   Configuration of license path is '5821@tera.eng.hmc.edu:2222@theforce.eng.hmc.edu'.
02/17/2020 02:43:34 (378051):   Configuration of recheck interval minimum is 290.
02/17/2020 02:43:34 (378051):   Configuration of 2000000000 maximum retry calls.
02/17/2020 02:43:34 (378051):   Configuration of sleep time value of 0.
02/17/2020 02:43:34 (378051):   Configuration of display specification is 'localhost:14.0'.
02/17/2020 02:43:34 (378051):   Licenses will be checked out using jschallert@Tera.Eng.HMC.Edu(localhost:14.0).
02/17/2020 02:43:34 (378051):   (System spec would have been jschallert@Tera.Eng.HMC.Edu() )
02/17/2020 02:43:34 (378051): Job creation completed with status 0 (time 0).
02/17/2020 02:43:34 (378051): Initialization completed with status 0 (time 0).
02/17/2020 02:43:34 (378051): FeatureStatus started ....
02/17/2020 02:43:34 (378051): FeatureStatus of debug completed with status 1 (time 0).
02/17/2020 02:43:40 (678580 libManager): Initialization started (12.04-s027)...
02/17/2020 02:43:40 (678580): FLEXnet version 11.11.1.1 build 119913
02/17/2020 02:43:40 (678580): Process ID 29480
02/17/2020 02:43:40 (678580): Creating a new job ...
02/17/2020 02:43:40 (678580): Validating server path: 5821@tera.eng.hmc.edu:2222@theforce.eng.hmc.edu
02/17/2020 02:43:40 (678580): Server path validation status: 0
02/17/2020 02:43:40 (678580):   Configuration of license path is '5821@tera.eng.hmc.edu:2222@theforce.eng.hmc.edu'.
02/17/2020 02:43:40 (678580):   Configuration of recheck interval minimum is 290.
02/17/2020 02:43:40 (678580):   Configuration of 2000000000 maximum retry calls.
02/17/2020 02:43:40 (678580):   Configuration of sleep time value of 0.
02/17/2020 02:43:40 (678580):   Configuration of display specification is 'localhost:14.0'.
02/17/2020 02:43:40 (678580):   Licenses will be checked out using jschallert@Tera.Eng.HMC.Edu(localhost:14.0).
02/17/2020 02:43:40 (678580):   (System spec would have been jschallert@Tera.Eng.HMC.Edu() )
02/17/2020 02:43:40 (678580): Job creation completed with status 0 (time 0).
02/17/2020 02:43:40 (678580): Creating a new job ...
02/17/2020 02:43:40 (678580):   Configuration of license path is '5821@tera.eng.hmc.edu:2222@theforce.eng.hmc.edu'.
02/17/2020 02:43:40 (678580):   Configuration of recheck interval minimum is 290.
02/17/2020 02:43:40 (678580):   Configuration of 2000000000 maximum retry calls.
02/17/2020 02:43:40 (678580):   Configuration of sleep time value of 0.
02/17/2020 02:43:41 (678580):   Configuration of display specification is 'localhost:14.0'.
02/17/2020 02:43:41 (678580):   Licenses will be checked out using jschallert@Tera.Eng.HMC.Edu(localhost:14.0).
02/17/2020 02:43:41 (678580):   (System spec would have been jschallert@Tera.Eng.HMC.Edu() )
02/17/2020 02:43:41 (678580): Job creation completed with status 0 (time 1).
02/17/2020 02:43:41 (678580): Creating a new job ...
02/17/2020 02:43:41 (678580):   Configuration of license path is '5821@tera.eng.hmc.edu:2222@theforce.eng.hmc.edu'.
02/17/2020 02:43:41 (678580):   Configuration of recheck interval minimum is 290.
02/17/2020 02:43:41 (678580):   Configuration of 2000000000 maximum retry calls.
02/17/2020 02:43:41 (678580):   Configuration of sleep time value of 0.
02/17/2020 02:43:41 (678580):   Configuration of display specification is 'localhost:14.0'.
02/17/2020 02:43:41 (678580):   Licenses will be checked out using jschallert@Tera.Eng.HMC.Edu(localhost:14.0).
02/17/2020 02:43:41 (678580):   (System spec would have been jschallert@Tera.Eng.HMC.Edu() )
02/17/2020 02:43:41 (678580): Job creation completed with status 0 (time 0).
02/17/2020 02:43:41 (678580): Creating a new job ...
02/17/2020 02:43:41 (678580):   Configuration of license path is '5821@tera.eng.hmc.edu:2222@theforce.eng.hmc.edu'.
02/17/2020 02:43:41 (678580):   Configuration of recheck interval minimum is 290.
02/17/2020 02:43:41 (678580):   Configuration of 2000000000 maximum retry calls.
02/17/2020 02:43:41 (678580):   Configuration of sleep time value of 0.
02/17/2020 02:43:41 (678580):   Configuration of display specification is 'localhost:14.0'.
02/17/2020 02:43:41 (678580):   Licenses will be checked out using jschallert@Tera.Eng.HMC.Edu(localhost:14.0).
02/17/2020 02:43:41 (678580):   (System spec would have been jschallert@Tera.Eng.HMC.Edu() )
02/17/2020 02:43:41 (678580): Job creation completed with status 0 (time 0).
02/17/2020 02:43:41 (678580): Creating a new job ...
02/17/2020 02:43:41 (678580):   Configuration of license path is '5821@tera.eng.hmc.edu:2222@theforce.eng.hmc.edu'.
02/17/2020 02:43:41 (678580):   Configuration of recheck interval minimum is 290.
02/17/2020 02:43:41 (678580):   Configuration of 2000000000 maximum retry calls.
02/17/2020 02:43:41 (678580):   Configuration of sleep time value of 0.
02/17/2020 02:43:41 (678580):   Configuration of display specification is 'localhost:14.0'.
02/17/2020 02:43:41 (678580):   Licenses will be checked out using jschallert@Tera.Eng.HMC.Edu(localhost:14.0).
02/17/2020 02:43:41 (678580):   (System spec would have been jschallert@Tera.Eng.HMC.Edu() )
02/17/2020 02:43:41 (678580): Job creation completed with status 0 (time 0).
02/17/2020 02:43:41 (678580): Initialization completed with status 0 (time 1).
02/17/2020 02:43:41 (678580): FeatureStatus started ....
02/17/2020 02:43:41 (678580): FeatureStatus of debug completed with status 1 (time 0).
02/17/2020 02:43:41 (475568-3716038144): FeatureStatus started ....
02/17/2020 02:43:41 (475568-3716038144): FeatureStatus of debug completed with status 1 (time 0).
02/17/2020 02:43:42 (475568-3716038144): Recheck started ....
02/17/2020 02:43:42 (475568-3716038144):   Checking feature 111
02/17/2020 02:43:42 (475568-3716038144):   Time spent in server Recheck was 0.
02/17/2020 02:43:42 (475568-3716038144): Re-check completed with status 0 (time 0).
02/17/2020 02:44:05 (475568-3716038144): Recheck started ....
02/17/2020 02:44:05 (475568-3716038144):   Actual recheck skipped due to recheck interval...
02/17/2020 02:44:05 (475568-3716038144): Re-check completed with status 0 (time 0).
02/17/2020 02:44:06 (475568-3716038144): Recheck started ....
02/17/2020 02:44:06 (475568-3716038144):   Actual recheck skipped due to recheck interval...
02/17/2020 02:44:06 (475568-3716038144): Re-check completed with status 0 (time 0).
02/17/2020 02:44:06 (378051): Exit started ....
02/17/2020 02:44:06 (378051): Exit completed with status 0 (time 0).
02/17/2020 02:44:07 (678580): Exit started ....
02/17/2020 02:44:07 (678580): Exit completed with status 0 (time 0).
02/17/2020 02:44:08 (475568-3716038144): Exit started ....
02/17/2020 02:44:08 (475568-3716038144): Creating a new job ...
02/17/2020 02:44:08 (475568-3716038144): Validating server path: 5821@tera.eng.hmc.edu:2222@theforce.eng.hmc.edu
02/17/2020 02:44:08 (475568-3716038144): Server path validation status: 0
02/17/2020 02:44:08 (475568-3716038144):   Configuration of license path is '5821@tera.eng.hmc.edu:2222@theforce.eng.hmc.edu'.
02/17/2020 02:44:08 (475568-3716038144):   Configuration of recheck interval minimum is 290.
02/17/2020 02:44:08 (475568-3716038144):   Configuration of 2000000000 maximum retry calls.
02/17/2020 02:44:08 (475568-3716038144):   Configuration of sleep time value of 0.
02/17/2020 02:44:08 (475568-3716038144):   Configuration of display specification is 'localhost:14.0'.
02/17/2020 02:44:08 (475568-3716038144):   Licenses will be checked out using jschallert@Tera.Eng.HMC.Edu(localhost:14.0).
02/17/2020 02:44:08 (475568-3716038144):   (System spec would have been jschallert@Tera.Eng.HMC.Edu(/dev/pts/12) )
02/17/2020 02:44:08 (475568-3716038144): Job creation completed with status 0 (time 0).
02/17/2020 02:44:08 (475568-3716038144): Check-in (Increment) of 111 completed with status 0 (time 0).
02/17/2020 02:44:08 (475568-3716038144): Exit completed with status 0 (time 0).
